Archive member included to satisfy reference by file (symbol)

c:/pico_sdk_v1.5.0/gcc-arm-none-eabi/bin/../lib/gcc/arm-none-eabi/10.3.1/../../../../arm-none-eabi/lib/thumb/v6-m/nofp\libstdc++.a(pure.o)
                              CMakeFiles/blinky_and_OLED.dir/display/framebuf.cpp.obj (__cxa_pure_virtual)
c:/pico_sdk_v1.5.0/gcc-arm-none-eabi/bin/../lib/gcc/arm-none-eabi/10.3.1/../../../../arm-none-eabi/lib/thumb/v6-m/nofp\libstdc++.a(eh_terminate.o)
                              c:/pico_sdk_v1.5.0/gcc-arm-none-eabi/bin/../lib/gcc/arm-none-eabi/10.3.1/../../../../arm-none-eabi/lib/thumb/v6-m/nofp\libstdc++.a(pure.o) (std::terminate())
c:/pico_sdk_v1.5.0/gcc-arm-none-eabi/bin/../lib/gcc/arm-none-eabi/10.3.1/../../../../arm-none-eabi/lib/thumb/v6-m/nofp\libstdc++.a(eh_unex_handler.o)
                              c:/pico_sdk_v1.5.0/gcc-arm-none-eabi/bin/../lib/gcc/arm-none-eabi/10.3.1/../../../../arm-none-eabi/lib/thumb/v6-m/nofp\libstdc++.a(eh_terminate.o) (__cxxabiv1::__unexpected_handler)
c:/pico_sdk_v1.5.0/gcc-arm-none-eabi/bin/../lib/gcc/arm-none-eabi/10.3.1/../../../../arm-none-eabi/lib/thumb/v6-m/nofp\libstdc++.a(vterminate.o)
                              c:/pico_sdk_v1.5.0/gcc-arm-none-eabi/bin/../lib/gcc/arm-none-eabi/10.3.1/../../../../arm-none-eabi/lib/thumb/v6-m/nofp\libstdc++.a(eh_terminate.o) (__gnu_cxx::__verbose_terminate_handler())
c:/pico_sdk_v1.5.0/gcc-arm-none-eabi/bin/../lib/gcc/arm-none-eabi/10.3.1/../../../../arm-none-eabi/lib/thumb/v6-m/nofp\libstdc++.a(cp-demangle.o)
                              c:/pico_sdk_v1.5.0/gcc-arm-none-eabi/bin/../lib/gcc/arm-none-eabi/10.3.1/../../../../arm-none-eabi/lib/thumb/v6-m/nofp\libstdc++.a(vterminate.o) (__cxa_demangle)
c:/pico_sdk_v1.5.0/gcc-arm-none-eabi/bin/../lib/gcc/arm-none-eabi/10.3.1/../../../../arm-none-eabi/lib/thumb/v6-m/nofp\libstdc++.a(eh_arm.o)
                              c:/pico_sdk_v1.5.0/gcc-arm-none-eabi/bin/../lib/gcc/arm-none-eabi/10.3.1/../../../../arm-none-eabi/lib/thumb/v6-m/nofp\libstdc++.a(eh_terminate.o) (__cxa_end_cleanup)
c:/pico_sdk_v1.5.0/gcc-arm-none-eabi/bin/../lib/gcc/arm-none-eabi/10.3.1/../../../../arm-none-eabi/lib/thumb/v6-m/nofp\libstdc++.a(eh_call.o)
                              c:/pico_sdk_v1.5.0/gcc-arm-none-eabi/bin/../lib/gcc/arm-none-eabi/10.3.1/../../../../arm-none-eabi/lib/thumb/v6-m/nofp\libstdc++.a(eh_terminate.o) (__cxa_call_unexpected)
c:/pico_sdk_v1.5.0/gcc-arm-none-eabi/bin/../lib/gcc/arm-none-eabi/10.3.1/../../../../arm-none-eabi/lib/thumb/v6-m/nofp\libstdc++.a(eh_catch.o)
                              c:/pico_sdk_v1.5.0/gcc-arm-none-eabi/bin/../lib/gcc/arm-none-eabi/10.3.1/../../../../arm-none-eabi/lib/thumb/v6-m/nofp\libstdc++.a(eh_terminate.o) (__cxa_begin_catch)
c:/pico_sdk_v1.5.0/gcc-arm-none-eabi/bin/../lib/gcc/arm-none-eabi/10.3.1/../../../../arm-none-eabi/lib/thumb/v6-m/nofp\libstdc++.a(eh_exception.o)
                              c:/pico_sdk_v1.5.0/gcc-arm-none-eabi/bin/../lib/gcc/arm-none-eabi/10.3.1/../../../../arm-none-eabi/lib/thumb/v6-m/nofp\libstdc++.a(eh_call.o) (std::bad_exception::~bad_exception())
c:/pico_sdk_v1.5.0/gcc-arm-none-eabi/bin/../lib/gcc/arm-none-eabi/10.3.1/../../../../arm-none-eabi/lib/thumb/v6-m/nofp\libstdc++.a(eh_globals.o)
                              c:/pico_sdk_v1.5.0/gcc-arm-none-eabi/bin/../lib/gcc/arm-none-eabi/10.3.1/../../../../arm-none-eabi/lib/thumb/v6-m/nofp\libstdc++.a(eh_call.o) (__cxa_get_globals_fast)
c:/pico_sdk_v1.5.0/gcc-arm-none-eabi/bin/../lib/gcc/arm-none-eabi/10.3.1/../../../../arm-none-eabi/lib/thumb/v6-m/nofp\libstdc++.a(eh_personality.o)
                              c:/pico_sdk_v1.5.0/gcc-arm-none-eabi/bin/../lib/gcc/arm-none-eabi/10.3.1/../../../../arm-none-eabi/lib/thumb/v6-m/nofp\libstdc++.a(eh_terminate.o) (__gxx_personality_v0)
c:/pico_sdk_v1.5.0/gcc-arm-none-eabi/bin/../lib/gcc/arm-none-eabi/10.3.1/../../../../arm-none-eabi/lib/thumb/v6-m/nofp\libstdc++.a(eh_term_handler.o)
                              c:/pico_sdk_v1.5.0/gcc-arm-none-eabi/bin/../lib/gcc/arm-none-eabi/10.3.1/../../../../arm-none-eabi/lib/thumb/v6-m/nofp\libstdc++.a(eh_terminate.o) (__cxxabiv1::__terminate_handler)
c:/pico_sdk_v1.5.0/gcc-arm-none-eabi/bin/../lib/gcc/arm-none-eabi/10.3.1/../../../../arm-none-eabi/lib/thumb/v6-m/nofp\libstdc++.a(eh_throw.o)
                              c:/pico_sdk_v1.5.0/gcc-arm-none-eabi/bin/../lib/gcc/arm-none-eabi/10.3.1/../../../../arm-none-eabi/lib/thumb/v6-m/nofp\libstdc++.a(eh_call.o) (__cxa_throw)
c:/pico_sdk_v1.5.0/gcc-arm-none-eabi/bin/../lib/gcc/arm-none-eabi/10.3.1/../../../../arm-none-eabi/lib/thumb/v6-m/nofp\libstdc++.a(eh_type.o)
                              c:/pico_sdk_v1.5.0/gcc-arm-none-eabi/bin/../lib/gcc/arm-none-eabi/10.3.1/../../../../arm-none-eabi/lib/thumb/v6-m/nofp\libstdc++.a(vterminate.o) (__cxa_current_exception_type)
c:/pico_sdk_v1.5.0/gcc-arm-none-eabi/bin/../lib/gcc/arm-none-eabi/10.3.1/../../../../arm-none-eabi/lib/thumb/v6-m/nofp\libstdc++.a(si_class_type_info.o)
[...]
Memory Configuration

Name             Origin             Length             Attributes
FLASH            0x10000000         0x00200000         xr
RAM              0x20000000         0x00040000         xrw
SCRATCH_X        0x20040000         0x00001000         xrw
SCRATCH_Y        0x20041000         0x00001000         xrw
*default*        0x00000000         0xffffffff

Linker script and memory map

LOAD c:/pico_sdk_v1.5.0/gcc-arm-none-eabi/bin/../lib/gcc/arm-none-eabi/10.3.1/thumb/v6-m/nofp/crti.o
LOAD c:/pico_sdk_v1.5.0/gcc-arm-none-eabi/bin/../lib/gcc/arm-none-eabi/10.3.1/thumb/v6-m/nofp/crtbegin.o
LOAD c:/pico_sdk_v1.5.0/gcc-arm-none-eabi/bin/../lib/gcc/arm-none-eabi/10.3.1/../../../../arm-none-eabi/lib/thumb/v6-m/nofp/crt0.o

.flash_begin    0x10000000        0x0
                0x10000000                __flash_binary_start = .

.boot2          0x10000000      0x100
                0x10000000                __boot2_start__ = .
 *(.boot2)
 .boot2         0x10000000      0x100 C:\Users\andig\AppData\Local\Temp\cce8jMh6.o
                0x10000100                __boot2_end__ = .
                0x00000001                ASSERT (((__boot2_end__ - __boot2_start__) == 0x100), ERROR: Pico second stage bootloader must be 256 bytes in size)

.text           0x10000100     0xe060
                0x10000100                __logical_binary_start = .
 *(.vectors)
 .vectors       0x10000100       0xd4 CMakeFiles/blinky_and_OLED.dir/C_/Pico_SDK_v1.5.0/pico-sdk/src/rp2_common/pico_standard_link/crt0.S.obj
                0x10000100                __VECTOR_TABLE
                0x10000100                __vectors
                0x100001c0                isr_invalid
                0x100001c0                __default_isrs_start
                0x100001c2                isr_nmi
                0x100001c4                isr_hardfault
                0x100001c6                isr_svcall
                0x100001c8                isr_pendsv
                0x100001ca                isr_systick
                0x100001cc                isr_irq23
                0x100001cc                isr_irq18
                0x100001cc                isr_irq11
                0x100001cc                isr_irq28
                0x100001cc                isr_irq19
                0x100001cc                isr_irq0
                0x100001cc                isr_irq6
                0x100001cc                isr_irq5
                0x100001cc                isr_irq12
                0x100001cc                isr_irq22
                0x100001cc                isr_irq31
                0x100001cc                isr_irq17
                0x100001cc                isr_irq27
                0x100001cc                isr_irq30
                0x100001cc                isr_irq2
                0x100001cc                isr_irq10
                0x100001cc                isr_irq8
                0x100001cc                isr_irq24
                0x100001cc                isr_irq1
                0x100001cc                isr_irq7
                0x100001cc                isr_irq21
                0x100001cc                isr_irq20
                0x100001cc                isr_irq15
                0x100001cc                isr_irq25
                0x100001cc                isr_irq13
                0x100001cc                __unhandled_user_irq
                0x100001cc                isr_irq4
                0x100001cc                isr_irq16
                0x100001cc                isr_irq29
                0x100001cc                isr_irq26
                0x100001cc                __default_isrs_end
                0x100001cc                isr_irq3
                0x100001cc                isr_irq14
                0x100001cc                isr_irq9
                0x100001d2                unhandled_user_irq_num_in_r0
 *(.binary_info_header)
 .binary_info_header
                0x100001d4       0x14 CMakeFiles/blinky_and_OLED.dir/C_/Pico_SDK_v1.5.0/pico-sdk/src/rp2_common/pico_standard_link/crt0.S.obj
                0x100001e8                __binary_info_header_end = .
 *(.reset)
 .reset         0x100001e8       0xa0 CMakeFiles/blinky_and_OLED.dir/C_/Pico_SDK_v1.5.0/pico-sdk/src/rp2_common/pico_standard_link/crt0.S.obj
                0x100001e8                _entry_point
 .reset         0x10000288       0x30 CMakeFiles/blinky_and_OLED.dir/C_/Pico_SDK_v1.5.0/pico-sdk/src/rp2_common/pico_standard_link/binary_info.c.obj
 *(.init)
 .init          0x100002b8        0x4 c:/pico_sdk_v1.5.0/gcc-arm-none-eabi/bin/../lib/gcc/arm-none-eabi/10.3.1/thumb/v6-m/nofp/crti.o
                0x100002b8                _init
 *(EXCLUDE_FILE(*libm.a: *libc.a:*lib_a-mem*.o *libgcc.a:) .text*)
 .text          0x100002bc       0x48 c:/pico_sdk_v1.5.0/gcc-arm-none-eabi/bin/../lib/gcc/arm-none-eabi/10.3.1/thumb/v6-m/nofp/crtbegin.o
 .text._Z14timer_callbackP15repeating_timer
                0x10000304       0x10 CMakeFiles/blinky_and_OLED.dir/main.cpp.obj
                0x10000304                timer_callback(repeating_timer*)
 .text._Z10create_ledj
                0x10000314       0x80 CMakeFiles/blinky_and_OLED.dir/main.cpp.obj
                0x10000314                create_led(unsigned int)
 .text._Z13adjust_brightji
                0x10000394       0x50 CMakeFiles/blinky_and_OLED.dir/main.cpp.obj
                0x10000394                adjust_bright(unsigned int, int)
 .text.main     0x100003e4      0x114 CMakeFiles/blinky_and_OLED.dir/main.cpp.obj
                0x100003e4                main
 .text._ZN8framebufC2Ett
                0x100004f8       0x10 CMakeFiles/blinky_and_OLED.dir/display/framebuf.cpp.obj
                0x100004f8                framebuf::framebuf(unsigned short, unsigned short)
                0x100004f8                framebuf::framebuf(unsigned short, unsigned short)
 .text._ZN8framebuf4textEPKcttm
                0x10000508       0xa0 CMakeFiles/blinky_and_OLED.dir/display/framebuf.cpp.obj
                0x10000508                framebuf::text(char const*, unsigned short, unsigned short, unsigned long)
 .text._ZN8framebuf4fillEm
                0x100005a8       0x1a CMakeFiles/blinky_and_OLED.dir/display/framebuf.cpp.obj
                0x100005a8                framebuf::fill(unsigned long)
 .text._ZN9mono_vlsb8setpixelEttm
                0x100005c2       0x2a CMakeFiles/blinky_and_OLED.dir/display/mono_vlsb.cpp.obj
                0x100005c2                mono_vlsb::setpixel(unsigned short, unsigned short, unsigned long)
 .text._ZNK9mono_vlsb8getpixelEtt
                0x100005ec       0x20 CMakeFiles/blinky_and_OLED.dir/display/mono_vlsb.cpp.obj
                0x100005ec                mono_vlsb::getpixel(unsigned short, unsigned short) const
 .text._ZN9mono_vlsb9fill_rectEttttm
                0x1000060c       0x78 CMakeFiles/blinky_and_OLED.dir/display/mono_vlsb.cpp.obj
                0x1000060c                mono_vlsb::fill_rect(unsigned short, unsigned short, unsigned short, unsigned short, unsigned long)
 .text._ZNSt16_Sp_counted_baseILN9__gnu_cxx12_Lock_policyE0EE10_M_destroyEv
                0x10000684        0xa CMakeFiles/blinky_and_OLED.dir/display/mono_vlsb.cpp.obj
                0x10000684                std::_Sp_counted_base<(__gnu_cxx::_Lock_policy)0>::_M_destroy()
 *fill*         0x1000068e        0x2 
 .text._ZNSt15_Sp_counted_ptrIPhLN9__gnu_cxx12_Lock_policyE0EED2Ev
                0x10000690       0x14 CMakeFiles/blinky_and_OLED.dir/display/mono_vlsb.cpp.obj
                0x10000690                std::_Sp_counted_ptr<unsigned char*, (__gnu_cxx::_Lock_policy)0>::~_Sp_counted_ptr()
                0x10000690                std::_Sp_counted_ptr<unsigned char*, (__gnu_cxx::_Lock_policy)0>::~_Sp_counted_ptr()
 .text._ZN9mono_vlsbD2Ev
                0x100006a4       0x44 CMakeFiles/blinky_and_OLED.dir/display/mono_vlsb.cpp.obj
                0x100006a4                mono_vlsb::~mono_vlsb()
                0x100006a4                mono_vlsb::~mono_vlsb()
 .text._ZNSt15_Sp_counted_ptrIPhLN9__gnu_cxx12_Lock_policyE0EE14_M_get_deleterERKSt9type_info
                0x100006e8        0x4 CMakeFiles/blinky_and_OLED.dir/display/mono_vlsb.cpp.obj
                0x100006e8                std::_Sp_counted_ptr<unsigned char*, (__gnu_cxx::_Lock_policy)0>::_M_get_deleter(std::type_info const&)
 .text._ZNSt15_Sp_counted_ptrIPhLN9__gnu_cxx12_Lock_policyE0EE10_M_disposeEv
                0x100006ec       0x10 CMakeFiles/blinky_and_OLED.dir/display/mono_vlsb.cpp.obj
                0x100006ec                std::_Sp_counted_ptr<unsigned char*, (__gnu_cxx::_Lock_policy)0>::_M_dispose()
 .text._ZNSt15_Sp_counted_ptrIPhLN9__gnu_cxx12_Lock_policyE0EED0Ev
                0x100006fc       0x20 CMakeFiles/blinky_and_OLED.dir/display/mono_vlsb.cpp.obj
                0x100006fc                std::_Sp_counted_ptr<unsigned char*, (__gnu_cxx::_Lock_policy)0>::~_Sp_counted_ptr()
 .text._ZNSt15_Sp_counted_ptrIPhLN9__gnu_cxx12_Lock_policyE0EE10_M_destroyEv
                0x1000071c       0x1c CMakeFiles/blinky_and_OLED.dir/display/mono_vlsb.cpp.obj
                0x1000071c                std::_Sp_counted_ptr<unsigned char*, (__gnu_cxx::_Lock_policy)0>::_M_destroy()
 .text._ZN9mono_vlsbD0Ev
                0x10000738       0x4c CMakeFiles/blinky_and_OLED.dir/display/mono_vlsb.cpp.obj
                0x10000738                mono_vlsb::~mono_vlsb()
 .text._ZN9mono_vlsbC2Etttt
                0x10000784       0x88 CMakeFiles/blinky_and_OLED.dir/display/mono_vlsb.cpp.obj
                0x10000784                mono_vlsb::mono_vlsb(unsigned short, unsigned short, unsigned short, unsigned short)
                0x10000784                mono_vlsb::mono_vlsb(unsigned short, unsigned short, unsigned short, unsigned short)
 .text._ZN7ssd1306D0Ev
                0x1000080c       0x54 CMakeFiles/blinky_and_OLED.dir/display/ssd1306.cpp.obj
                0x1000080c                ssd1306::~ssd1306()
 .text._ZN7ssd1306D2Ev
                0x10000860       0x4c CMakeFiles/blinky_and_OLED.dir/display/ssd1306.cpp.obj
                0x10000860                ssd1306::~ssd1306()
                0x10000860                ssd1306::~ssd1306()
 .text._ZN7ssd13068send_cmdEh
                0x100008ac       0x20 CMakeFiles/blinky_and_OLED.dir/display/ssd1306.cpp.obj
                0x100008ac                ssd1306::send_cmd(unsigned char)
 .text._ZN7ssd13064initEv
                0x100008cc       0x96 CMakeFiles/blinky_and_OLED.dir/display/ssd1306.cpp.obj
                0x100008cc                ssd1306::init()
 *fill*         0x10000962        0x2 
 .text._ZN7ssd1306C2EP8i2c_instttt
                0x10000964       0x38 CMakeFiles/blinky_and_OLED.dir/display/ssd1306.cpp.obj
                0x10000964                ssd1306::ssd1306(i2c_inst*, unsigned short, unsigned short, unsigned short)
                0x10000964                ssd1306::ssd1306(i2c_inst*, unsigned short, unsigned short, unsigned short)
 .text._ZN7ssd13064showEv
                0x1000099c       0x6c CMakeFiles/blinky_and_OLED.dir/display/ssd1306.cpp.obj
                0x1000099c                ssd1306::show()
 .text.gpio_set_function
                0x10000a08       0x30 CMakeFiles/blinky_and_OLED.dir/C_/Pico_SDK_v1.5.0/pico-sdk/src/rp2_common/hardware_gpio/gpio.c.obj
                0x10000a08                gpio_set_function
 .text.gpio_set_pulls
                0x10000a38       0x34 CMakeFiles/blinky_and_OLED.dir/C_/Pico_SDK_v1.5.0/pico-sdk/src/rp2_common/hardware_gpio/gpio.c.obj
                0x10000a38                gpio_set_pulls
 .text.running_on_fpga
                0x10000a6c       0x14 CMakeFiles/blinky_and_OLED.dir/C_/Pico_SDK_v1.5.0/pico-sdk/src/rp2_common/pico_platform/platform.c.obj
                0x10000a6c                running_on_fpga
 .text.hw_claim_lock
                0x10000a80       0x18 CMakeFiles/blinky_and_OLED.dir/C_/Pico_SDK_v1.5.0/pico-sdk/src/rp2_common/hardware_claim/claim.c.obj
                0x10000a80                hw_claim_lock
 .text.hw_claim_unlock
                0x10000a98       0x14 CMakeFiles/blinky_and_OLED.dir/C_/Pico_SDK_v1.5.0/pico-sdk/src/rp2_common/hardware_claim/claim.c.obj
                0x10000a98                hw_claim_unlock
 .text.hw_claim_or_assert
                0x10000aac       0x32 CMakeFiles/blinky_and_OLED.dir/C_/Pico_SDK_v1.5.0/pico-sdk/src/rp2_common/hardware_claim/claim.c.obj
                0x10000aac                hw_claim_or_assert
 *fill*         0x10000ade        0x2 
 .text.spin_locks_reset
                0x10000ae0       0x20 CMakeFiles/blinky_and_OLED.dir/C_/Pico_SDK_v1.5.0/pico-sdk/src/rp2_common/hardware_sync/sync.c.obj
                0x10000ae0                spin_locks_reset
 .text.next_striped_spin_lock_num
                0x10000b00       0x1c CMakeFiles/blinky_and_OLED.dir/C_/Pico_SDK_v1.5.0/pico-sdk/src/rp2_common/hardware_sync/sync.c.obj
                0x10000b00                next_striped_spin_lock_num
 .text.set_raw_irq_handler_and_unlock
                0x10000b1c       0x28 CMakeFiles/blinky_and_OLED.dir/C_/Pico_SDK_v1.5.0/pico-sdk/src/rp2_common/hardware_irq/irq.c.obj
 .text.make_branch
                0x10000b44       0x48 CMakeFiles/blinky_and_OLED.dir/C_/Pico_SDK_v1.5.0/pico-sdk/src/rp2_common/hardware_irq/irq.c.obj
 .text.insert_branch_and_link
                0x10000b8c       0x40 CMakeFiles/blinky_and_OLED.dir/C_/Pico_SDK_v1.5.0/pico-sdk/src/rp2_common/hardware_irq/irq.c.obj
 .text.irq_is_enabled
                0x10000bcc       0x18 CMakeFiles/blinky_and_OLED.dir/C_/Pico_SDK_v1.5.0/pico-sdk/src/rp2_common/hardware_irq/irq.c.obj
                0x10000bcc                irq_is_enabled
 .text.irq_set_mask_enabled
                0x10000be4       0x20 CMakeFiles/blinky_and_OLED.dir/C_/Pico_SDK_v1.5.0/pico-sdk/src/rp2_common/hardware_irq/irq.c.obj
                0x10000be4                irq_set_mask_enabled
 .text.irq_set_enabled
                0x10000c04        0xe CMakeFiles/blinky_and_OLED.dir/C_/Pico_SDK_v1.5.0/pico-sdk/src/rp2_common/hardware_irq/irq.c.obj
                0x10000c04                irq_set_enabled
 *fill*         0x10000c12        0x2 
 .text.irq_get_vtable_handler
                0x10000c14       0x10 CMakeFiles/blinky_and_OLED.dir/C_/Pico_SDK_v1.5.0/pico-sdk/src/rp2_common/hardware_irq/irq.c.obj
                0x10000c14                irq_get_vtable_handler
 .text.irq_set_exclusive_handler
                0x10000c24       0x54 CMakeFiles/blinky_and_OLED.dir/C_/Pico_SDK_v1.5.0/pico-sdk/src/rp2_common/hardware_irq/irq.c.obj
                0x10000c24                irq_set_exclusive_handler
 .text.irq_remove_handler
                0x10000c78      0x1ac CMakeFiles/blinky_and_OLED.dir/C_/Pico_SDK_v1.5.0/pico-sdk/src/rp2_common/hardware_irq/irq.c.obj
                0x10000c78                irq_remove_handler
 .text.irq_add_tail_to_free_list
                0x10000e24       0xf0 CMakeFiles/blinky_and_OLED.dir/C_/Pico_SDK_v1.5.0/pico-sdk/src/rp2_common/hardware_irq/irq.c.obj
                0x10000e24                irq_add_tail_to_free_list
 .text.irq_init_priorities
                0x10000f14       0x1c CMakeFiles/blinky_and_OLED.dir/C_/Pico_SDK_v1.5.0/pico-sdk/src/rp2_common/hardware_irq/irq.c.obj
                0x10000f14                irq_init_priorities
 .text.lock_init
                0x10000f30       0x10 CMakeFiles/blinky_and_OLED.dir/C_/Pico_SDK_v1.5.0/pico-sdk/src/common/pico_sync/lock_core.c.obj
                0x10000f30                lock_init
 .text.mutex_init
                0x10000f40       0x1a CMakeFiles/blinky_and_OLED.dir/C_/Pico_SDK_v1.5.0/pico-sdk/src/common/pico_sync/mutex.c.obj
                0x10000f40                mutex_init
 .text.recursive_mutex_init
                0x10000f5a       0x1e CMakeFiles/blinky_and_OLED.dir/C_/Pico_SDK_v1.5.0/pico-sdk/src/common/pico_sync/mutex.c.obj
                0x10000f5a                recursive_mutex_init
 .text.repeating_timer_callback
                0x10000f78       0x40 CMakeFiles/blinky_and_OLED.dir/C_/Pico_SDK_v1.5.0/pico-sdk/src/common/pico_time/time.c.obj
 .text.alarm_pool_post_alloc_init
                0x10000fb8       0x40 CMakeFiles/blinky_and_OLED.dir/C_/Pico_SDK_v1.5.0/pico-sdk/src/common/pico_time/time.c.obj
 .text.sleep_until_callback
                0x10000ff8       0x30 CMakeFiles/blinky_and_OLED.dir/C_/Pico_SDK_v1.5.0/pico-sdk/src/common/pico_time/time.c.obj
 .text.timer_pool_entry_comparator
                0x10001028       0x7c CMakeFiles/blinky_and_OLED.dir/C_/Pico_SDK_v1.5.0/pico-sdk/src/common/pico_time/time.c.obj
                0x10001028                timer_pool_entry_comparator
 .text.ph_add_child_node
                0x100010a4       0xa4 CMakeFiles/blinky_and_OLED.dir/C_/Pico_SDK_v1.5.0/pico-sdk/src/common/pico_time/time.c.obj
 .text.ph_merge_nodes
                0x10001148       0x3e CMakeFiles/blinky_and_OLED.dir/C_/Pico_SDK_v1.5.0/pico-sdk/src/common/pico_time/time.c.obj
 *fill*         0x10001186        0x2 
 .text.add_alarm_under_lock
                0x10001188      0x174 CMakeFiles/blinky_and_OLED.dir/C_/Pico_SDK_v1.5.0/pico-sdk/src/common/pico_time/time.c.obj
 .text.alarm_pool_alarm_callback
                0x100012fc      0x33c CMakeFiles/blinky_and_OLED.dir/C_/Pico_SDK_v1.5.0/pico-sdk/src/common/pico_time/time.c.obj
 .text.alarm_pool_init_default
                0x10001638       0x40 CMakeFiles/blinky_and_OLED.dir/C_/Pico_SDK_v1.5.0/pico-sdk/src/common/pico_time/time.c.obj
                0x10001638                alarm_pool_init_default
 .text.alarm_pool_get_default
                0x10001678       0x2c CMakeFiles/blinky_and_OLED.dir/C_/Pico_SDK_v1.5.0/pico-sdk/src/common/pico_time/time.c.obj
                0x10001678                alarm_pool_get_default
 .text.alarm_pool_add_alarm_at
                0x100016a4      0x168 CMakeFiles/blinky_and_OLED.dir/C_/Pico_SDK_v1.5.0/pico-sdk/src/common/pico_time/time.c.obj
                0x100016a4                alarm_pool_add_alarm_at
 .text.alarm_pool_cancel_alarm
                0x1000180c       0xf0 CMakeFiles/blinky_and_OLED.dir/C_/Pico_SDK_v1.5.0/pico-sdk/src/common/pico_time/time.c.obj
                0x1000180c                alarm_pool_cancel_alarm
 .text.alarm_pool_add_repeating_timer_us
                0x100018fc       0x98 CMakeFiles/blinky_and_OLED.dir/C_/Pico_SDK_v1.5.0/pico-sdk/src/common/pico_time/time.c.obj
                0x100018fc                alarm_pool_add_repeating_timer_us
 .text.best_effort_wfe_or_timeout
                0x10001994       0xac CMakeFiles/blinky_and_OLED.dir/C_/Pico_SDK_v1.5.0/pico-sdk/src/common/pico_time/time.c.obj
                0x10001994                best_effort_wfe_or_timeout
 .text.hardware_alarm_irq_handler
                0x10001a40       0x90 CMakeFiles/blinky_and_OLED.dir/C_/Pico_SDK_v1.5.0/pico-sdk/src/rp2_common/hardware_timer/timer.c.obj
 .text.hardware_alarm_claim
                0x10001ad0       0x18 CMakeFiles/blinky_and_OLED.dir/C_/Pico_SDK_v1.5.0/pico-sdk/src/rp2_common/hardware_timer/timer.c.obj
                0x10001ad0                hardware_alarm_claim
 .text.time_us_64
                0x10001ae8       0x18 CMakeFiles/blinky_and_OLED.dir/C_/Pico_SDK_v1.5.0/pico-sdk/src/rp2_common/hardware_timer/timer.c.obj
                0x10001ae8                time_us_64
 .text.busy_wait_until
                0x10001b00       0x28 CMakeFiles/blinky_and_OLED.dir/C_/Pico_SDK_v1.5.0/pico-sdk/src/rp2_common/hardware_timer/timer.c.obj
                0x10001b00                busy_wait_until
 .text.busy_wait_us
                0x10001b28       0x48 CMakeFiles/blinky_and_OLED.dir/C_/Pico_SDK_v1.5.0/pico-sdk/src/rp2_common/hardware_timer/timer.c.obj
                0x10001b28                busy_wait_us
 .text.hardware_alarm_set_callback
                0x10001b70       0x90 CMakeFiles/blinky_and_OLED.dir/C_/Pico_SDK_v1.5.0/pico-sdk/src/rp2_common/hardware_timer/timer.c.obj
                0x10001b70                hardware_alarm_set_callback
 .text.hardware_alarm_set_target
                0x10001c00       0xe8 CMakeFiles/blinky_and_OLED.dir/C_/Pico_SDK_v1.5.0/pico-sdk/src/rp2_common/hardware_timer/timer.c.obj
                0x10001c00                hardware_alarm_set_target
 .text.hardware_alarm_cancel
                0x10001ce8       0x40 CMakeFiles/blinky_and_OLED.dir/C_/Pico_SDK_v1.5.0/pico-sdk/src/rp2_common/hardware_timer/timer.c.obj
                0x10001ce8                hardware_alarm_cancel
 .text.ph_add_child_node
                0x10001d28       0xa4 CMakeFiles/blinky_and_OLED.dir/C_/Pico_SDK_v1.5.0/pico-sdk/src/common/pico_util/pheap.c.obj
 .text.ph_merge_nodes
                0x10001dcc       0x3e CMakeFiles/blinky_and_OLED.dir/C_/Pico_SDK_v1.5.0/pico-sdk/src/common/pico_util/pheap.c.obj
 *fill*         0x10001e0a        0x2 
 .text.ph_clear
                0x10001e0c       0x70 CMakeFiles/blinky_and_OLED.dir/C_/Pico_SDK_v1.5.0/pico-sdk/src/common/pico_util/pheap.c.obj
                0x10001e0c                ph_clear
 .text.ph_post_alloc_init
                0x10001e7c        0xe CMakeFiles/blinky_and_OLED.dir/C_/Pico_SDK_v1.5.0/pico-sdk/src/common/pico_util/pheap.c.obj
                0x10001e7c                ph_post_alloc_init
 *fill*         0x10001e8a        0x2 
 .text.ph_merge_two_pass
                0x10001e8c       0xa8 CMakeFiles/blinky_and_OLED.dir/C_/Pico_SDK_v1.5.0/pico-sdk/src/common/pico_util/pheap.c.obj
                0x10001e8c                ph_merge_two_pass
 .text.ph_remove_any_head
                0x10001f34      0x128 CMakeFiles/blinky_and_OLED.dir/C_/Pico_SDK_v1.5.0/pico-sdk/src/common/pico_util/pheap.c.obj
 .text.ph_remove_head
                0x1000205c       0x14 CMakeFiles/blinky_and_OLED.dir/C_/Pico_SDK_v1.5.0/pico-sdk/src/common/pico_util/pheap.c.obj
                0x1000205c                ph_remove_head
 .text.ph_remove_and_free_node
                0x10002070       0xf8 CMakeFiles/blinky_and_OLED.dir/C_/Pico_SDK_v1.5.0/pico-sdk/src/common/pico_util/pheap.c.obj
                0x10002070                ph_remove_and_free_node
 .text.uart_set_baudrate
                0x10002168       0x5c CMakeFiles/blinky_and_OLED.dir/C_/Pico_SDK_v1.5.0/pico-sdk/src/rp2_common/hardware_uart/uart.c.obj
                0x10002168                uart_set_baudrate
 .text.uart_set_translate_crlf
                0x100021c4       0x28 CMakeFiles/blinky_and_OLED.dir/C_/Pico_SDK_v1.5.0/pico-sdk/src/rp2_common/hardware_uart/uart.c.obj
                0x100021c4                uart_set_translate_crlf
 .text.uart_init
                0x100021ec       0x80 CMakeFiles/blinky_and_OLED.dir/C_/Pico_SDK_v1.5.0/pico-sdk/src/rp2_common/hardware_uart/uart.c.obj
                0x100021ec                uart_init
 .text.clock_configure
                0x1000226c      0x104 CMakeFiles/blinky_and_OLED.dir/C_/Pico_SDK_v1.5.0/pico-sdk/src/rp2_common/hardware_clocks/clocks.c.obj
                0x1000226c                clock_configure
 .text.clocks_init
                0x10002370      0x100 CMakeFiles/blinky_and_OLED.dir/C_/Pico_SDK_v1.5.0/pico-sdk/src/rp2_common/hardware_clocks/clocks.c.obj
                0x10002370                clocks_init
 .text.clock_get_hz
                0x10002470        0xc CMakeFiles/blinky_and_OLED.dir/C_/Pico_SDK_v1.5.0/pico-sdk/src/rp2_common/hardware_clocks/clocks.c.obj
                0x10002470                clock_get_hz
 .text.pll_init
                0x1000247c      0x12c CMakeFiles/blinky_and_OLED.dir/C_/Pico_SDK_v1.5.0/pico-sdk/src/rp2_common/hardware_pll/pll.c.obj
                0x1000247c                pll_init
 .text.watchdog_start_tick
                0x100025a8       0x10 CMakeFiles/blinky_and_OLED.dir/C_/Pico_SDK_v1.5.0/pico-sdk/src/rp2_common/hardware_watchdog/watchdog.c.obj
                0x100025a8                watchdog_start_tick
 .text.xosc_init
                0x100025b8       0x28 CMakeFiles/blinky_and_OLED.dir/C_/Pico_SDK_v1.5.0/pico-sdk/src/rp2_common/hardware_xosc/xosc.c.obj
                0x100025b8                xosc_init
 .text._exit    0x100025e0        0x4 CMakeFiles/blinky_and_OLED.dir/C_/Pico_SDK_v1.5.0/pico-sdk/src/rp2_common/pico_runtime/runtime.c.obj
                0x100025e0                _exit
 .text._sbrk    0x100025e4       0x38 CMakeFiles/blinky_and_OLED.dir/C_/Pico_SDK_v1.5.0/pico-sdk/src/rp2_common/pico_runtime/runtime.c.obj
                0x100025e4                _sbrk
 .text._getpid  0x1000261c        0x4 CMakeFiles/blinky_and_OLED.dir/C_/Pico_SDK_v1.5.0/pico-sdk/src/rp2_common/pico_runtime/runtime.c.obj
                0x1000261c                _getpid
 .text._kill    0x10002620        0x6 CMakeFiles/blinky_and_OLED.dir/C_/Pico_SDK_v1.5.0/pico-sdk/src/rp2_common/pico_runtime/runtime.c.obj
                0x10002620                _kill
 .text.exit     0x10002626        0x6 CMakeFiles/blinky_and_OLED.dir/C_/Pico_SDK_v1.5.0/pico-sdk/src/rp2_common/pico_runtime/runtime.c.obj
                0x10002626                exit
 .text.__assert_func
                0x1000262c       0x3c CMakeFiles/blinky_and_OLED.dir/C_/Pico_SDK_v1.5.0/pico-sdk/src/rp2_common/pico_runtime/runtime.c.obj
                0x1000262c                __assert_func
 .text.runtime_init
                0x10002668       0xf8 CMakeFiles/blinky_and_OLED.dir/C_/Pico_SDK_v1.5.0/pico-sdk/src/rp2_common/pico_runtime/runtime.c.obj
                0x10002668                runtime_init
 .text.panic    0x10002760       0x30 CMakeFiles/blinky_and_OLED.dir/C_/Pico_SDK_v1.5.0/pico-sdk/src/rp2_common/pico_runtime/runtime.c.obj
                0x10002760                panic
 .text._out_buffer
                0x10002790        0x8 CMakeFiles/blinky_and_OLED.dir/C_/Pico_SDK_v1.5.0/pico-sdk/src/rp2_common/pico_printf/printf.c.obj
 .text._out_null
                0x10002798        0x2 CMakeFiles/blinky_and_OLED.dir/C_/Pico_SDK_v1.5.0/pico-sdk/src/rp2_common/pico_printf/printf.c.obj
 .text._out_fct
                0x1000279a        0xe CMakeFiles/blinky_and_OLED.dir/C_/Pico_SDK_v1.5.0/pico-sdk/src/rp2_common/pico_printf/printf.c.obj
 .text._atoi    0x100027a8       0x24 CMakeFiles/blinky_and_OLED.dir/C_/Pico_SDK_v1.5.0/pico-sdk/src/rp2_common/pico_printf/printf.c.obj
 .text._out_rev
                0x100027cc       0xae CMakeFiles/blinky_and_OLED.dir/C_/Pico_SDK_v1.5.0/pico-sdk/src/rp2_common/pico_printf/printf.c.obj
 .text._ntoa_format
                0x1000287a      0x112 CMakeFiles/blinky_and_OLED.dir/C_/Pico_SDK_v1.5.0/pico-sdk/src/rp2_common/pico_printf/printf.c.obj
 .text._ntoa_long
                0x1000298c       0xbc CMakeFiles/blinky_and_OLED.dir/C_/Pico_SDK_v1.5.0/pico-sdk/src/rp2_common/pico_printf/printf.c.obj
 .text._ntoa_long_long
                0x10002a48       0xe2 CMakeFiles/blinky_and_OLED.dir/C_/Pico_SDK_v1.5.0/pico-sdk/src/rp2_common/pico_printf/printf.c.obj
 *fill*         0x10002b2a        0x2 
 .text._etoa    0x10002b2c      0x414 CMakeFiles/blinky_and_OLED.dir/C_/Pico_SDK_v1.5.0/pico-sdk/src/rp2_common/pico_printf/printf.c.obj
 .text._ftoa    0x10002f40      0x354 CMakeFiles/blinky_and_OLED.dir/C_/Pico_SDK_v1.5.0/pico-sdk/src/rp2_common/pico_printf/printf.c.obj
 .text._vsnprintf
                0x10003294      0x624 CMakeFiles/blinky_and_OLED.dir/C_/Pico_SDK_v1.5.0/pico-sdk/src/rp2_common/pico_printf/printf.c.obj
 .text.__wrap_sprintf
                0x100038b8       0x28 CMakeFiles/blinky_and_OLED.dir/C_/Pico_SDK_v1.5.0/pico-sdk/src/rp2_common/pico_printf/printf.c.obj
                0x100038b8                __wrap_sprintf
 .text.vfctprintf
                0x100038e0       0x20 CMakeFiles/blinky_and_OLED.dir/C_/Pico_SDK_v1.5.0/pico-sdk/src/rp2_common/pico_printf/printf.c.obj
                0x100038e0                vfctprintf
 .text          0x10003900       0x10 CMakeFiles/blinky_and_OLED.dir/C_/Pico_SDK_v1.5.0/pico-sdk/src/rp2_common/pico_bit_ops/bit_ops_aeabi.S.obj
 .text.rom_func_lookup
                0x10003910       0x10 CMakeFiles/blinky_and_OLED.dir/C_/Pico_SDK_v1.5.0/pico-sdk/src/rp2_common/pico_bootrom/bootrom.c.obj
                0x10003910                rom_func_lookup
 .text.rom_data_lookup
                0x10003920       0x10 CMakeFiles/blinky_and_OLED.dir/C_/Pico_SDK_v1.5.0/pico-sdk/src/rp2_common/pico_bootrom/bootrom.c.obj
                0x10003920                rom_data_lookup
 .text.rom_funcs_lookup
                0x10003930       0x36 CMakeFiles/blinky_and_OLED.dir/C_/Pico_SDK_v1.5.0/pico-sdk/src/rp2_common/pico_bootrom/bootrom.c.obj
                0x10003930                rom_funcs_lookup
 *fill*         0x10003966        0x2 
 .text.__wrap___aeabi_idiv
                0x10003968       0x50 CMakeFiles/blinky_and_OLED.dir/C_/Pico_SDK_v1.5.0/pico-sdk/src/rp2_common/pico_divider/divider.S.obj
                0x10003968                __wrap___aeabi_idivmod
                0x10003968                divmod_s32s32
                0x10003968                div_s32s32
                0x10003968                __wrap___aeabi_idiv
                0x10003970                divmod_s32s32_unsafe
                0x1000399c                divmod_s32s32_savestate
 .text.__wrap___aeabi_uidiv
                0x100039b8       0x4c CMakeFiles/blinky_and_OLED.dir/C_/Pico_SDK_v1.5.0/pico-sdk/src/rp2_common/pico_divider/divider.S.obj
                0x100039b8                __wrap___aeabi_uidiv
                0x100039b8                __wrap___aeabi_uidivmod
                0x100039b8                div_u32u32
                0x100039b8                divmod_u32u32
                0x100039c0                divmod_u32u32_unsafe
                0x100039e8                divmod_u32u32_savestate
 .text.__wrap___aeabi_ldiv
                0x10003a04      0x424 CMakeFiles/blinky_and_OLED.dir/C_/Pico_SDK_v1.5.0/pico-sdk/src/rp2_common/pico_divider/divider.S.obj
                0x10003a04                div_s64s64
                0x10003a04                divmod_s64s64
                0x10003a04                __wrap___aeabi_ldivmod
                0x10003a34                divmod_u64u64
                0x10003a34                div_u64u64
                0x10003a34                __wrap___aeabi_uldivmod
                0x10003a44                divmod_u64u64_savestate
                0x10003a64                divmod_s64s64_unsafe
                0x10003aec                divmod_u64u64_unsafe
 .text.__wrap___aeabi_darithmetic
                0x10003e28       0x60 CMakeFiles/blinky_and_OLED.dir/C_/Pico_SDK_v1.5.0/pico-sdk/src/rp2_common/pico_double/double_aeabi.S.obj
                0x10003e28                __wrap___aeabi_drsub
                0x10003e2e                __wrap___aeabi_dsub
                0x10003e38                __wrap___aeabi_dadd
                0x10003e42                __wrap___aeabi_ddiv
                0x10003e76                __wrap___aeabi_dmul
 .text.__wrap___aeabi_cdcmple
                0x10003e88       0x6c CMakeFiles/blinky_and_OLED.dir/C_/Pico_SDK_v1.5.0/pico-sdk/src/rp2_common/pico_double/double_aeabi.S.obj
                0x10003e88                __wrap___aeabi_cdrcmple
                0x10003e98                __wrap___aeabi_cdcmpeq
                0x10003e98                __wrap___aeabi_cdcmple
 .text.__wrap___aeabi_dcmplt
                0x10003ef4        0xc CMakeFiles/blinky_and_OLED.dir/C_/Pico_SDK_v1.5.0/pico-sdk/src/rp2_common/pico_double/double_aeabi.S.obj
                0x10003ef4                __wrap___aeabi_dcmplt
 .text.__wrap___aeabi_dcmple
                0x10003f00       0x10 CMakeFiles/blinky_and_OLED.dir/C_/Pico_SDK_v1.5.0/pico-sdk/src/rp2_common/pico_double/double_aeabi.S.obj
                0x10003f00                __wrap___aeabi_dcmple
 .text.__wrap___aeabi_dcmpge
                0x10003f10       0x10 CMakeFiles/blinky_and_OLED.dir/C_/Pico_SDK_v1.5.0/pico-sdk/src/rp2_common/pico_double/double_aeabi.S.obj
                0x10003f10                __wrap___aeabi_dcmpge
 .text.__wrap___aeabi_dcmpgt
                0x10003f20        0xa CMakeFiles/blinky_and_OLED.dir/C_/Pico_SDK_v1.5.0/pico-sdk/src/rp2_common/pico_double/double_aeabi.S.obj
                0x10003f20                __wrap___aeabi_dcmpgt
 .text.__wrap___aeabi_dcmpun
                0x10003f2a       0x1c CMakeFiles/blinky_and_OLED.dir/C_/Pico_SDK_v1.5.0/pico-sdk/src/rp2_common/pico_double/double_aeabi.S.obj
                0x10003f2a                __wrap___aeabi_dcmpun
 *fill*         0x10003f46        0x2 
 .text.__wrap___aeabi_i2d
                0x10003f48       0x38 CMakeFiles/blinky_and_OLED.dir/C_/Pico_SDK_v1.5.0/pico-sdk/src/rp2_common/pico_double/double_aeabi.S.obj
                0x10003f48                __wrap___aeabi_ui2d
                0x10003f50                __wrap___aeabi_i2d
 .text.__wrap___aeabi_d2iz
                0x10003f80       0x48 CMakeFiles/blinky_and_OLED.dir/C_/Pico_SDK_v1.5.0/pico-sdk/src/rp2_common/pico_double/double_aeabi.S.obj
                0x10003f80                double2int_z
                0x10003f80                __wrap___aeabi_d2iz
 .text.__wrap___aeabi_d2uiz
                0x10003fc8       0x10 CMakeFiles/blinky_and_OLED.dir/C_/Pico_SDK_v1.5.0/pico-sdk/src/rp2_common/pico_double/double_aeabi.S.obj
                0x10003fc8                __wrap___aeabi_d2uiz
                0x10003fc8                double2uint
 .text.missing_double_func_shim
                0x10003fd8        0xc CMakeFiles/blinky_and_OLED.dir/C_/Pico_SDK_v1.5.0/pico-sdk/src/rp2_common/pico_double/double_init_rom.c.obj
 .text.__aeabi_double_init
                0x10003fe4       0xcc CMakeFiles/blinky_and_OLED.dir/C_/Pico_SDK_v1.5.0/pico-sdk/src/rp2_common/pico_double/double_init_rom.c.obj
                0x10003fe4                __aeabi_double_init
 .text.double_table_shim_on_use_helper
                0x100040b0       0x34 CMakeFiles/blinky_and_OLED.dir/C_/Pico_SDK_v1.5.0/pico-sdk/src/rp2_common/pico_double/double_v1_rom_shim.S.obj
                0x100040b0                double_table_shim_on_use_helper
 .text.missing_float_func_shim
                0x100040e4        0xc CMakeFiles/blinky_and_OLED.dir/C_/Pico_SDK_v1.5.0/pico-sdk/src/rp2_common/pico_float/float_init_rom.c.obj
 .text.__aeabi_float_init
                0x100040f0       0x88 CMakeFiles/blinky_and_OLED.dir/C_/Pico_SDK_v1.5.0/pico-sdk/src/rp2_common/pico_float/float_init_rom.c.obj
                0x100040f0                __aeabi_float_init
 .text.__wrap_malloc
                0x10004178       0x24 CMakeFiles/blinky_and_OLED.dir/C_/Pico_SDK_v1.5.0/pico-sdk/src/rp2_common/pico_malloc/pico_malloc.c.obj
                0x10004178                __wrap_malloc
 .text.__wrap_realloc
                0x1000419c       0x24 CMakeFiles/blinky_and_OLED.dir/C_/Pico_SDK_v1.5.0/pico-sdk/src/rp2_common/pico_malloc/pico_malloc.c.obj
                0x1000419c                __wrap_realloc
 .text.__wrap_free
                0x100041c0        0x8 CMakeFiles/blinky_and_OLED.dir/C_/Pico_SDK_v1.5.0/pico-sdk/src/rp2_common/pico_malloc/pico_malloc.c.obj
                0x100041c0                __wrap_free
 .text          0x100041c8       0x10 CMakeFiles/blinky_and_OLED.dir/C_/Pico_SDK_v1.5.0/pico-sdk/src/rp2_common/pico_mem_ops/mem_ops_aeabi.S.obj
                0x100041c8                __aeabi_mem_init
 .text.memset   0x100041d8        0xc CMakeFiles/blinky_and_OLED.dir/C_/Pico_SDK_v1.5.0/pico-sdk/src/rp2_common/pico_mem_ops/mem_ops_aeabi.S.obj
                0x100041d8                __wrap_memset
 .text.memcpy   0x100041e4        0xc CMakeFiles/blinky_and_OLED.dir/C_/Pico_SDK_v1.5.0/pico-sdk/src/rp2_common/pico_mem_ops/mem_ops_aeabi.S.obj
                0x100041e4                __wrap_memcpy
                0x100041e4                __wrap___aeabi_memcpy
 .text._Znwj    0x100041f0        0x8 CMakeFiles/blinky_and_OLED.dir/C_/Pico_SDK_v1.5.0/pico-sdk/src/rp2_common/pico_standard_link/new_delete.cpp.obj
                0x100041f0                operator new(unsigned int)
 .text._Znaj    0x100041f8        0x8 CMakeFiles/blinky_and_OLED.dir/C_/Pico_SDK_v1.5.0/pico-sdk/src/rp2_common/pico_standard_link/new_delete.cpp.obj
                0x100041f8                operator new[](unsigned int)
 .text._ZdlPvj  0x10004200        0x8 CMakeFiles/blinky_and_OLED.dir/C_/Pico_SDK_v1.5.0/pico-sdk/src/rp2_common/pico_standard_link/new_delete.cpp.obj
                0x10004200                operator delete(void*, unsigned int)
 .text.stdio_out_chars_no_crlf
                0x10004208        0xe CMakeFiles/blinky_and_OLED.dir/C_/Pico_SDK_v1.5.0/pico-sdk/src/rp2_common/pico_stdio/stdio.c.obj
 *fill*         0x10004216        0x2 
 .text.stdio_out_chars_crlf
                0x10004218       0x80 CMakeFiles/blinky_and_OLED.dir/C_/Pico_SDK_v1.5.0/pico-sdk/src/rp2_common/pico_stdio/stdio.c.obj
 .text.stdio_stack_buffer_flush
                0x10004298       0x44 CMakeFiles/blinky_and_OLED.dir/C_/Pico_SDK_v1.5.0/pico-sdk/src/rp2_common/pico_stdio/stdio.c.obj
 .text.stdio_buffered_printer
                0x100042dc       0x20 CMakeFiles/blinky_and_OLED.dir/C_/Pico_SDK_v1.5.0/pico-sdk/src/rp2_common/pico_stdio/stdio.c.obj
 .text.stdio_get_until
                0x100042fc       0x80 CMakeFiles/blinky_and_OLED.dir/C_/Pico_SDK_v1.5.0/pico-sdk/src/rp2_common/pico_stdio/stdio.c.obj
 .text.stdout_serialize_begin
                0x1000437c       0x5c CMakeFiles/blinky_and_OLED.dir/C_/Pico_SDK_v1.5.0/pico-sdk/src/rp2_common/pico_stdio/stdio.c.obj
                0x1000437c                stdout_serialize_begin
 .text.stdout_serialize_end
                0x100043d8       0x10 CMakeFiles/blinky_and_OLED.dir/C_/Pico_SDK_v1.5.0/pico-sdk/src/rp2_common/pico_stdio/stdio.c.obj
                0x100043d8                stdout_serialize_end
 .text.stdio_put_string
                0x100043e8       0x98 CMakeFiles/blinky_and_OLED.dir/C_/Pico_SDK_v1.5.0/pico-sdk/src/rp2_common/pico_stdio/stdio.c.obj
 .text._read    0x10004480       0x24 CMakeFiles/blinky_and_OLED.dir/C_/Pico_SDK_v1.5.0/pico-sdk/src/rp2_common/pico_stdio/stdio.c.obj
                0x10004480                _read
 .text._write   0x100044a4       0x22 CMakeFiles/blinky_and_OLED.dir/C_/Pico_SDK_v1.5.0/pico-sdk/src/rp2_common/pico_stdio/stdio.c.obj
                0x100044a4                _write
 .text._close   0x100044c6        0x6 CMakeFiles/blinky_and_OLED.dir/C_/Pico_SDK_v1.5.0/pico-sdk/src/rp2_common/pico_stdio/stdio.c.obj
                0x100044c6                _close
 .text._lseek   0x100044cc        0x6 CMakeFiles/blinky_and_OLED.dir/C_/Pico_SDK_v1.5.0/pico-sdk/src/rp2_common/pico_stdio/stdio.c.obj
                0x100044cc                _lseek
 .text._fstat   0x100044d2        0x6 CMakeFiles/blinky_and_OLED.dir/C_/Pico_SDK_v1.5.0/pico-sdk/src/rp2_common/pico_stdio/stdio.c.obj
                0x100044d2                _fstat
 .text._isatty  0x100044d8        0xc CMakeFiles/blinky_and_OLED.dir/C_/Pico_SDK_v1.5.0/pico-sdk/src/rp2_common/pico_stdio/stdio.c.obj
                0x100044d8                _isatty
 .text.stdio_set_driver_enabled
                0x100044e4       0x2c CMakeFiles/blinky_and_OLED.dir/C_/Pico_SDK_v1.5.0/pico-sdk/src/rp2_common/pico_stdio/stdio.c.obj
                0x100044e4                stdio_set_driver_enabled
 .text.stdio_flush
                0x10004510       0x20 CMakeFiles/blinky_and_OLED.dir/C_/Pico_SDK_v1.5.0/pico-sdk/src/rp2_common/pico_stdio/stdio.c.obj
                0x10004510                stdio_flush
 .text.__wrap_puts
                0x10004530       0x1e CMakeFiles/blinky_and_OLED.dir/C_/Pico_SDK_v1.5.0/pico-sdk/src/rp2_common/pico_stdio/stdio.c.obj
                0x10004530                __wrap_puts
 *fill*         0x1000454e        0x2 
 .text.__wrap_vprintf
                0x10004550       0x40 CMakeFiles/blinky_and_OLED.dir/C_/Pico_SDK_v1.5.0/pico-sdk/src/rp2_common/pico_stdio/stdio.c.obj
                0x10004550                __wrap_vprintf
 .text.__wrap_printf
                0x10004590       0x18 CMakeFiles/blinky_and_OLED.dir/C_/Pico_SDK_v1.5.0/pico-sdk/src/rp2_common/pico_stdio/stdio.c.obj
                0x10004590                __wrap_printf
 .text.stdio_init_all
                0x100045a8        0xa CMakeFiles/blinky_and_OLED.dir/C_/Pico_SDK_v1.5.0/pico-sdk/src/rp2_common/pico_stdio/stdio.c.obj
                0x100045a8                stdio_init_all
 *fill*         0x100045b2        0x2 
 .text.stdio_uart_out_chars
                0x100045b4       0x74 CMakeFiles/blinky_and_OLED.dir/C_/Pico_SDK_v1.5.0/pico-sdk/src/rp2_common/pico_stdio_uart/stdio_uart.c.obj
 .text.stdio_uart_in_chars
                0x10004628       0x80 CMakeFiles/blinky_and_OLED.dir/C_/Pico_SDK_v1.5.0/pico-sdk/src/rp2_common/pico_stdio_uart/stdio_uart.c.obj
                0x10004628                stdio_uart_in_chars
 .text.on_uart_rx
                0x100046a8       0x28 CMakeFiles/blinky_and_OLED.dir/C_/Pico_SDK_v1.5.0/pico-sdk/src/rp2_common/pico_stdio_uart/stdio_uart.c.obj
 .text.stdio_uart_set_chars_available_callback
                0x100046d0       0x8c CMakeFiles/blinky_and_OLED.dir/C_/Pico_SDK_v1.5.0/pico-sdk/src/rp2_common/pico_stdio_uart/stdio_uart.c.obj
 .text.stdio_uart_init_full
                0x1000475c       0x44 CMakeFiles/blinky_and_OLED.dir/C_/Pico_SDK_v1.5.0/pico-sdk/src/rp2_common/pico_stdio_uart/stdio_uart.c.obj
                0x1000475c                stdio_uart_init_full
 .text.stdio_uart_init
                0x100047a0       0x28 CMakeFiles/blinky_and_OLED.dir/C_/Pico_SDK_v1.5.0/pico-sdk/src/rp2_common/pico_stdio_uart/stdio_uart.c.obj
                0x100047a0                stdio_uart_init
 .text.i2c_write_blocking_internal
                0x100047c8      0x140 CMakeFiles/blinky_and_OLED.dir/C_/Pico_SDK_v1.5.0/pico-sdk/src/rp2_common/hardware_i2c/i2c.c.obj
 .text.i2c_set_baudrate
                0x10004908       0xf0 CMakeFiles/blinky_and_OLED.dir/C_/Pico_SDK_v1.5.0/pico-sdk/src/rp2_common/hardware_i2c/i2c.c.obj
                0x10004908                i2c_set_baudrate
 .text.i2c_init
                0x100049f8       0x58 CMakeFiles/blinky_and_OLED.dir/C_/Pico_SDK_v1.5.0/pico-sdk/src/rp2_common/hardware_i2c/i2c.c.obj
                0x100049f8                i2c_init
 .text.i2c_write_blocking
                0x10004a50       0x18 CMakeFiles/blinky_and_OLED.dir/C_/Pico_SDK_v1.5.0/pico-sdk/src/rp2_common/hardware_i2c/i2c.c.obj
                0x10004a50                i2c_write_blocking
 .text.__cxa_pure_virtual
                0x10004a68       0x14 c:/pico_sdk_v1.5.0/gcc-arm-none-eabi/bin/../lib/gcc/arm-none-eabi/10.3.1/../../../../arm-none-eabi/lib/thumb/v6-m/nofp\libstdc++.a(pure.o)
                0x10004a68                __cxa_pure_virtual
 .text._ZN10__cxxabiv111__terminateEPFvvE
                0x10004a7c       0x28 c:/pico_sdk_v1.5.0/gcc-arm-none-eabi/bin/../lib/gcc/arm-none-eabi/10.3.1/../../../../arm-none-eabi/lib/thumb/v6-m/nofp\libstdc++.a(eh_terminate.o)
                0x10004a7c                __cxxabiv1::__terminate(void (*)())
 .text._ZSt9terminatev
                0x10004aa4       0x10 c:/pico_sdk_v1.5.0/gcc-arm-none-eabi/bin/../lib/gcc/arm-none-eabi/10.3.1/../../../../arm-none-eabi/lib/thumb/v6-m/nofp\libstdc++.a(eh_terminate.o)
                0x10004aa4                std::terminate()
 .text._ZN10__cxxabiv112__unexpectedEPFvvE
                0x10004ab4        0x8 c:/pico_sdk_v1.5.0/gcc-arm-none-eabi/bin/../lib/gcc/arm-none-eabi/10.3.1/../../../../arm-none-eabi/lib/thumb/v6-m/nofp\libstdc++.a(eh_terminate.o)
                0x10004ab4                __cxxabiv1::__unexpected(void (*)())
 .text._ZSt10unexpectedv
                0x10004abc       0x10 c:/pico_sdk_v1.5.0/gcc-arm-none-eabi/bin/../lib/gcc/arm-none-eabi/10.3.1/../../../../arm-none-eabi/lib/thumb/v6-m/nofp\libstdc++.a(eh_terminate.o)
                0x10004abc                std::unexpected()
 .text._ZSt13get_terminatev
                0x10004acc        0xc c:/pico_sdk_v1.5.0/gcc-arm-none-eabi/bin/../lib/gcc/arm-none-eabi/10.3.1/../../../../arm-none-eabi/lib/thumb/v6-m/nofp\libstdc++.a(eh_terminate.o)
                0x10004acc                std::get_terminate()
 .text._ZSt14get_unexpectedv
                0x10004ad8        0xc c:/pico_sdk_v1.5.0/gcc-arm-none-eabi/bin/../lib/gcc/arm-none-eabi/10.3.1/../../../../arm-none-eabi/lib/thumb/v6-m/nofp\libstdc++.a(eh_terminate.o)
                0x10004ad8                std::get_unexpected()
 .text._ZN9__gnu_cxx27__verbose_terminate_handlerEv
                0x10004ae4      0x114 c:/pico_sdk_v1.5.0/gcc-arm-none-eabi/bin/../lib/gcc/arm-none-eabi/10.3.1/../../../../arm-none-eabi/lib/thumb/v6-m/nofp\libstdc++.a(vterminate.o)
                0x10004ae4                __gnu_cxx::__verbose_terminate_handler()
 .text          0x10004bf8     0x67e4 c:/pico_sdk_v1.5.0/gcc-arm-none-eabi/bin/../lib/gcc/arm-none-eabi/10.3.1/../../../../arm-none-eabi/lib/thumb/v6-m/nofp\libstdc++.a(cp-demangle.o)
                0x1000b2e8                __cxa_demangle
                0x1000b3bc                __gcclibcxx_demangle_callback
 .text.__cxa_end_cleanup
                0x1000b3dc        0xc c:/pico_sdk_v1.5.0/gcc-arm-none-eabi/bin/../lib/gcc/arm-none-eabi/10.3.1/../../../../arm-none-eabi/lib/thumb/v6-m/nofp\libstdc++.a(eh_arm.o)
                0x1000b3dc                __cxa_end_cleanup
 .text.__cxa_type_match
                0x1000b3e8       0xc0 c:/pico_sdk_v1.5.0/gcc-arm-none-eabi/bin/../lib/gcc/arm-none-eabi/10.3.1/../../../../arm-none-eabi/lib/thumb/v6-m/nofp\libstdc++.a(eh_arm.o)
                0x1000b3e8                __cxa_type_match
 .text.__cxa_begin_cleanup
                0x1000b4a8       0x60 c:/pico_sdk_v1.5.0/gcc-arm-none-eabi/bin/../lib/gcc/arm-none-eabi/10.3.1/../../../../arm-none-eabi/lib/thumb/v6-m/nofp\libstdc++.a(eh_arm.o)
                0x1000b4a8                __cxa_begin_cleanup
 .text.__gnu_end_cleanup
                0x1000b508       0x70 c:/pico_sdk_v1.5.0/gcc-arm-none-eabi/bin/../lib/gcc/arm-none-eabi/10.3.1/../../../../arm-none-eabi/lib/thumb/v6-m/nofp\libstdc++.a(eh_arm.o)
                0x1000b508                __gnu_end_cleanup
 .text._ZN10__cxxabiv1L24__is_gxx_exception_classEPc
                0x1000b578       0x3c c:/pico_sdk_v1.5.0/gcc-arm-none-eabi/bin/../lib/gcc/arm-none-eabi/10.3.1/../../../../arm-none-eabi/lib/thumb/v6-m/nofp\libstdc++.a(eh_call.o)
 .text.__cxa_call_terminate
                0x1000b5b4       0x20 c:/pico_sdk_v1.5.0/gcc-arm-none-eabi/bin/../lib/gcc/arm-none-eabi/10.3.1/../../../../arm-none-eabi/lib/thumb/v6-m/nofp\libstdc++.a(eh_call.o)
                0x1000b5b4                __cxa_call_terminate
 .text.unlikely.__cxa_call_unexpected
                0x1000b5d4      0x100 c:/pico_sdk_v1.5.0/gcc-arm-none-eabi/bin/../lib/gcc/arm-none-eabi/10.3.1/../../../../arm-none-eabi/lib/thumb/v6-m/nofp\libstdc++.a(eh_call.o)
                0x1000b5d4                __cxa_call_unexpected
 .text.__cxa_begin_catch
                0x1000b6d4       0x74 c:/pico_sdk_v1.5.0/gcc-arm-none-eabi/bin/../lib/gcc/arm-none-eabi/10.3.1/../../../../arm-none-eabi/lib/thumb/v6-m/nofp\libstdc++.a(eh_catch.o)
                0x1000b6d4                __cxa_begin_catch
 .text.__cxa_end_catch
                0x1000b748       0x90 c:/pico_sdk_v1.5.0/gcc-arm-none-eabi/bin/../lib/gcc/arm-none-eabi/10.3.1/../../../../arm-none-eabi/lib/thumb/v6-m/nofp\libstdc++.a(eh_catch.o)
                0x1000b748                __cxa_end_catch
 .text._ZNSt13bad_exceptionD2Ev
                0x1000b7d8        0x4 c:/pico_sdk_v1.5.0/gcc-arm-none-eabi/bin/../lib/gcc/arm-none-eabi/10.3.1/../../../../arm-none-eabi/lib/thumb/v6-m/nofp\libstdc++.a(eh_exception.o)
                0x1000b7d8                std::bad_exception::~bad_exception()
                0x1000b7d8                std::bad_exception::~bad_exception()
 .text._ZNKSt13bad_exception4whatEv
                0x1000b7dc        0x8 c:/pico_sdk_v1.5.0/gcc-arm-none-eabi/bin/../lib/gcc/arm-none-eabi/10.3.1/../../../../arm-none-eabi/lib/thumb/v6-m/nofp\libstdc++.a(eh_exception.o)
                0x1000b7dc                std::bad_exception::what() const
                0x1000b7dc                transaction clone for std::bad_exception::what() const
 .text._ZNSt13bad_exceptionD0Ev
                0x1000b7e4       0x10 c:/pico_sdk_v1.5.0/gcc-arm-none-eabi/bin/../lib/gcc/arm-none-eabi/10.3.1/../../../../arm-none-eabi/lib/thumb/v6-m/nofp\libstdc++.a(eh_exception.o)
                0x1000b7e4                std::bad_exception::~bad_exception()
 .text.__cxa_get_globals_fast
                0x1000b7f4        0x8 c:/pico_sdk_v1.5.0/gcc-arm-none-eabi/bin/../lib/gcc/arm-none-eabi/10.3.1/../../../../arm-none-eabi/lib/thumb/v6-m/nofp\libstdc++.a(eh_globals.o)
                0x1000b7f4                __cxa_get_globals_fast
 .text.__cxa_get_globals
                0x1000b7fc        0x8 c:/pico_sdk_v1.5.0/gcc-arm-none-eabi/bin/../lib/gcc/arm-none-eabi/10.3.1/../../../../arm-none-eabi/lib/thumb/v6-m/nofp\libstdc++.a(eh_globals.o)
                0x1000b7fc                __cxa_get_globals
 .text._ZL28read_encoded_value_with_basehjPKhPj
                0x1000b804      0x114 c:/pico_sdk_v1.5.0/gcc-arm-none-eabi/bin/../lib/gcc/arm-none-eabi/10.3.1/../../../../arm-none-eabi/lib/thumb/v6-m/nofp\libstdc++.a(eh_personality.o)
 .text._ZL21base_of_encoded_valuehP15_Unwind_Context
                0x1000b918       0x48 c:/pico_sdk_v1.5.0/gcc-arm-none-eabi/bin/../lib/gcc/arm-none-eabi/10.3.1/../../../../arm-none-eabi/lib/thumb/v6-m/nofp\libstdc++.a(eh_personality.o)
 .text._ZL17parse_lsda_headerP15_Unwind_ContextPKhP16lsda_header_info
                0x1000b960       0x98 c:/pico_sdk_v1.5.0/gcc-arm-none-eabi/bin/../lib/gcc/arm-none-eabi/10.3.1/../../../../arm-none-eabi/lib/thumb/v6-m/nofp\libstdc++.a(eh_personality.o)
 .text.__gxx_personality_v0
                0x1000b9f8      0x4c8 c:/pico_sdk_v1.5.0/gcc-arm-none-eabi/bin/../lib/gcc/arm-none-eabi/10.3.1/../../../../arm-none-eabi/lib/thumb/v6-m/nofp\libstdc++.a(eh_personality.o)
                0x1000b9f8                __gxx_personality_v0
 .text._ZL23__gxx_exception_cleanup19_Unwind_Reason_CodeP21_Unwind_Control_Block
                0x1000bec0       0x34 c:/pico_sdk_v1.5.0/gcc-arm-none-eabi/bin/../lib/gcc/arm-none-eabi/10.3.1/../../../../arm-none-eabi/lib/thumb/v6-m/nofp\libstdc++.a(eh_throw.o)
 .text.__cxa_init_primary_exception
                0x1000bef4       0x4c c:/pico_sdk_v1.5.0/gcc-arm-none-eabi/bin/../lib/gcc/arm-none-eabi/10.3.1/../../../../arm-none-eabi/lib/thumb/v6-m/nofp\libstdc++.a(eh_throw.o)
                0x1000bef4                __cxa_init_primary_exception
 .text.__cxa_throw
                0x1000bf40       0x34 c:/pico_sdk_v1.5.0/gcc-arm-none-eabi/bin/../lib/gcc/arm-none-eabi/10.3.1/../../../../arm-none-eabi/lib/thumb/v6-m/nofp\libstdc++.a(eh_throw.o)
                0x1000bf40                __cxa_throw
 .text.__cxa_rethrow
                0x1000bf74       0x70 c:/pico_sdk_v1.5.0/gcc-arm-none-eabi/bin/../lib/gcc/arm-none-eabi/10.3.1/../../../../arm-none-eabi/lib/thumb/v6-m/nofp\libstdc++.a(eh_throw.o)
                0x1000bf74                __cxa_rethrow
 .text.__cxa_current_exception_type
                0x1000bfe4       0x20 c:/pico_sdk_v1.5.0/gcc-arm-none-eabi/bin/../lib/gcc/arm-none-eabi/10.3.1/../../../../arm-none-eabi/lib/thumb/v6-m/nofp\libstdc++.a(eh_type.o)
                0x1000bfe4                __cxa_current_exception_type
 .text._ZN10__cxxabiv120__si_class_type_infoD2Ev
                0x1000c004       0x18 c:/pico_sdk_v1.5.0/gcc-arm-none-eabi/bin/../lib/gcc/arm-none-eabi/10.3.1/../../../../arm-none-eabi/lib/thumb/v6-m/nofp\libstdc++.a(si_class_type_info.o)
                0x1000c004                __cxxabiv1::__si_class_type_info::~__si_class_type_info()
                0x1000c004                __cxxabiv1::__si_class_type_info::~__si_class_type_info()
 .text._ZN10__cxxabiv120__si_class_type_infoD0Ev
                0x1000c01c       0x20 c:/pico_sdk_v1.5.0/gcc-arm-none-eabi/bin/../lib/gcc/arm-none-eabi/10.3.1/../../../../arm-none-eabi/lib/thumb/v6-m/nofp\libstdc++.a(si_class_type_info.o)
                0x1000c01c                __cxxabiv1::__si_class_type_info::~__si_class_type_info()
 .text._ZNK10__cxxabiv120__si_class_type_info20__do_find_public_srcEiPKvPKNS_17__class_type_infoES2_
                0x1000c03c       0x38 c:/pico_sdk_v1.5.0/gcc-arm-none-eabi/bin/../lib/gcc/arm-none-eabi/10.3.1/../../../../arm-none-eabi/lib/thumb/v6-m/nofp\libstdc++.a(si_class_type_info.o)
                0x1000c03c                __cxxabiv1::__si_class_type_info::__do_find_public_src(int, void const*, __cxxabiv1::__class_type_info const*, void const*) const
 .text._ZNK10__cxxabiv120__si_class_type_info12__do_dyncastEiNS_17__class_type_info10__sub_kindEPKS1_PKvS4_S6_RNS1_16__dyncast_resultE
                0x1000c074       0x9c c:/pico_sdk_v1.5.0/gcc-arm-none-eabi/bin/../lib/gcc/arm-none-eabi/10.3.1/../../../../arm-none-eabi/lib/thumb/v6-m/nofp\libstdc++.a(si_class_type_info.o)
                0x1000c074                __cxxabiv1::__si_class_type_info::__do_dyncast(int, __cxxabiv1::__class_type_info::__sub_kind, __cxxabiv1::__class_type_info const*, void const*, __cxxabiv1::__class_type_info const*, void const*, __cxxabiv1::__class_type_info::__dyncast_result&) const
 .text._ZNK10__cxxabiv120__si_class_type_info11__do_upcastEPKNS_17__class_type_infoEPKvRNS1_15__upcast_resultE
                0x1000c110       0x24 c:/pico_sdk_v1.5.0/gcc-arm-none-eabi/bin/../lib/gcc/arm-none-eabi/10.3.1/../../../../arm-none-eabi/lib/thumb/v6-m/nofp\libstdc++.a(si_class_type_info.o)
                0x1000c110                __cxxabiv1::__si_class_type_info::__do_upcast(__cxxabiv1::__class_type_info const*, void const*, __cxxabiv1::__class_type_info::__upcast_result&) const
 .text._ZNSt9type_infoD2Ev
                0x1000c134        0x4 c:/pico_sdk_v1.5.0/gcc-arm-none-eabi/bin/../lib/gcc/arm-none-eabi/10.3.1/../../../../arm-none-eabi/lib/thumb/v6-m/nofp\libstdc++.a(tinfo.o)
                0x1000c134                std::type_info::~type_info()
                0x1000c134                std::type_info::~type_info()
 .text._ZNKSt9type_info14__is_pointer_pEv
                0x1000c138        0x4 c:/pico_sdk_v1.5.0/gcc-arm-none-eabi/bin/../lib/gcc/arm-none-eabi/10.3.1/../../../../arm-none-eabi/lib/thumb/v6-m/nofp\libstdc++.a(tinfo.o)
                0x1000c138                std::type_info::__is_pointer_p() const
                0x1000c138                std::type_info::__is_function_p() const
 .text._ZNKSt9type_infoeqERKS_
                0x1000c13c       0x30 c:/pico_sdk_v1.5.0/gcc-arm-none-eabi/bin/../lib/gcc/arm-none-eabi/10.3.1/../../../../arm-none-eabi/lib/thumb/v6-m/nofp\libstdc++.a(tinfo.o)
                0x1000c13c                std::type_info::operator==(std::type_info const&) const
 .text._ZNK10__cxxabiv117__class_type_info11__do_upcastEPKS0_PPv
                0x1000c16c       0x34 c:/pico_sdk_v1.5.0/gcc-arm-none-eabi/bin/../lib/gcc/arm-none-eabi/10.3.1/../../../../arm-none-eabi/lib/thumb/v6-m/nofp\libstdc++.a(class_type_info.o)
                0x1000c16c                __cxxabiv1::__class_type_info::__do_upcast(__cxxabiv1::__class_type_info const*, void**) const
 .text._ZNK10__cxxabiv117__class_type_info20__do_find_public_srcEiPKvPKS0_S2_
                0x1000c1a0       0x14 c:/pico_sdk_v1.5.0/gcc-arm-none-eabi/bin/../lib/gcc/arm-none-eabi/10.3.1/../../../../arm-none-eabi/lib/thumb/v6-m/nofp\libstdc++.a(class_type_info.o)
                0x1000c1a0                __cxxabiv1::__class_type_info::__do_find_public_src(int, void const*, __cxxabiv1::__class_type_info const*, void const*) const
 .text._ZN10__cxxabiv117__class_type_infoD2Ev
                0x1000c1b4       0x18 c:/pico_sdk_v1.5.0/gcc-arm-none-eabi/bin/../lib/gcc/arm-none-eabi/10.3.1/../../../../arm-none-eabi/lib/thumb/v6-m/nofp\libstdc++.a(class_type_info.o)
                0x1000c1b4                __cxxabiv1::__class_type_info::~__class_type_info()
                0x1000c1b4                __cxxabiv1::__class_type_info::~__class_type_info()
 .text._ZN10__cxxabiv117__class_type_infoD0Ev
                0x1000c1cc       0x20 c:/pico_sdk_v1.5.0/gcc-arm-none-eabi/bin/../lib/gcc/arm-none-eabi/10.3.1/../../../../arm-none-eabi/lib/thumb/v6-m/nofp\libstdc++.a(class_type_info.o)
                0x1000c1cc                __cxxabiv1::__class_type_info::~__class_type_info()
 .text._ZNK10__cxxabiv117__class_type_info12__do_dyncastEiNS0_10__sub_kindEPKS0_PKvS3_S5_RNS0_16__dyncast_resultE
                0x1000c1ec       0x40 c:/pico_sdk_v1.5.0/gcc-arm-none-eabi/bin/../lib/gcc/arm-none-eabi/10.3.1/../../../../arm-none-eabi/lib/thumb/v6-m/nofp\libstdc++.a(class_type_info.o)
                0x1000c1ec                __cxxabiv1::__class_type_info::__do_dyncast(int, __cxxabiv1::__class_type_info::__sub_kind, __cxxabiv1::__class_type_info const*, void const*, __cxxabiv1::__class_type_info const*, void const*, __cxxabiv1::__class_type_info::__dyncast_result&) const
 .text._ZNK10__cxxabiv117__class_type_info11__do_upcastEPKS0_PKvRNS0_15__upcast_resultE
                0x1000c22c       0x1c c:/pico_sdk_v1.5.0/gcc-arm-none-eabi/bin/../lib/gcc/arm-none-eabi/10.3.1/../../../../arm-none-eabi/lib/thumb/v6-m/nofp\libstdc++.a(class_type_info.o)
                0x1000c22c                __cxxabiv1::__class_type_info::__do_upcast(__cxxabiv1::__class_type_info const*, void const*, __cxxabiv1::__class_type_info::__upcast_result&) const
 .text._ZNK10__cxxabiv117__class_type_info10__do_catchEPKSt9type_infoPPvj
                0x1000c248       0x24 c:/pico_sdk_v1.5.0/gcc-arm-none-eabi/bin/../lib/gcc/arm-none-eabi/10.3.1/../../../../arm-none-eabi/lib/thumb/v6-m/nofp\libstdc++.a(class_type_info.o)
                0x1000c248                __cxxabiv1::__class_type_info::__do_catch(std::type_info const*, void**, unsigned int) const
 .text._ZN12_GLOBAL__N_14pool4freeEPv.constprop.0
                0x1000c26c       0x78 c:/pico_sdk_v1.5.0/gcc-arm-none-eabi/bin/../lib/gcc/arm-none-eabi/10.3.1/../../../../arm-none-eabi/lib/thumb/v6-m/nofp\libstdc++.a(eh_alloc.o)
 .text._ZN12_GLOBAL__N_14pool8allocateEj.constprop.0
                0x1000c2e4       0x54 c:/pico_sdk_v1.5.0/gcc-arm-none-eabi/bin/../lib/gcc/arm-none-eabi/10.3.1/../../../../arm-none-eabi/lib/thumb/v6-m/nofp\libstdc++.a(eh_alloc.o)
 .text.__cxa_allocate_exception
                0x1000c338       0x2c c:/pico_sdk_v1.5.0/gcc-arm-none-eabi/bin/../lib/gcc/arm-none-eabi/10.3.1/../../../../arm-none-eabi/lib/thumb/v6-m/nofp\libstdc++.a(eh_alloc.o)
                0x1000c338                __cxa_allocate_exception
 .text.__cxa_free_exception
                0x1000c364       0x24 c:/pico_sdk_v1.5.0/gcc-arm-none-eabi/bin/../lib/gcc/arm-none-eabi/10.3.1/../../../../arm-none-eabi/lib/thumb/v6-m/nofp\libstdc++.a(eh_alloc.o)
                0x1000c364                __cxa_free_exception
 .text.startup._GLOBAL__sub_I__ZN9__gnu_cxx9__freeresEv
                0x1000c388       0x2c c:/pico_sdk_v1.5.0/gcc-arm-none-eabi/bin/../lib/gcc/arm-none-eabi/10.3.1/../../../../arm-none-eabi/lib/thumb/v6-m/nofp\libstdc++.a(eh_alloc.o)
 .text.abort    0x1000c3b4       0x10 c:/pico_sdk_v1.5.0/gcc-arm-none-eabi/bin/../lib/gcc/arm-none-eabi/10.3.1/../../../../arm-none-eabi/lib/thumb/v6-m/nofp\libg.a(lib_a-abort.o)
                0x1000c3b4                abort
 .text.fputc    0x1000c3c4       0x58 c:/pico_sdk_v1.5.0/gcc-arm-none-eabi/bin/../lib/gcc/arm-none-eabi/10.3.1/../../../../arm-none-eabi/lib/thumb/v6-m/nofp\libg.a(lib_a-fputc.o)
                0x1000c3c4                fputc
 .text._fputs_r
                0x1000c41c       0x8c c:/pico_sdk_v1.5.0/gcc-arm-none-eabi/bin/../lib/gcc/arm-none-eabi/10.3.1/../../../../arm-none-eabi/lib/thumb/v6-m/nofp\libg.a(lib_a-fputs.o)
                0x1000c41c                _fputs_r
 .text.fputs    0x1000c4a8       0x18 c:/pico_sdk_v1.5.0/gcc-arm-none-eabi/bin/../lib/gcc/arm-none-eabi/10.3.1/../../../../arm-none-eabi/lib/thumb/v6-m/nofp\libg.a(lib_a-fputs.o)
                0x1000c4a8                fputs
 .text.__sfvwrite_r
                0x1000c4c0      0x2f4 c:/pico_sdk_v1.5.0/gcc-arm-none-eabi/bin/../lib/gcc/arm-none-eabi/10.3.1/../../../../arm-none-eabi/lib/thumb/v6-m/nofp\libg.a(lib_a-fvwrite.o)
                0x1000c4c0                __sfvwrite_r
 .text._fwrite_r
                0x1000c7b4       0xb0 c:/pico_sdk_v1.5.0/gcc-arm-none-eabi/bin/../lib/gcc/arm-none-eabi/10.3.1/../../../../arm-none-eabi/lib/thumb/v6-m/nofp\libg.a(lib_a-fwrite.o)
                0x1000c7b4                _fwrite_r
 .text.fwrite   0x1000c864       0x20 c:/pico_sdk_v1.5.0/gcc-arm-none-eabi/bin/../lib/gcc/arm-none-eabi/10.3.1/../../../../arm-none-eabi/lib/thumb/v6-m/nofp\libg.a(lib_a-fwrite.o)
                0x1000c864                fwrite
 .text.__retarget_lock_init_recursive
                0x1000c884        0x4 c:/pico_sdk_v1.5.0/gcc-arm-none-eabi/bin/../lib/gcc/arm-none-eabi/10.3.1/../../../../arm-none-eabi/lib/thumb/v6-m/nofp\libg.a(lib_a-lock.o)
                0x1000c884                __retarget_lock_init_recursive
 .text.__retarget_lock_close_recursive
                0x1000c888        0x4 c:/pico_sdk_v1.5.0/gcc-arm-none-eabi/bin/../lib/gcc/arm-none-eabi/10.3.1/../../../../arm-none-eabi/lib/thumb/v6-m/nofp\libg.a(lib_a-lock.o)
                0x1000c888                __retarget_lock_close_recursive
 .text.__retarget_lock_acquire_recursive
                0x1000c88c        0x4 c:/pico_sdk_v1.5.0/gcc-arm-none-eabi/bin/../lib/gcc/arm-none-eabi/10.3.1/../../../../arm-none-eabi/lib/thumb/v6-m/nofp\libg.a(lib_a-lock.o)
                0x1000c88c                __retarget_lock_acquire_recursive
 .text.__retarget_lock_release_recursive
                0x1000c890        0x4 c:/pico_sdk_v1.5.0/gcc-arm-none-eabi/bin/../lib/gcc/arm-none-eabi/10.3.1/../../../../arm-none-eabi/lib/thumb/v6-m/nofp\libg.a(lib_a-lock.o)
                0x1000c890                __retarget_lock_release_recursive
 .text.malloc   0x1000c894       0x14 c:/pico_sdk_v1.5.0/gcc-arm-none-eabi/bin/../lib/gcc/arm-none-eabi/10.3.1/../../../../arm-none-eabi/lib/thumb/v6-m/nofp\libg.a(lib_a-malloc.o)
                0x1000c894                malloc
 .text.free     0x1000c8a8       0x14 c:/pico_sdk_v1.5.0/gcc-arm-none-eabi/bin/../lib/gcc/arm-none-eabi/10.3.1/../../../../arm-none-eabi/lib/thumb/v6-m/nofp\libg.a(lib_a-malloc.o)
                0x1000c8a8                free
 .text._malloc_r
                0x1000c8bc      0x584 c:/pico_sdk_v1.5.0/gcc-arm-none-eabi/bin/../lib/gcc/arm-none-eabi/10.3.1/../../../../arm-none-eabi/lib/thumb/v6-m/nofp\libg.a(lib_a-mallocr.o)
                0x1000c8bc                _malloc_r
 .text.memchr   0x1000ce40       0x74 c:/pico_sdk_v1.5.0/gcc-arm-none-eabi/bin/../lib/gcc/arm-none-eabi/10.3.1/../../../../arm-none-eabi/lib/thumb/v6-m/nofp\libg.a(lib_a-memchr-stub.o)
                0x1000ce40                memchr
 .text.memcmp   0x1000ceb4       0x48 c:/pico_sdk_v1.5.0/gcc-arm-none-eabi/bin/../lib/gcc/arm-none-eabi/10.3.1/../../../../arm-none-eabi/lib/thumb/v6-m/nofp\libg.a(lib_a-memcmp.o)
                0x1000ceb4                memcmp
 .text.memmove  0x1000cefc       0xac c:/pico_sdk_v1.5.0/gcc-arm-none-eabi/bin/../lib/gcc/arm-none-eabi/10.3.1/../../../../arm-none-eabi/lib/thumb/v6-m/nofp\libg.a(lib_a-memmove.o)
                0x1000cefc                memmove
 .text.__malloc_lock
                0x1000cfa8       0x10 c:/pico_sdk_v1.5.0/gcc-arm-none-eabi/bin/../lib/gcc/arm-none-eabi/10.3.1/../../../../arm-none-eabi/lib/thumb/v6-m/nofp\libg.a(lib_a-mlock.o)
                0x1000cfa8                __malloc_lock
 .text.__malloc_unlock
                0x1000cfb8       0x10 c:/pico_sdk_v1.5.0/gcc-arm-none-eabi/bin/../lib/gcc/arm-none-eabi/10.3.1/../../../../arm-none-eabi/lib/thumb/v6-m/nofp\libg.a(lib_a-mlock.o)
                0x1000cfb8                __malloc_unlock
 .text._putc_r  0x1000cfc8       0x74 c:/pico_sdk_v1.5.0/gcc-arm-none-eabi/bin/../lib/gcc/arm-none-eabi/10.3.1/../../../../arm-none-eabi/lib/thumb/v6-m/nofp\libg.a(lib_a-putc.o)
                0x1000cfc8                _putc_r
 .text.realloc  0x1000d03c       0x18 c:/pico_sdk_v1.5.0/gcc-arm-none-eabi/bin/../lib/gcc/arm-none-eabi/10.3.1/../../../../arm-none-eabi/lib/thumb/v6-m/nofp\libg.a(lib_a-realloc.o)
                0x1000d03c                realloc
 .text._realloc_r
                0x1000d054      0x354 c:/pico_sdk_v1.5.0/gcc-arm-none-eabi/bin/../lib/gcc/arm-none-eabi/10.3.1/../../../../arm-none-eabi/lib/thumb/v6-m/nofp\libg.a(lib_a-reallocr.o)
                0x1000d054                _realloc_r
 .text._sbrk_r  0x1000d3a8       0x24 c:/pico_sdk_v1.5.0/gcc-arm-none-eabi/bin/../lib/gcc/arm-none-eabi/10.3.1/../../../../arm-none-eabi/lib/thumb/v6-m/nofp\libg.a(lib_a-sbrkr.o)
                0x1000d3a8                _sbrk_r
 .text.raise    0x1000d3cc       0x60 c:/pico_sdk_v1.5.0/gcc-arm-none-eabi/bin/../lib/gcc/arm-none-eabi/10.3.1/../../../../arm-none-eabi/lib/thumb/v6-m/nofp\libg.a(lib_a-signal.o)
                0x1000d3cc                raise
 .text._kill_r  0x1000d42c       0x28 c:/pico_sdk_v1.5.0/gcc-arm-none-eabi/bin/../lib/gcc/arm-none-eabi/10.3.1/../../../../arm-none-eabi/lib/thumb/v6-m/nofp\libg.a(lib_a-signalr.o)
                0x1000d42c                _kill_r
 .text._getpid_r
                0x1000d454        0x8 c:/pico_sdk_v1.5.0/gcc-arm-none-eabi/bin/../lib/gcc/arm-none-eabi/10.3.1/../../../../arm-none-eabi/lib/thumb/v6-m/nofp\libg.a(lib_a-signalr.o)
                0x1000d454                _getpid_r
 .text          0x1000d45c       0x88 c:/pico_sdk_v1.5.0/gcc-arm-none-eabi/bin/../lib/gcc/arm-none-eabi/10.3.1/../../../../arm-none-eabi/lib/thumb/v6-m/nofp\libg.a(lib_a-strcmp.o)
                0x1000d45c                strcmp
 .text.strlen   0x1000d4e4       0x5c c:/pico_sdk_v1.5.0/gcc-arm-none-eabi/bin/../lib/gcc/arm-none-eabi/10.3.1/../../../../arm-none-eabi/lib/thumb/v6-m/nofp\libg.a(lib_a-strlen-stub.o)
                0x1000d4e4                strlen
 .text.strncmp  0x1000d540       0x74 c:/pico_sdk_v1.5.0/gcc-arm-none-eabi/bin/../lib/gcc/arm-none-eabi/10.3.1/../../../../arm-none-eabi/lib/thumb/v6-m/nofp\libg.a(lib_a-strncmp.o)
                0x1000d540                strncmp
 .text.write    0x1000d5b4       0x18 c:/pico_sdk_v1.5.0/gcc-arm-none-eabi/bin/../lib/gcc/arm-none-eabi/10.3.1/../../../../arm-none-eabi/lib/thumb/v6-m/nofp\libg.a(lib_a-syswrite.o)
                0x1000d5b4                write
 .text.__swbuf_r
                0x1000d5cc       0xc8 c:/pico_sdk_v1.5.0/gcc-arm-none-eabi/bin/../lib/gcc/arm-none-eabi/10.3.1/../../../../arm-none-eabi/lib/thumb/v6-m/nofp\libg.a(lib_a-wbuf.o)
                0x1000d5cc                __swbuf_r
 .text._write_r
                0x1000d694       0x28 c:/pico_sdk_v1.5.0/gcc-arm-none-eabi/bin/../lib/gcc/arm-none-eabi/10.3.1/../../../../arm-none-eabi/lib/thumb/v6-m/nofp\libg.a(lib_a-writer.o)
                0x1000d694                _write_r
 .text.__swsetup_r
                0x1000d6bc       0xdc c:/pico_sdk_v1.5.0/gcc-arm-none-eabi/bin/../lib/gcc/arm-none-eabi/10.3.1/../../../../arm-none-eabi/lib/thumb/v6-m/nofp\libg.a(lib_a-wsetup.o)
                0x1000d6bc                __swsetup_r
 .text.__sflush_r
                0x1000d798      0x140 c:/pico_sdk_v1.5.0/gcc-arm-none-eabi/bin/../lib/gcc/arm-none-eabi/10.3.1/../../../../arm-none-eabi/lib/thumb/v6-m/nofp\libg.a(lib_a-fflush.o)
                0x1000d798                __sflush_r
 .text._fflush_r
                0x1000d8d8       0x6c c:/pico_sdk_v1.5.0/gcc-arm-none-eabi/bin/../lib/gcc/arm-none-eabi/10.3.1/../../../../arm-none-eabi/lib/thumb/v6-m/nofp\libg.a(lib_a-fflush.o)
                0x1000d8d8                _fflush_r
 .text._cleanup_r
                0x1000d944       0x10 c:/pico_sdk_v1.5.0/gcc-arm-none-eabi/bin/../lib/gcc/arm-none-eabi/10.3.1/../../../../arm-none-eabi/lib/thumb/v6-m/nofp\libg.a(lib_a-findfp.o)
                0x1000d944                _cleanup_r
 .text.__sinit  0x1000d954      0x120 c:/pico_sdk_v1.5.0/gcc-arm-none-eabi/bin/../lib/gcc/arm-none-eabi/10.3.1/../../../../arm-none-eabi/lib/thumb/v6-m/nofp\libg.a(lib_a-findfp.o)
                0x1000d954                __sinit
 .text.__sfp_lock_acquire
                0x1000da74       0x10 c:/pico_sdk_v1.5.0/gcc-arm-none-eabi/bin/../lib/gcc/arm-none-eabi/10.3.1/../../../../arm-none-eabi/lib/thumb/v6-m/nofp\libg.a(lib_a-findfp.o)
                0x1000da74                __sfp_lock_acquire
 .text.__sfp_lock_release
                0x1000da84       0x10 c:/pico_sdk_v1.5.0/gcc-arm-none-eabi/bin/../lib/gcc/arm-none-eabi/10.3.1/../../../../arm-none-eabi/lib/thumb/v6-m/nofp\libg.a(lib_a-findfp.o)
                0x1000da84                __sfp_lock_release
 .text._malloc_trim_r
                0x1000da94       0x9c c:/pico_sdk_v1.5.0/gcc-arm-none-eabi/bin/../lib/gcc/arm-none-eabi/10.3.1/../../../../arm-none-eabi/lib/thumb/v6-m/nofp\libg.a(lib_a-freer.o)
                0x1000da94                _malloc_trim_r
 .text._free_r  0x1000db30      0x1c4 c:/pico_sdk_v1.5.0/gcc-arm-none-eabi/bin/../lib/gcc/arm-none-eabi/10.3.1/../../../../arm-none-eabi/lib/thumb/v6-m/nofp\libg.a(lib_a-freer.o)
                0x1000db30                _free_r
 .text._fwalk_reent
                0x1000dcf4       0x48 c:/pico_sdk_v1.5.0/gcc-arm-none-eabi/bin/../lib/gcc/arm-none-eabi/10.3.1/../../../../arm-none-eabi/lib/thumb/v6-m/nofp\libg.a(lib_a-fwalk.o)
                0x1000dcf4                _fwalk_reent
 .text.__smakebuf_r
                0x1000dd3c       0xe4 c:/pico_sdk_v1.5.0/gcc-arm-none-eabi/bin/../lib/gcc/arm-none-eabi/10.3.1/../../../../arm-none-eabi/lib/thumb/v6-m/nofp\libg.a(lib_a-makebuf.o)
                0x1000dd3c                __smakebuf_r
 .text.__sread  0x1000de20       0x28 c:/pico_sdk_v1.5.0/gcc-arm-none-eabi/bin/../lib/gcc/arm-none-eabi/10.3.1/../../../../arm-none-eabi/lib/thumb/v6-m/nofp\libg.a(lib_a-stdio.o)
                0x1000de20                __sread
 .text.__swrite
                0x1000de48       0x40 c:/pico_sdk_v1.5.0/gcc-arm-none-eabi/bin/../lib/gcc/arm-none-eabi/10.3.1/../../../../arm-none-eabi/lib/thumb/v6-m/nofp\libg.a(lib_a-stdio.o)
                0x1000de48                __swrite
 .text.__sseek  0x1000de88       0x2c c:/pico_sdk_v1.5.0/gcc-arm-none-eabi/bin/../lib/gcc/arm-none-eabi/10.3.1/../../../../arm-none-eabi/lib/thumb/v6-m/nofp\libg.a(lib_a-stdio.o)
                0x1000de88                __sseek
 .text.__sclose
                0x1000deb4        0xc c:/pico_sdk_v1.5.0/gcc-arm-none-eabi/bin/../lib/gcc/arm-none-eabi/10.3.1/../../../../arm-none-eabi/lib/thumb/v6-m/nofp\libg.a(lib_a-stdio.o)
                0x1000deb4                __sclose
 .text._close_r
                0x1000dec0       0x24 c:/pico_sdk_v1.5.0/gcc-arm-none-eabi/bin/../lib/gcc/arm-none-eabi/10.3.1/../../../../arm-none-eabi/lib/thumb/v6-m/nofp\libg.a(lib_a-closer.o)
                0x1000dec0                _close_r
 .text._fclose_r
                0x1000dee4       0xdc c:/pico_sdk_v1.5.0/gcc-arm-none-eabi/bin/../lib/gcc/arm-none-eabi/10.3.1/../../../../arm-none-eabi/lib/thumb/v6-m/nofp\libg.a(lib_a-fclose.o)
                0x1000dee4                _fclose_r
 .text._fstat_r
                0x1000dfc0       0x28 c:/pico_sdk_v1.5.0/gcc-arm-none-eabi/bin/../lib/gcc/arm-none-eabi/10.3.1/../../../../arm-none-eabi/lib/thumb/v6-m/nofp\libg.a(lib_a-fstatr.o)
                0x1000dfc0                _fstat_r
 .text._isatty_r
                0x1000dfe8       0x24 c:/pico_sdk_v1.5.0/gcc-arm-none-eabi/bin/../lib/gcc/arm-none-eabi/10.3.1/../../../../arm-none-eabi/lib/thumb/v6-m/nofp\libg.a(lib_a-isattyr.o)
                0x1000dfe8                _isatty_r
 .text._lseek_r
                0x1000e00c       0x28 c:/pico_sdk_v1.5.0/gcc-arm-none-eabi/bin/../lib/gcc/arm-none-eabi/10.3.1/../../../../arm-none-eabi/lib/thumb/v6-m/nofp\libg.a(lib_a-lseekr.o)
                0x1000e00c                _lseek_r
 .text._read_r  0x1000e034       0x28 c:/pico_sdk_v1.5.0/gcc-arm-none-eabi/bin/../lib/gcc/arm-none-eabi/10.3.1/../../../../arm-none-eabi/lib/thumb/v6-m/nofp\libg.a(lib_a-readr.o)
                0x1000e034                _read_r
 *(.fini)
 .fini          0x1000e05c        0x4 c:/pico_sdk_v1.5.0/gcc-arm-none-eabi/bin/../lib/gcc/arm-none-eabi/10.3.1/thumb/v6-m/nofp/crti.o
                0x1000e05c                _fini
 .fini.__stub   0x1000e060      0x100 linker stubs
 *crtbegin.o(.ctors)
 *crtbegin?.o(.ctors)
 *(EXCLUDE_FILE(*crtend.o *crtend?.o) .ctors)
 *(SORT_BY_NAME(.ctors.*))
 *(.ctors)
 *crtbegin.o(.dtors)
 *crtbegin?.o(.dtors)
 *(EXCLUDE_FILE(*crtend.o *crtend?.o) .dtors)
 *(SORT_BY_NAME(.dtors.*))
 *(.dtors)
 *(.eh_frame*)
 .eh_frame      0x1000e160        0x0 c:/pico_sdk_v1.5.0/gcc-arm-none-eabi/bin/../lib/gcc/arm-none-eabi/10.3.1/thumb/v6-m/nofp/crtbegin.o
                0x1000e160                . = ALIGN (0x4)

.glue_7         0x1000e160        0x0
 .glue_7        0x1000e160        0x0 linker stubs

.glue_7t        0x1000e160        0x0
 .glue_7t       0x1000e160        0x0 linker stubs

.vfp11_veneer   0x1000e160        0x0
 .vfp11_veneer  0x1000e160        0x0 linker stubs

.v4_bx          0x1000e160        0x0
 .v4_bx         0x1000e160        0x0 linker stubs

.iplt           0x1000e160        0x0
 .iplt          0x1000e160        0x0 c:/pico_sdk_v1.5.0/gcc-arm-none-eabi/bin/../lib/gcc/arm-none-eabi/10.3.1/thumb/v6-m/nofp/crtbegin.o

.rodata         0x1000e160     0x2fb0
 *(EXCLUDE_FILE(*libm.a: *libc.a:*lib_a-mem*.o *libgcc.a:) .rodata*)
 .rodata.main.str1.4
                0x1000e160       0x1a CMakeFiles/blinky_and_OLED.dir/main.cpp.obj
 *fill*         0x1000e17a        0x2 
 .rodata._ZTV8framebuf
                0x1000e17c       0x1c CMakeFiles/blinky_and_OLED.dir/display/framebuf.cpp.obj
                0x1000e17c                vtable for framebuf
 .rodata._ZL17font_petme128_8x8
                0x1000e198      0x300 CMakeFiles/blinky_and_OLED.dir/display/framebuf.cpp.obj
 .rodata._ZTVSt16_Sp_counted_baseILN9__gnu_cxx12_Lock_policyE0EE
                0x1000e498       0x1c CMakeFiles/blinky_and_OLED.dir/display/mono_vlsb.cpp.obj
                0x1000e498                vtable for std::_Sp_counted_base<(__gnu_cxx::_Lock_policy)0>
 .rodata._ZTVSt15_Sp_counted_ptrIPhLN9__gnu_cxx12_Lock_policyE0EE
                0x1000e4b4       0x1c CMakeFiles/blinky_and_OLED.dir/display/mono_vlsb.cpp.obj
                0x1000e4b4                vtable for std::_Sp_counted_ptr<unsigned char*, (__gnu_cxx::_Lock_policy)0>
 .rodata._ZTV9mono_vlsb
                0x1000e4d0       0x1c CMakeFiles/blinky_and_OLED.dir/display/mono_vlsb.cpp.obj
                0x1000e4d0                vtable for mono_vlsb
 .rodata._ZTV7ssd1306
                0x1000e4ec       0x1c CMakeFiles/blinky_and_OLED.dir/display/ssd1306.cpp.obj
                0x1000e4ec                vtable for ssd1306
 .rodata.make_branch.str1.4
                0x1000e508       0x6e CMakeFiles/blinky_and_OLED.dir/C_/Pico_SDK_v1.5.0/pico-sdk/src/rp2_common/hardware_irq/irq.c.obj
 *fill*         0x1000e576        0x2 
 .rodata.insert_branch_and_link.str1.4
                0x1000e578       0x10 CMakeFiles/blinky_and_OLED.dir/C_/Pico_SDK_v1.5.0/pico-sdk/src/rp2_common/hardware_irq/irq.c.obj
 .rodata.irq_set_exclusive_handler.str1.4
                0x1000e588       0x36 CMakeFiles/blinky_and_OLED.dir/C_/Pico_SDK_v1.5.0/pico-sdk/src/rp2_common/hardware_irq/irq.c.obj
 *fill*         0x1000e5be        0x2 
 .rodata.irq_add_shared_handler.str1.4
                0x1000e5c0       0xd9 CMakeFiles/blinky_and_OLED.dir/C_/Pico_SDK_v1.5.0/pico-sdk/src/rp2_common/hardware_irq/irq.c.obj
 *fill*         0x1000e699        0x3 
 .rodata.irq_remove_handler.str1.4
                0x1000e69c       0x3a CMakeFiles/blinky_and_OLED.dir/C_/Pico_SDK_v1.5.0/pico-sdk/src/rp2_common/hardware_irq/irq.c.obj
 *fill*         0x1000e6d6        0x2 
 .rodata.irq_add_tail_to_free_list.str1.4
                0x1000e6d8       0x3a CMakeFiles/blinky_and_OLED.dir/C_/Pico_SDK_v1.5.0/pico-sdk/src/rp2_common/hardware_irq/irq.c.obj
 *fill*         0x1000e712        0x2 
 .rodata.__func__.0
                0x1000e714       0x1a CMakeFiles/blinky_and_OLED.dir/C_/Pico_SDK_v1.5.0/pico-sdk/src/rp2_common/hardware_irq/irq.c.obj
 *fill*         0x1000e72e        0x2 
 .rodata.__func__.1
                0x1000e730       0x17 CMakeFiles/blinky_and_OLED.dir/C_/Pico_SDK_v1.5.0/pico-sdk/src/rp2_common/hardware_irq/irq.c.obj
 *fill*         0x1000e747        0x1 
 .rodata.__func__.2
                0x1000e748       0x13 CMakeFiles/blinky_and_OLED.dir/C_/Pico_SDK_v1.5.0/pico-sdk/src/rp2_common/hardware_irq/irq.c.obj
 *fill*         0x1000e75b        0x1 
 .rodata.__func__.3
                0x1000e75c        0xc CMakeFiles/blinky_and_OLED.dir/C_/Pico_SDK_v1.5.0/pico-sdk/src/rp2_common/hardware_irq/irq.c.obj
 .rodata.__func__.4
                0x1000e768        0xf CMakeFiles/blinky_and_OLED.dir/C_/Pico_SDK_v1.5.0/pico-sdk/src/rp2_common/hardware_irq/irq.c.obj
 *fill*         0x1000e777        0x1 
 .rodata.__func__.6
                0x1000e778       0x1a CMakeFiles/blinky_and_OLED.dir/C_/Pico_SDK_v1.5.0/pico-sdk/src/rp2_common/hardware_irq/irq.c.obj
 *fill*         0x1000e792        0x2 
 .rodata.str1.4
                0x1000e794       0xf1 CMakeFiles/blinky_and_OLED.dir/C_/Pico_SDK_v1.5.0/pico-sdk/src/common/pico_sync/mutex.c.obj
 *fill*         0x1000e885        0x3 
 .rodata.__func__.1
                0x1000e888        0xb CMakeFiles/blinky_and_OLED.dir/C_/Pico_SDK_v1.5.0/pico-sdk/src/common/pico_sync/mutex.c.obj
 *fill*         0x1000e893        0x1 
 .rodata.__func__.3
                0x1000e894       0x18 CMakeFiles/blinky_and_OLED.dir/C_/Pico_SDK_v1.5.0/pico-sdk/src/common/pico_sync/mutex.c.obj
 .rodata.repeating_timer_callback.str1.4
                0x1000e8ac       0x4c CMakeFiles/blinky_and_OLED.dir/C_/Pico_SDK_v1.5.0/pico-sdk/src/common/pico_time/time.c.obj
 .rodata.timer_pool_entry_comparator.str1.4
                0x1000e8f8       0x22 CMakeFiles/blinky_and_OLED.dir/C_/Pico_SDK_v1.5.0/pico-sdk/src/common/pico_time/time.c.obj
 *fill*         0x1000e91a        0x2 
 .rodata.ph_add_child_node.str1.4
                0x1000e91c       0x96 CMakeFiles/blinky_and_OLED.dir/C_/Pico_SDK_v1.5.0/pico-sdk/src/common/pico_time/time.c.obj
 *fill*         0x1000e9b2        0x2 
 .rodata.add_alarm_under_lock.str1.4
                0x1000e9b4       0x28 CMakeFiles/blinky_and_OLED.dir/C_/Pico_SDK_v1.5.0/pico-sdk/src/common/pico_time/time.c.obj
                                 0x2b (size before relaxing)
 .rodata.alarm_pool_alarm_callback.str1.4
                0x1000e9dc       0x98 CMakeFiles/blinky_and_OLED.dir/C_/Pico_SDK_v1.5.0/pico-sdk/src/common/pico_time/time.c.obj
                                 0xfc (size before relaxing)
 .rodata.alarm_pool_get_default.str1.4
                0x1000ea74       0x21 CMakeFiles/blinky_and_OLED.dir/C_/Pico_SDK_v1.5.0/pico-sdk/src/common/pico_time/time.c.obj
 *fill*         0x1000ea95        0x3 
 .rodata.alarm_pool_cancel_alarm.str1.4
                0x1000ea98       0x27 CMakeFiles/blinky_and_OLED.dir/C_/Pico_SDK_v1.5.0/pico-sdk/src/common/pico_time/time.c.obj
 *fill*         0x1000eabf        0x1 
 .rodata.__func__.0
                0x1000eac0       0x19 CMakeFiles/blinky_and_OLED.dir/C_/Pico_SDK_v1.5.0/pico-sdk/src/common/pico_time/time.c.obj
 *fill*         0x1000ead9        0x3 
 .rodata.__func__.1
                0x1000eadc       0x18 CMakeFiles/blinky_and_OLED.dir/C_/Pico_SDK_v1.5.0/pico-sdk/src/common/pico_time/time.c.obj
 .rodata.__func__.10
                0x1000eaf4       0x15 CMakeFiles/blinky_and_OLED.dir/C_/Pico_SDK_v1.5.0/pico-sdk/src/common/pico_time/time.c.obj
 *fill*         0x1000eb09        0x3 
 .rodata.__func__.11
                0x1000eb0c       0x1a CMakeFiles/blinky_and_OLED.dir/C_/Pico_SDK_v1.5.0/pico-sdk/src/common/pico_time/time.c.obj
 *fill*         0x1000eb26        0x2 
 .rodata.__func__.12
                0x1000eb28        0xa CMakeFiles/blinky_and_OLED.dir/C_/Pico_SDK_v1.5.0/pico-sdk/src/common/pico_time/time.c.obj
 *fill*         0x1000eb32        0x2 
 .rodata.__func__.3
                0x1000eb34       0x17 CMakeFiles/blinky_and_OLED.dir/C_/Pico_SDK_v1.5.0/pico-sdk/src/common/pico_time/time.c.obj
 *fill*         0x1000eb4b        0x1 
 .rodata.__func__.4
                0x1000eb4c       0x12 CMakeFiles/blinky_and_OLED.dir/C_/Pico_SDK_v1.5.0/pico-sdk/src/common/pico_time/time.c.obj
 *fill*         0x1000eb5e        0x2 
 .rodata.__func__.5
                0x1000eb60        0xd CMakeFiles/blinky_and_OLED.dir/C_/Pico_SDK_v1.5.0/pico-sdk/src/common/pico_time/time.c.obj
 *fill*         0x1000eb6d        0x3 
 .rodata.__func__.6
                0x1000eb70       0x12 CMakeFiles/blinky_and_OLED.dir/C_/Pico_SDK_v1.5.0/pico-sdk/src/common/pico_time/time.c.obj
 *fill*         0x1000eb82        0x2 
 .rodata.__func__.7
                0x1000eb84        0xf CMakeFiles/blinky_and_OLED.dir/C_/Pico_SDK_v1.5.0/pico-sdk/src/common/pico_time/time.c.obj
 *fill*         0x1000eb93        0x1 
 .rodata.__func__.8
                0x1000eb94        0xc CMakeFiles/blinky_and_OLED.dir/C_/Pico_SDK_v1.5.0/pico-sdk/src/common/pico_time/time.c.obj
 .rodata.__func__.9
                0x1000eba0       0x15 CMakeFiles/blinky_and_OLED.dir/C_/Pico_SDK_v1.5.0/pico-sdk/src/common/pico_time/time.c.obj
 *fill*         0x1000ebb5        0x3 
 .rodata.at_the_end_of_time
                0x1000ebb8        0x8 CMakeFiles/blinky_and_OLED.dir/C_/Pico_SDK_v1.5.0/pico-sdk/src/common/pico_time/time.c.obj
                0x1000ebb8                at_the_end_of_time
 .rodata.hardware_alarm_claim.str1.4
                0x1000ebc0       0x22 CMakeFiles/blinky_and_OLED.dir/C_/Pico_SDK_v1.5.0/pico-sdk/src/rp2_common/hardware_timer/timer.c.obj
 .rodata.busy_wait_us.str1.4
                0x1000ebe2       0x62 CMakeFiles/blinky_and_OLED.dir/C_/Pico_SDK_v1.5.0/pico-sdk/src/rp2_common/hardware_timer/timer.c.obj
 *fill*         0x1000ebe2        0x2 
 .rodata.hardware_alarm_set_target.str1.4
                0x1000ebe4       0x66 CMakeFiles/blinky_and_OLED.dir/C_/Pico_SDK_v1.5.0/pico-sdk/src/rp2_common/hardware_timer/timer.c.obj
 *fill*         0x1000ec4a        0x2 
 .rodata.__func__.0
                0x1000ec4c       0x1a CMakeFiles/blinky_and_OLED.dir/C_/Pico_SDK_v1.5.0/pico-sdk/src/rp2_common/hardware_timer/timer.c.obj
 *fill*         0x1000ec66        0x2 
 .rodata.__func__.1
                0x1000ec68       0x15 CMakeFiles/blinky_and_OLED.dir/C_/Pico_SDK_v1.5.0/pico-sdk/src/rp2_common/hardware_timer/timer.c.obj
 .rodata.ph_add_child_node.str1.4
                0x1000ec7d       0x96 CMakeFiles/blinky_and_OLED.dir/C_/Pico_SDK_v1.5.0/pico-sdk/src/common/pico_util/pheap.c.obj
 *fill*         0x1000ec7d        0x3 
 .rodata.ph_remove_any_head.str1.4
                0x1000ec80       0x90 CMakeFiles/blinky_and_OLED.dir/C_/Pico_SDK_v1.5.0/pico-sdk/src/common/pico_util/pheap.c.obj
                                 0xa4 (size before relaxing)
 .rodata.ph_remove_and_free_node.str1.4
                0x1000ed10       0x1e CMakeFiles/blinky_and_OLED.dir/C_/Pico_SDK_v1.5.0/pico-sdk/src/common/pico_util/pheap.c.obj
                                 0x26 (size before relaxing)
 *fill*         0x1000ed2e        0x2 
 .rodata.__func__.0
                0x1000ed30       0x18 CMakeFiles/blinky_and_OLED.dir/C_/Pico_SDK_v1.5.0/pico-sdk/src/common/pico_util/pheap.c.obj
 .rodata.__func__.1
                0x1000ed48       0x13 CMakeFiles/blinky_and_OLED.dir/C_/Pico_SDK_v1.5.0/pico-sdk/src/common/pico_util/pheap.c.obj
 *fill*         0x1000ed5b        0x1 
 .rodata.__func__.2
                0x1000ed5c       0x12 CMakeFiles/blinky_and_OLED.dir/C_/Pico_SDK_v1.5.0/pico-sdk/src/common/pico_util/pheap.c.obj
 *fill*         0x1000ed6e        0x2 
 .rodata.__func__.3
                0x1000ed70        0xc CMakeFiles/blinky_and_OLED.dir/C_/Pico_SDK_v1.5.0/pico-sdk/src/common/pico_util/pheap.c.obj
 .rodata.clock_configure.str1.4
                0x1000ed7c       0x58 CMakeFiles/blinky_and_OLED.dir/C_/Pico_SDK_v1.5.0/pico-sdk/src/rp2_common/hardware_clocks/clocks.c.obj
 .rodata.__func__.1
                0x1000edd4       0x10 CMakeFiles/blinky_and_OLED.dir/C_/Pico_SDK_v1.5.0/pico-sdk/src/rp2_common/hardware_clocks/clocks.c.obj
 .rodata.pll_init.str1.4
                0x1000ede4      0x123 CMakeFiles/blinky_and_OLED.dir/C_/Pico_SDK_v1.5.0/pico-sdk/src/rp2_common/hardware_pll/pll.c.obj
 *fill*         0x1000ef07        0x1 
 .rodata.__func__.0
                0x1000ef08        0x9 CMakeFiles/blinky_and_OLED.dir/C_/Pico_SDK_v1.5.0/pico-sdk/src/rp2_common/hardware_pll/pll.c.obj
 *fill*         0x1000ef11        0x3 
 .rodata.__assert_func.str1.4
                0x1000ef14       0x3f CMakeFiles/blinky_and_OLED.dir/C_/Pico_SDK_v1.5.0/pico-sdk/src/rp2_common/pico_runtime/runtime.c.obj
                                 0x43 (size before relaxing)
 *fill*         0x1000ef53        0x1 
 .rodata.runtime_init.str1.4
                0x1000ef54       0x62 CMakeFiles/blinky_and_OLED.dir/C_/Pico_SDK_v1.5.0/pico-sdk/src/rp2_common/pico_runtime/runtime.c.obj
 *fill*         0x1000efb6        0x2 
 .rodata.panic.str1.4
                0x1000efb8       0x10 CMakeFiles/blinky_and_OLED.dir/C_/Pico_SDK_v1.5.0/pico-sdk/src/rp2_common/pico_runtime/runtime.c.obj
                                 0x12 (size before relaxing)
 .rodata.__func__.2
                0x1000efc8        0xd CMakeFiles/blinky_and_OLED.dir/C_/Pico_SDK_v1.5.0/pico-sdk/src/rp2_common/pico_runtime/runtime.c.obj
 *fill*         0x1000efd5        0x3 
 .rodata._ftoa.str1.4
                0x1000efd8       0x15 CMakeFiles/blinky_and_OLED.dir/C_/Pico_SDK_v1.5.0/pico-sdk/src/rp2_common/pico_printf/printf.c.obj
 *fill*         0x1000efed        0x3 
 .rodata._vsnprintf
                0x1000eff0      0x1e0 CMakeFiles/blinky_and_OLED.dir/C_/Pico_SDK_v1.5.0/pico-sdk/src/rp2_common/pico_printf/printf.c.obj
 .rodata.pow10.0
                0x1000f1d0       0x50 CMakeFiles/blinky_and_OLED.dir/C_/Pico_SDK_v1.5.0/pico-sdk/src/rp2_common/pico_printf/printf.c.obj
 .rodata.missing_double_func_shim.str1.4
                0x1000f220       0x18 CMakeFiles/blinky_and_OLED.dir/C_/Pico_SDK_v1.5.0/pico-sdk/src/rp2_common/pico_double/double_init_rom.c.obj
 .rodata.__aeabi_double_init.str1.4
                0x1000f238       0xa9 CMakeFiles/blinky_and_OLED.dir/C_/Pico_SDK_v1.5.0/pico-sdk/src/rp2_common/pico_double/double_init_rom.c.obj
 *fill*         0x1000f2e1        0x3 
 .rodata.__func__.0
                0x1000f2e4       0x14 CMakeFiles/blinky_and_OLED.dir/C_/Pico_SDK_v1.5.0/pico-sdk/src/rp2_common/pico_double/double_init_rom.c.obj
 .rodata.missing_float_func_shim.str1.4
                0x1000f2f8        0x1 CMakeFiles/blinky_and_OLED.dir/C_/Pico_SDK_v1.5.0/pico-sdk/src/rp2_common/pico_float/float_init_rom.c.obj
 .rodata.__aeabi_float_init.str1.4
                0x1000f2f8       0x7b CMakeFiles/blinky_and_OLED.dir/C_/Pico_SDK_v1.5.0/pico-sdk/src/rp2_common/pico_float/float_init_rom.c.obj
 *fill*         0x1000f373        0x1 
 .rodata.__func__.0
                0x1000f374       0x13 CMakeFiles/blinky_and_OLED.dir/C_/Pico_SDK_v1.5.0/pico-sdk/src/rp2_common/pico_float/float_init_rom.c.obj
 *fill*         0x1000f387        0x1 
 .rodata.__wrap_malloc.str1.4
                0x1000f388        0xe CMakeFiles/blinky_and_OLED.dir/C_/Pico_SDK_v1.5.0/pico-sdk/src/rp2_common/pico_malloc/pico_malloc.c.obj
 *fill*         0x1000f396        0x2 
 .rodata.str1.4
                0x1000f398       0x44 CMakeFiles/blinky_and_OLED.dir/C_/Pico_SDK_v1.5.0/pico-sdk/src/rp2_common/pico_standard_link/binary_info.c.obj
 .rodata.__bi_44
                0x1000f3dc        0xc CMakeFiles/blinky_and_OLED.dir/C_/Pico_SDK_v1.5.0/pico-sdk/src/rp2_common/pico_standard_link/binary_info.c.obj
 .rodata.__bi_75
                0x1000f3e8        0xc CMakeFiles/blinky_and_OLED.dir/C_/Pico_SDK_v1.5.0/pico-sdk/src/rp2_common/pico_standard_link/binary_info.c.obj
 .rodata.__bi_81
                0x1000f3f4        0xc CMakeFiles/blinky_and_OLED.dir/C_/Pico_SDK_v1.5.0/pico-sdk/src/rp2_common/pico_standard_link/binary_info.c.obj
 .rodata.stdout_serialize_begin.str1.4
                0x1000f400       0x62 CMakeFiles/blinky_and_OLED.dir/C_/Pico_SDK_v1.5.0/pico-sdk/src/rp2_common/pico_stdio/stdio.c.obj
 .rodata.__func__.3
                0x1000f400       0x15 CMakeFiles/blinky_and_OLED.dir/C_/Pico_SDK_v1.5.0/pico-sdk/src/rp2_common/pico_stdio/stdio.c.obj
 *fill*         0x1000f415        0x3 
 .rodata.crlf_str.2
                0x1000f418        0x2 CMakeFiles/blinky_and_OLED.dir/C_/Pico_SDK_v1.5.0/pico-sdk/src/rp2_common/pico_stdio/stdio.c.obj
 *fill*         0x1000f41a        0x2 
 .rodata.str1.4
                0x1000f41c       0x2c CMakeFiles/blinky_and_OLED.dir/C_/Pico_SDK_v1.5.0/pico-sdk/src/rp2_common/pico_stdio_uart/stdio_uart.c.obj
 .rodata.__bi_33.4
                0x1000f448        0xc CMakeFiles/blinky_and_OLED.dir/C_/Pico_SDK_v1.5.0/pico-sdk/src/rp2_common/pico_stdio_uart/stdio_uart.c.obj
 .rodata.__bi_34.5
                0x1000f454        0x8 CMakeFiles/blinky_and_OLED.dir/C_/Pico_SDK_v1.5.0/pico-sdk/src/rp2_common/pico_stdio_uart/stdio_uart.c.obj
 .rodata.i2c_set_baudrate.str1.4
                0x1000f45c       0x5e CMakeFiles/blinky_and_OLED.dir/C_/Pico_SDK_v1.5.0/pico-sdk/src/rp2_common/hardware_i2c/i2c.c.obj
 *fill*         0x1000f4ba        0x2 
 .rodata.__func__.0
                0x1000f4bc       0x11 CMakeFiles/blinky_and_OLED.dir/C_/Pico_SDK_v1.5.0/pico-sdk/src/rp2_common/hardware_i2c/i2c.c.obj
 *fill*         0x1000f4cd        0x3 
 .rodata.__cxa_pure_virtual.str1.4
                0x1000f4d0       0x1c c:/pico_sdk_v1.5.0/gcc-arm-none-eabi/bin/../lib/gcc/arm-none-eabi/10.3.1/../../../../arm-none-eabi/lib/thumb/v6-m/nofp\libstdc++.a(pure.o)
 .rodata._ZN9__gnu_cxx27__verbose_terminate_handlerEv.str1.4
                0x1000f4ec       0x94 c:/pico_sdk_v1.5.0/gcc-arm-none-eabi/bin/../lib/gcc/arm-none-eabi/10.3.1/../../../../arm-none-eabi/lib/thumb/v6-m/nofp\libstdc++.a(vterminate.o)
 .rodata        0x1000f580     0x1144 c:/pico_sdk_v1.5.0/gcc-arm-none-eabi/bin/../lib/gcc/arm-none-eabi/10.3.1/../../../../arm-none-eabi/lib/thumb/v6-m/nofp\libstdc++.a(cp-demangle.o)
 .rodata.str1.4
                0x100106c4      0x88d c:/pico_sdk_v1.5.0/gcc-arm-none-eabi/bin/../lib/gcc/arm-none-eabi/10.3.1/../../../../arm-none-eabi/lib/thumb/v6-m/nofp\libstdc++.a(cp-demangle.o)
                                0x8e9 (size before relaxing)
 *fill*         0x10010f51        0x3 
 .rodata._ZNKSt13bad_exception4whatEv.str1.4
                0x10010f54       0x13 c:/pico_sdk_v1.5.0/gcc-arm-none-eabi/bin/../lib/gcc/arm-none-eabi/10.3.1/../../../../arm-none-eabi/lib/thumb/v6-m/nofp\libstdc++.a(eh_exception.o)
 *fill*         0x10010f67        0x1 
 .rodata._ZTIN10__cxxabiv115__forced_unwindE
                0x10010f68        0x8 c:/pico_sdk_v1.5.0/gcc-arm-none-eabi/bin/../lib/gcc/arm-none-eabi/10.3.1/../../../../arm-none-eabi/lib/thumb/v6-m/nofp\libstdc++.a(eh_exception.o)
                0x10010f68                typeinfo for __cxxabiv1::__forced_unwind
 .rodata._ZTIN10__cxxabiv119__foreign_exceptionE
                0x10010f70        0x8 c:/pico_sdk_v1.5.0/gcc-arm-none-eabi/bin/../lib/gcc/arm-none-eabi/10.3.1/../../../../arm-none-eabi/lib/thumb/v6-m/nofp\libstdc++.a(eh_exception.o)
                0x10010f70                typeinfo for __cxxabiv1::__foreign_exception
 .rodata._ZTISt13bad_exception
                0x10010f78        0xc c:/pico_sdk_v1.5.0/gcc-arm-none-eabi/bin/../lib/gcc/arm-none-eabi/10.3.1/../../../../arm-none-eabi/lib/thumb/v6-m/nofp\libstdc++.a(eh_exception.o)
                0x10010f78                typeinfo for std::bad_exception
 .rodata._ZTISt9exception
                0x10010f84        0x8 c:/pico_sdk_v1.5.0/gcc-arm-none-eabi/bin/../lib/gcc/arm-none-eabi/10.3.1/../../../../arm-none-eabi/lib/thumb/v6-m/nofp\libstdc++.a(eh_exception.o)
                0x10010f84                typeinfo for std::exception
 .rodata._ZTSN10__cxxabiv115__forced_unwindE
                0x10010f8c       0x20 c:/pico_sdk_v1.5.0/gcc-arm-none-eabi/bin/../lib/gcc/arm-none-eabi/10.3.1/../../../../arm-none-eabi/lib/thumb/v6-m/nofp\libstdc++.a(eh_exception.o)
                0x10010f8c                typeinfo name for __cxxabiv1::__forced_unwind
 .rodata._ZTSN10__cxxabiv119__foreign_exceptionE
                0x10010fac       0x24 c:/pico_sdk_v1.5.0/gcc-arm-none-eabi/bin/../lib/gcc/arm-none-eabi/10.3.1/../../../../arm-none-eabi/lib/thumb/v6-m/nofp\libstdc++.a(eh_exception.o)
                0x10010fac                typeinfo name for __cxxabiv1::__foreign_exception
 .rodata._ZTSSt13bad_exception
                0x10010fd0       0x12 c:/pico_sdk_v1.5.0/gcc-arm-none-eabi/bin/../lib/gcc/arm-none-eabi/10.3.1/../../../../arm-none-eabi/lib/thumb/v6-m/nofp\libstdc++.a(eh_exception.o)
                0x10010fd0                typeinfo name for std::bad_exception
 *fill*         0x10010fe2        0x2 
 .rodata._ZTSSt9exception
                0x10010fe4        0xd c:/pico_sdk_v1.5.0/gcc-arm-none-eabi/bin/../lib/gcc/arm-none-eabi/10.3.1/../../../../arm-none-eabi/lib/thumb/v6-m/nofp\libstdc++.a(eh_exception.o)
                0x10010fe4                typeinfo name for std::exception
 *fill*         0x10010ff1        0x3 
 .rodata._ZTVSt13bad_exception
                0x10010ff4       0x14 c:/pico_sdk_v1.5.0/gcc-arm-none-eabi/bin/../lib/gcc/arm-none-eabi/10.3.1/../../../../arm-none-eabi/lib/thumb/v6-m/nofp\libstdc++.a(eh_exception.o)
                0x10010ff4                vtable for std::bad_exception
 .rodata._ZL28read_encoded_value_with_basehjPKhPj
                0x10011008       0x34 c:/pico_sdk_v1.5.0/gcc-arm-none-eabi/bin/../lib/gcc/arm-none-eabi/10.3.1/../../../../arm-none-eabi/lib/thumb/v6-m/nofp\libstdc++.a(eh_personality.o)
 .rodata._ZTIN10__cxxabiv120__si_class_type_infoE
                0x1001103c        0xc c:/pico_sdk_v1.5.0/gcc-arm-none-eabi/bin/../lib/gcc/arm-none-eabi/10.3.1/../../../../arm-none-eabi/lib/thumb/v6-m/nofp\libstdc++.a(si_class_type_info.o)
                0x1001103c                typeinfo for __cxxabiv1::__si_class_type_info
 .rodata._ZTSN10__cxxabiv120__si_class_type_infoE
                0x10011048       0x25 c:/pico_sdk_v1.5.0/gcc-arm-none-eabi/bin/../lib/gcc/arm-none-eabi/10.3.1/../../../../arm-none-eabi/lib/thumb/v6-m/nofp\libstdc++.a(si_class_type_info.o)
                0x10011048                typeinfo name for __cxxabiv1::__si_class_type_info
 *fill*         0x1001106d        0x3 
 .rodata._ZTVN10__cxxabiv120__si_class_type_infoE
                0x10011070       0x2c c:/pico_sdk_v1.5.0/gcc-arm-none-eabi/bin/../lib/gcc/arm-none-eabi/10.3.1/../../../../arm-none-eabi/lib/thumb/v6-m/nofp\libstdc++.a(si_class_type_info.o)
                0x10011070                vtable for __cxxabiv1::__si_class_type_info
 .rodata._ZTISt9type_info
                0x1001109c        0x8 c:/pico_sdk_v1.5.0/gcc-arm-none-eabi/bin/../lib/gcc/arm-none-eabi/10.3.1/../../../../arm-none-eabi/lib/thumb/v6-m/nofp\libstdc++.a(tinfo.o)
                0x1001109c                typeinfo for std::type_info
 .rodata._ZTSSt9type_info