Archive member included to satisfy reference by file (symbol)

c:/pico_sdk_v1.5.0/gcc-arm-none-eabi/bin/../lib/gcc/arm-none-eabi/10.3.1/../../../../arm-none-eabi/lib/thumb/v6-m/nofp\libstdc++.a(pure.o)
                              CMakeFiles/ex3_blinky_and_OLED.dir/main.cpp.obj (__cxa_pure_virtual)
c:/pico_sdk_v1.5.0/gcc-arm-none-eabi/bin/../lib/gcc/arm-none-eabi/10.3.1/../../../../arm-none-eabi/lib/thumb/v6-m/nofp\libstdc++.a(eh_terminate.o)
                              c:/pico_sdk_v1.5.0/gcc-arm-none-eabi/bin/../lib/gcc/arm-none-eabi/10.3.1/../../../../arm-none-eabi/lib/thumb/v6-m/nofp\libstdc++.a(pure.o) (std::terminate())
c:/pico_sdk_v1.5.0/gcc-arm-none-eabi/bin/../lib/gcc/arm-none-eabi/10.3.1/../../../../arm-none-eabi/lib/thumb/v6-m/nofp\libstdc++.a(eh_unex_handler.o)
                              c:/pico_sdk_v1.5.0/gcc-arm-none-eabi/bin/../lib/gcc/arm-none-eabi/10.3.1/../../../../arm-none-eabi/lib/thumb/v6-m/nofp\libstdc++.a(eh_terminate.o) (__cxxabiv1::__unexpected_handler)
c:/pico_sdk_v1.5.0/gcc-arm-none-eabi/bin/../lib/gcc/arm-none-eabi/10.3.1/../../../../arm-none-eabi/lib/thumb/v6-m/nofp\libstdc++.a(vterminate.o)
                              c:/pico_sdk_v1.5.0/gcc-arm-none-eabi/bin/../lib/gcc/arm-none-eabi/10.3.1/../../../../arm-none-eabi/lib/thumb/v6-m/nofp\libstdc++.a(eh_terminate.o) (__gnu_cxx::__verbose_terminate_handler())
c:/pico_sdk_v1.5.0/gcc-arm-none-eabi/bin/../lib/gcc/arm-none-eabi/10.3.1/../../../../arm-none-eabi/lib/thumb/v6-m/nofp\libstdc++.a(cp-demangle.o)
                              c:/pico_sdk_v1.5.0/gcc-arm-none-eabi/bin/../lib/gcc/arm-none-eabi/10.3.1/../../../../arm-none-eabi/lib/thumb/v6-m/nofp\libstdc++.a(vterminate.o) (__cxa_demangle)
c:/pico_sdk_v1.5.0/gcc-arm-none-eabi/bin/../lib/gcc/arm-none-eabi/10.3.1/../../../../arm-none-eabi/lib/thumb/v6-m/nofp\libstdc++.a(eh_arm.o)
                              c:/pico_sdk_v1.5.0/gcc-arm-none-eabi/bin/../lib/gcc/arm-none-eabi/10.3.1/../../../../arm-none-eabi/lib/thumb/v6-m/nofp\libstdc++.a(eh_terminate.o) (__cxa_end_cleanup)
c:/pico_sdk_v1.5.0/gcc-arm-none-eabi/bin/../lib/gcc/arm-none-eabi/10.3.1/../../../../arm-none-eabi/lib/thumb/v6-m/nofp\libstdc++.a(eh_call.o)
                              c:/pico_sdk_v1.5.0/gcc-arm-none-eabi/bin/../lib/gcc/arm-none-eabi/10.3.1/../../../../arm-none-eabi/lib/thumb/v6-m/nofp\libstdc++.a(eh_terminate.o) (__cxa_call_unexpected)
c:/pico_sdk_v1.5.0/gcc-arm-none-eabi/bin/../lib/gcc/arm-none-eabi/10.3.1/../../../../arm-none-eabi/lib/thumb/v6-m/nofp\libstdc++.a(eh_catch.o)
                              c:/pico_sdk_v1.5.0/gcc-arm-none-eabi/bin/../lib/gcc/arm-none-eabi/10.3.1/../../../../arm-none-eabi/lib/thumb/v6-m/nofp\libstdc++.a(eh_terminate.o) (__cxa_begin_catch)
c:/pico_sdk_v1.5.0/gcc-arm-none-eabi/bin/../lib/gcc/arm-none-eabi/10.3.1/../../../../arm-none-eabi/lib/thumb/v6-m/nofp\libstdc++.a(eh_exception.o)
                              c:/pico_sdk_v1.5.0/gcc-arm-none-eabi/bin/../lib/gcc/arm-none-eabi/10.3.1/../../../../arm-none-eabi/lib/thumb/v6-m/nofp\libstdc++.a(eh_call.o) (std::bad_exception::~bad_exception())
c:/pico_sdk_v1.5.0/gcc-arm-none-eabi/bin/../lib/gcc/arm-none-eabi/10.3.1/../../../../arm-none-eabi/lib/thumb/v6-m/nofp\libstdc++.a(eh_globals.o)
                              c:/pico_sdk_v1.5.0/gcc-arm-none-eabi/bin/../lib/gcc/arm-none-eabi/10.3.1/../../../../arm-none-eabi/lib/thumb/v6-m/nofp\libstdc++.a(eh_call.o) (__cxa_get_globals_fast)
c:/pico_sdk_v1.5.0/gcc-arm-none-eabi/bin/../lib/gcc/arm-none-eabi/10.3.1/../../../../arm-none-eabi/lib/thumb/v6-m/nofp\libstdc++.a(eh_personality.o)
                              c:/pico_sdk_v1.5.0/gcc-arm-none-eabi/bin/../lib/gcc/arm-none-eabi/10.3.1/../../../../arm-none-eabi/lib/thumb/v6-m/nofp\libstdc++.a(eh_terminate.o) (__gxx_personality_v0)
c:/pico_sdk_v1.5.0/gcc-arm-none-eabi/bin/../lib/gcc/arm-none-eabi/10.3.1/../../../../arm-none-eabi/lib/thumb/v6-m/nofp\libstdc++.a(eh_term_handler.o)
                              c:/pico_sdk_v1.5.0/gcc-arm-none-eabi/bin/../lib/gcc/arm-none-eabi/10.3.1/../../../../arm-none-eabi/lib/thumb/v6-m/nofp\libstdc++.a(eh_terminate.o) (__cxxabiv1::__terminate_handler)
c:/pico_sdk_v1.5.0/gcc-arm-none-eabi/bin/../lib/gcc/arm-none-eabi/10.3.1/../../../../arm-none-eabi/lib/thumb/v6-m/nofp\libstdc++.a(eh_throw.o)
                              c:/pico_sdk_v1.5.0/gcc-arm-none-eabi/bin/../lib/gcc/arm-none-eabi/10.3.1/../../../../arm-none-eabi/lib/thumb/v6-m/nofp\libstdc++.a(eh_call.o) (__cxa_throw)
c:/pico_sdk_v1.5.0/gcc-arm-none-eabi/bin/../lib/gcc/arm-none-eabi/10.3.1/../../../../arm-none-eabi/lib/thumb/v6-m/nofp\libstdc++.a(eh_type.o)
                              c:/pico_sdk_v1.5.0/gcc-arm-none-eabi/bin/../lib/gcc/arm-none-eabi/10.3.1/../../../../arm-none-eabi/lib/thumb/v6-m/nofp\libstdc++.a(vterminate.o) (__cxa_current_exception_type)
c:/pico_sdk_v1.5.0/gcc-arm-none-eabi/bin/../lib/gcc/arm-none-eabi/10.3.1/../../../../arm-none-eabi/lib/thumb/v6-m/nofp\libstdc++.a(si_class_type_info.o)
[...]
Memory Configuration

Name             Origin             Length             Attributes
FLASH            0x10000000         0x00200000         xr
RAM              0x20000000         0x00040000         xrw
SCRATCH_X        0x20040000         0x00001000         xrw
SCRATCH_Y        0x20041000         0x00001000         xrw
*default*        0x00000000         0xffffffff

Linker script and memory map

LOAD c:/pico_sdk_v1.5.0/gcc-arm-none-eabi/bin/../lib/gcc/arm-none-eabi/10.3.1/thumb/v6-m/nofp/crti.o
LOAD c:/pico_sdk_v1.5.0/gcc-arm-none-eabi/bin/../lib/gcc/arm-none-eabi/10.3.1/thumb/v6-m/nofp/crtbegin.o
LOAD c:/pico_sdk_v1.5.0/gcc-arm-none-eabi/bin/../lib/gcc/arm-none-eabi/10.3.1/../../../../arm-none-eabi/lib/thumb/v6-m/nofp/crt0.o

.flash_begin    0x10000000        0x0
                0x10000000                __flash_binary_start = .

.boot2          0x10000000      0x100
                0x10000000                __boot2_start__ = .
 *(.boot2)
 .boot2         0x10000000      0x100 C:\Users\andig\AppData\Local\Temp\ccoIq6a8.o
                0x10000100                __boot2_end__ = .
                0x00000001                ASSERT (((__boot2_end__ - __boot2_start__) == 0x100), ERROR: Pico second stage bootloader must be 256 bytes in size)

.text           0x10000100     0xe360
                0x10000100                __logical_binary_start = .
 *(.vectors)
 .vectors       0x10000100       0xd4 CMakeFiles/ex3_blinky_and_OLED.dir/C_/Pico_SDK_v1.5.0/pico-sdk/src/rp2_common/pico_standard_link/crt0.S.obj
                0x10000100                __VECTOR_TABLE
                0x10000100                __vectors
                0x100001c0                isr_invalid
                0x100001c0                __default_isrs_start
                0x100001c2                isr_nmi
                0x100001c4                isr_hardfault
                0x100001c6                isr_svcall
                0x100001c8                isr_pendsv
                0x100001ca                isr_systick
                0x100001cc                isr_irq23
                0x100001cc                isr_irq18
                0x100001cc                isr_irq11
                0x100001cc                isr_irq28
                0x100001cc                isr_irq19
                0x100001cc                isr_irq0
                0x100001cc                isr_irq6
                0x100001cc                isr_irq5
                0x100001cc                isr_irq12
                0x100001cc                isr_irq22
                0x100001cc                isr_irq31
                0x100001cc                isr_irq17
                0x100001cc                isr_irq27
                0x100001cc                isr_irq30
                0x100001cc                isr_irq2
                0x100001cc                isr_irq10
                0x100001cc                isr_irq8
                0x100001cc                isr_irq24
                0x100001cc                isr_irq1
                0x100001cc                isr_irq7
                0x100001cc                isr_irq21
                0x100001cc                isr_irq20
                0x100001cc                isr_irq15
                0x100001cc                isr_irq25
                0x100001cc                isr_irq13
                0x100001cc                __unhandled_user_irq
                0x100001cc                isr_irq4
                0x100001cc                isr_irq16
                0x100001cc                isr_irq29
                0x100001cc                isr_irq26
                0x100001cc                __default_isrs_end
                0x100001cc                isr_irq3
                0x100001cc                isr_irq14
                0x100001cc                isr_irq9
                0x100001d2                unhandled_user_irq_num_in_r0
 *(.binary_info_header)
 .binary_info_header
                0x100001d4       0x14 CMakeFiles/ex3_blinky_and_OLED.dir/C_/Pico_SDK_v1.5.0/pico-sdk/src/rp2_common/pico_standard_link/crt0.S.obj
                0x100001e8                __binary_info_header_end = .
 *(.reset)
 .reset         0x100001e8       0xa0 CMakeFiles/ex3_blinky_and_OLED.dir/C_/Pico_SDK_v1.5.0/pico-sdk/src/rp2_common/pico_standard_link/crt0.S.obj
                0x100001e8                _entry_point
 .reset         0x10000288       0x30 CMakeFiles/ex3_blinky_and_OLED.dir/C_/Pico_SDK_v1.5.0/pico-sdk/src/rp2_common/pico_standard_link/binary_info.c.obj
 *(.init)
 .init          0x100002b8        0x4 c:/pico_sdk_v1.5.0/gcc-arm-none-eabi/bin/../lib/gcc/arm-none-eabi/10.3.1/thumb/v6-m/nofp/crti.o
                0x100002b8                _init
 *(EXCLUDE_FILE(*libm.a: *libc.a:*lib_a-mem*.o *libgcc.a:) .text*)
 .text          0x100002bc       0x48 c:/pico_sdk_v1.5.0/gcc-arm-none-eabi/bin/../lib/gcc/arm-none-eabi/10.3.1/thumb/v6-m/nofp/crtbegin.o
 .text._Z14timer_callbackP15repeating_timer
                0x10000304       0x10 CMakeFiles/ex3_blinky_and_OLED.dir/main.cpp.obj
                0x10000304                timer_callback(repeating_timer*)
 .text._Z10create_ledj
                0x10000314       0x80 CMakeFiles/ex3_blinky_and_OLED.dir/main.cpp.obj
                0x10000314                create_led(unsigned int)
 .text._Z13adjust_brightji
                0x10000394       0x50 CMakeFiles/ex3_blinky_and_OLED.dir/main.cpp.obj
                0x10000394                adjust_bright(unsigned int, int)
 .text.main     0x100003e4      0x248 CMakeFiles/ex3_blinky_and_OLED.dir/main.cpp.obj
                0x100003e4                main
 .text._ZN8framebufC2Ett
                0x1000062c       0x10 CMakeFiles/ex3_blinky_and_OLED.dir/display/framebuf.cpp.obj
                0x1000062c                framebuf::framebuf(unsigned short, unsigned short)
                0x1000062c                framebuf::framebuf(unsigned short, unsigned short)
 .text._ZN8framebuf4textEPKcttm
                0x1000063c       0xa0 CMakeFiles/ex3_blinky_and_OLED.dir/display/framebuf.cpp.obj
                0x1000063c                framebuf::text(char const*, unsigned short, unsigned short, unsigned long)
 .text._ZN8framebuf4fillEm
                0x100006dc       0x1a CMakeFiles/ex3_blinky_and_OLED.dir/display/framebuf.cpp.obj
                0x100006dc                framebuf::fill(unsigned long)
 .text._ZN8framebuf4blitERS_ssmPKS_
                0x100006f6      0x132 CMakeFiles/ex3_blinky_and_OLED.dir/display/framebuf.cpp.obj
                0x100006f6                framebuf::blit(framebuf&, short, short, unsigned long, framebuf const*)
 .text._ZN9mono_vlsb8setpixelEttm
                0x10000828       0x2a CMakeFiles/ex3_blinky_and_OLED.dir/display/mono_vlsb.cpp.obj
                0x10000828                mono_vlsb::setpixel(unsigned short, unsigned short, unsigned long)
 .text._ZNK9mono_vlsb8getpixelEtt
                0x10000852       0x20 CMakeFiles/ex3_blinky_and_OLED.dir/display/mono_vlsb.cpp.obj
                0x10000852                mono_vlsb::getpixel(unsigned short, unsigned short) const
 .text._ZN9mono_vlsb9fill_rectEttttm
                0x10000872       0x78 CMakeFiles/ex3_blinky_and_OLED.dir/display/mono_vlsb.cpp.obj
                0x10000872                mono_vlsb::fill_rect(unsigned short, unsigned short, unsigned short, unsigned short, unsigned long)
 .text._ZNSt16_Sp_counted_baseILN9__gnu_cxx12_Lock_policyE0EE10_M_destroyEv
                0x100008ea        0xa CMakeFiles/ex3_blinky_and_OLED.dir/display/mono_vlsb.cpp.obj
                0x100008ea                std::_Sp_counted_base<(__gnu_cxx::_Lock_policy)0>::_M_destroy()
 .text._ZNSt15_Sp_counted_ptrIPhLN9__gnu_cxx12_Lock_policyE0EED2Ev
                0x100008f4       0x14 CMakeFiles/ex3_blinky_and_OLED.dir/display/mono_vlsb.cpp.obj
                0x100008f4                std::_Sp_counted_ptr<unsigned char*, (__gnu_cxx::_Lock_policy)0>::~_Sp_counted_ptr()
                0x100008f4                std::_Sp_counted_ptr<unsigned char*, (__gnu_cxx::_Lock_policy)0>::~_Sp_counted_ptr()
 .text._ZN9mono_vlsbD2Ev
                0x10000908       0x44 CMakeFiles/ex3_blinky_and_OLED.dir/display/mono_vlsb.cpp.obj
                0x10000908                mono_vlsb::~mono_vlsb()
                0x10000908                mono_vlsb::~mono_vlsb()
 .text._ZNSt15_Sp_counted_ptrIPhLN9__gnu_cxx12_Lock_policyE0EE14_M_get_deleterERKSt9type_info
                0x1000094c        0x4 CMakeFiles/ex3_blinky_and_OLED.dir/display/mono_vlsb.cpp.obj
                0x1000094c                std::_Sp_counted_ptr<unsigned char*, (__gnu_cxx::_Lock_policy)0>::_M_get_deleter(std::type_info const&)
 .text._ZNSt15_Sp_counted_ptrIPhLN9__gnu_cxx12_Lock_policyE0EE10_M_disposeEv
                0x10000950       0x10 CMakeFiles/ex3_blinky_and_OLED.dir/display/mono_vlsb.cpp.obj
                0x10000950                std::_Sp_counted_ptr<unsigned char*, (__gnu_cxx::_Lock_policy)0>::_M_dispose()
 .text._ZNSt15_Sp_counted_ptrIPhLN9__gnu_cxx12_Lock_policyE0EED0Ev
                0x10000960       0x20 CMakeFiles/ex3_blinky_and_OLED.dir/display/mono_vlsb.cpp.obj
                0x10000960                std::_Sp_counted_ptr<unsigned char*, (__gnu_cxx::_Lock_policy)0>::~_Sp_counted_ptr()
 .text._ZNSt15_Sp_counted_ptrIPhLN9__gnu_cxx12_Lock_policyE0EE10_M_destroyEv
                0x10000980       0x1c CMakeFiles/ex3_blinky_and_OLED.dir/display/mono_vlsb.cpp.obj
                0x10000980                std::_Sp_counted_ptr<unsigned char*, (__gnu_cxx::_Lock_policy)0>::_M_destroy()
 .text._ZN9mono_vlsbD0Ev
                0x1000099c       0x4c CMakeFiles/ex3_blinky_and_OLED.dir/display/mono_vlsb.cpp.obj
                0x1000099c                mono_vlsb::~mono_vlsb()
 .text._ZN9mono_vlsbC2Etttt
                0x100009e8       0x88 CMakeFiles/ex3_blinky_and_OLED.dir/display/mono_vlsb.cpp.obj
                0x100009e8                mono_vlsb::mono_vlsb(unsigned short, unsigned short, unsigned short, unsigned short)
                0x100009e8                mono_vlsb::mono_vlsb(unsigned short, unsigned short, unsigned short, unsigned short)
 .text._ZN9mono_vlsbC2EPKhhttt
                0x10000a70       0x9c CMakeFiles/ex3_blinky_and_OLED.dir/display/mono_vlsb.cpp.obj
                0x10000a70                mono_vlsb::mono_vlsb(unsigned char const*, unsigned char, unsigned short, unsigned short, unsigned short)
                0x10000a70                mono_vlsb::mono_vlsb(unsigned char const*, unsigned char, unsigned short, unsigned short, unsigned short)
 .text._ZN7ssd1306D0Ev
                0x10000b0c       0x54 CMakeFiles/ex3_blinky_and_OLED.dir/display/ssd1306.cpp.obj
                0x10000b0c                ssd1306::~ssd1306()
 .text._ZN7ssd1306D2Ev
                0x10000b60       0x4c CMakeFiles/ex3_blinky_and_OLED.dir/display/ssd1306.cpp.obj
                0x10000b60                ssd1306::~ssd1306()
                0x10000b60                ssd1306::~ssd1306()
 .text._ZN7ssd13068send_cmdEh
                0x10000bac       0x20 CMakeFiles/ex3_blinky_and_OLED.dir/display/ssd1306.cpp.obj
                0x10000bac                ssd1306::send_cmd(unsigned char)
 .text._ZN7ssd13064initEv
                0x10000bcc       0x96 CMakeFiles/ex3_blinky_and_OLED.dir/display/ssd1306.cpp.obj
                0x10000bcc                ssd1306::init()
 *fill*         0x10000c62        0x2 
 .text._ZN7ssd1306C2EP8i2c_instttt
                0x10000c64       0x38 CMakeFiles/ex3_blinky_and_OLED.dir/display/ssd1306.cpp.obj
                0x10000c64                ssd1306::ssd1306(i2c_inst*, unsigned short, unsigned short, unsigned short)
                0x10000c64                ssd1306::ssd1306(i2c_inst*, unsigned short, unsigned short, unsigned short)
 .text._ZN7ssd13064showEv
                0x10000c9c       0x6c CMakeFiles/ex3_blinky_and_OLED.dir/display/ssd1306.cpp.obj
                0x10000c9c                ssd1306::show()
 .text.gpio_set_function
                0x10000d08       0x30 CMakeFiles/ex3_blinky_and_OLED.dir/C_/Pico_SDK_v1.5.0/pico-sdk/src/rp2_common/hardware_gpio/gpio.c.obj
                0x10000d08                gpio_set_function
 .text.gpio_set_pulls
                0x10000d38       0x34 CMakeFiles/ex3_blinky_and_OLED.dir/C_/Pico_SDK_v1.5.0/pico-sdk/src/rp2_common/hardware_gpio/gpio.c.obj
                0x10000d38                gpio_set_pulls
 .text.running_on_fpga
                0x10000d6c       0x14 CMakeFiles/ex3_blinky_and_OLED.dir/C_/Pico_SDK_v1.5.0/pico-sdk/src/rp2_common/pico_platform/platform.c.obj
                0x10000d6c                running_on_fpga
 .text.hw_claim_lock
                0x10000d80       0x18 CMakeFiles/ex3_blinky_and_OLED.dir/C_/Pico_SDK_v1.5.0/pico-sdk/src/rp2_common/hardware_claim/claim.c.obj
                0x10000d80                hw_claim_lock
 .text.hw_claim_unlock
                0x10000d98       0x14 CMakeFiles/ex3_blinky_and_OLED.dir/C_/Pico_SDK_v1.5.0/pico-sdk/src/rp2_common/hardware_claim/claim.c.obj
                0x10000d98                hw_claim_unlock
 .text.hw_claim_or_assert
                0x10000dac       0x32 CMakeFiles/ex3_blinky_and_OLED.dir/C_/Pico_SDK_v1.5.0/pico-sdk/src/rp2_common/hardware_claim/claim.c.obj
                0x10000dac                hw_claim_or_assert
 *fill*         0x10000dde        0x2 
 .text.spin_locks_reset
                0x10000de0       0x20 CMakeFiles/ex3_blinky_and_OLED.dir/C_/Pico_SDK_v1.5.0/pico-sdk/src/rp2_common/hardware_sync/sync.c.obj
                0x10000de0                spin_locks_reset
 .text.next_striped_spin_lock_num
                0x10000e00       0x1c CMakeFiles/ex3_blinky_and_OLED.dir/C_/Pico_SDK_v1.5.0/pico-sdk/src/rp2_common/hardware_sync/sync.c.obj
                0x10000e00                next_striped_spin_lock_num
 .text.set_raw_irq_handler_and_unlock
                0x10000e1c       0x28 CMakeFiles/ex3_blinky_and_OLED.dir/C_/Pico_SDK_v1.5.0/pico-sdk/src/rp2_common/hardware_irq/irq.c.obj
 .text.make_branch
                0x10000e44       0x48 CMakeFiles/ex3_blinky_and_OLED.dir/C_/Pico_SDK_v1.5.0/pico-sdk/src/rp2_common/hardware_irq/irq.c.obj
 .text.insert_branch_and_link
                0x10000e8c       0x40 CMakeFiles/ex3_blinky_and_OLED.dir/C_/Pico_SDK_v1.5.0/pico-sdk/src/rp2_common/hardware_irq/irq.c.obj
 .text.irq_is_enabled
                0x10000ecc       0x18 CMakeFiles/ex3_blinky_and_OLED.dir/C_/Pico_SDK_v1.5.0/pico-sdk/src/rp2_common/hardware_irq/irq.c.obj
                0x10000ecc                irq_is_enabled
 .text.irq_set_mask_enabled
                0x10000ee4       0x20 CMakeFiles/ex3_blinky_and_OLED.dir/C_/Pico_SDK_v1.5.0/pico-sdk/src/rp2_common/hardware_irq/irq.c.obj
                0x10000ee4                irq_set_mask_enabled
 .text.irq_set_enabled
                0x10000f04        0xe CMakeFiles/ex3_blinky_and_OLED.dir/C_/Pico_SDK_v1.5.0/pico-sdk/src/rp2_common/hardware_irq/irq.c.obj
                0x10000f04                irq_set_enabled
 *fill*         0x10000f12        0x2 
 .text.irq_get_vtable_handler
                0x10000f14       0x10 CMakeFiles/ex3_blinky_and_OLED.dir/C_/Pico_SDK_v1.5.0/pico-sdk/src/rp2_common/hardware_irq/irq.c.obj
                0x10000f14                irq_get_vtable_handler
 .text.irq_set_exclusive_handler
                0x10000f24       0x54 CMakeFiles/ex3_blinky_and_OLED.dir/C_/Pico_SDK_v1.5.0/pico-sdk/src/rp2_common/hardware_irq/irq.c.obj
                0x10000f24                irq_set_exclusive_handler
 .text.irq_remove_handler
                0x10000f78      0x1ac CMakeFiles/ex3_blinky_and_OLED.dir/C_/Pico_SDK_v1.5.0/pico-sdk/src/rp2_common/hardware_irq/irq.c.obj
                0x10000f78                irq_remove_handler
 .text.irq_add_tail_to_free_list
                0x10001124       0xf0 CMakeFiles/ex3_blinky_and_OLED.dir/C_/Pico_SDK_v1.5.0/pico-sdk/src/rp2_common/hardware_irq/irq.c.obj
                0x10001124                irq_add_tail_to_free_list
 .text.irq_init_priorities
                0x10001214       0x1c CMakeFiles/ex3_blinky_and_OLED.dir/C_/Pico_SDK_v1.5.0/pico-sdk/src/rp2_common/hardware_irq/irq.c.obj
                0x10001214                irq_init_priorities
 .text.lock_init
                0x10001230       0x10 CMakeFiles/ex3_blinky_and_OLED.dir/C_/Pico_SDK_v1.5.0/pico-sdk/src/common/pico_sync/lock_core.c.obj
                0x10001230                lock_init
 .text.mutex_init
                0x10001240       0x1a CMakeFiles/ex3_blinky_and_OLED.dir/C_/Pico_SDK_v1.5.0/pico-sdk/src/common/pico_sync/mutex.c.obj
                0x10001240                mutex_init
 .text.recursive_mutex_init
                0x1000125a       0x1e CMakeFiles/ex3_blinky_and_OLED.dir/C_/Pico_SDK_v1.5.0/pico-sdk/src/common/pico_sync/mutex.c.obj
                0x1000125a                recursive_mutex_init
 .text.repeating_timer_callback
                0x10001278       0x40 CMakeFiles/ex3_blinky_and_OLED.dir/C_/Pico_SDK_v1.5.0/pico-sdk/src/common/pico_time/time.c.obj
 .text.alarm_pool_post_alloc_init
                0x100012b8       0x40 CMakeFiles/ex3_blinky_and_OLED.dir/C_/Pico_SDK_v1.5.0/pico-sdk/src/common/pico_time/time.c.obj
 .text.sleep_until_callback
                0x100012f8       0x30 CMakeFiles/ex3_blinky_and_OLED.dir/C_/Pico_SDK_v1.5.0/pico-sdk/src/common/pico_time/time.c.obj
 .text.timer_pool_entry_comparator
                0x10001328       0x7c CMakeFiles/ex3_blinky_and_OLED.dir/C_/Pico_SDK_v1.5.0/pico-sdk/src/common/pico_time/time.c.obj
                0x10001328                timer_pool_entry_comparator
 .text.ph_add_child_node
                0x100013a4       0xa4 CMakeFiles/ex3_blinky_and_OLED.dir/C_/Pico_SDK_v1.5.0/pico-sdk/src/common/pico_time/time.c.obj
 .text.ph_merge_nodes
                0x10001448       0x3e CMakeFiles/ex3_blinky_and_OLED.dir/C_/Pico_SDK_v1.5.0/pico-sdk/src/common/pico_time/time.c.obj
 *fill*         0x10001486        0x2 
 .text.add_alarm_under_lock
                0x10001488      0x174 CMakeFiles/ex3_blinky_and_OLED.dir/C_/Pico_SDK_v1.5.0/pico-sdk/src/common/pico_time/time.c.obj
 .text.alarm_pool_alarm_callback
                0x100015fc      0x33c CMakeFiles/ex3_blinky_and_OLED.dir/C_/Pico_SDK_v1.5.0/pico-sdk/src/common/pico_time/time.c.obj
 .text.alarm_pool_init_default
                0x10001938       0x40 CMakeFiles/ex3_blinky_and_OLED.dir/C_/Pico_SDK_v1.5.0/pico-sdk/src/common/pico_time/time.c.obj
                0x10001938                alarm_pool_init_default
 .text.alarm_pool_get_default
                0x10001978       0x2c CMakeFiles/ex3_blinky_and_OLED.dir/C_/Pico_SDK_v1.5.0/pico-sdk/src/common/pico_time/time.c.obj
                0x10001978                alarm_pool_get_default
 .text.alarm_pool_add_alarm_at
                0x100019a4      0x168 CMakeFiles/ex3_blinky_and_OLED.dir/C_/Pico_SDK_v1.5.0/pico-sdk/src/common/pico_time/time.c.obj
                0x100019a4                alarm_pool_add_alarm_at
 .text.alarm_pool_cancel_alarm
                0x10001b0c       0xf0 CMakeFiles/ex3_blinky_and_OLED.dir/C_/Pico_SDK_v1.5.0/pico-sdk/src/common/pico_time/time.c.obj
                0x10001b0c                alarm_pool_cancel_alarm
 .text.alarm_pool_add_repeating_timer_us
                0x10001bfc       0x98 CMakeFiles/ex3_blinky_and_OLED.dir/C_/Pico_SDK_v1.5.0/pico-sdk/src/common/pico_time/time.c.obj
                0x10001bfc                alarm_pool_add_repeating_timer_us
 .text.best_effort_wfe_or_timeout
                0x10001c94       0xac CMakeFiles/ex3_blinky_and_OLED.dir/C_/Pico_SDK_v1.5.0/pico-sdk/src/common/pico_time/time.c.obj
                0x10001c94                best_effort_wfe_or_timeout
 .text.hardware_alarm_irq_handler
                0x10001d40       0x90 CMakeFiles/ex3_blinky_and_OLED.dir/C_/Pico_SDK_v1.5.0/pico-sdk/src/rp2_common/hardware_timer/timer.c.obj
 .text.hardware_alarm_claim
                0x10001dd0       0x18 CMakeFiles/ex3_blinky_and_OLED.dir/C_/Pico_SDK_v1.5.0/pico-sdk/src/rp2_common/hardware_timer/timer.c.obj
                0x10001dd0                hardware_alarm_claim
 .text.time_us_64
                0x10001de8       0x18 CMakeFiles/ex3_blinky_and_OLED.dir/C_/Pico_SDK_v1.5.0/pico-sdk/src/rp2_common/hardware_timer/timer.c.obj
                0x10001de8                time_us_64
 .text.busy_wait_until
                0x10001e00       0x28 CMakeFiles/ex3_blinky_and_OLED.dir/C_/Pico_SDK_v1.5.0/pico-sdk/src/rp2_common/hardware_timer/timer.c.obj
                0x10001e00                busy_wait_until
 .text.busy_wait_us
                0x10001e28       0x48 CMakeFiles/ex3_blinky_and_OLED.dir/C_/Pico_SDK_v1.5.0/pico-sdk/src/rp2_common/hardware_timer/timer.c.obj
                0x10001e28                busy_wait_us
 .text.hardware_alarm_set_callback
                0x10001e70       0x90 CMakeFiles/ex3_blinky_and_OLED.dir/C_/Pico_SDK_v1.5.0/pico-sdk/src/rp2_common/hardware_timer/timer.c.obj
                0x10001e70                hardware_alarm_set_callback
 .text.hardware_alarm_set_target
                0x10001f00       0xe8 CMakeFiles/ex3_blinky_and_OLED.dir/C_/Pico_SDK_v1.5.0/pico-sdk/src/rp2_common/hardware_timer/timer.c.obj
                0x10001f00                hardware_alarm_set_target
 .text.hardware_alarm_cancel
                0x10001fe8       0x40 CMakeFiles/ex3_blinky_and_OLED.dir/C_/Pico_SDK_v1.5.0/pico-sdk/src/rp2_common/hardware_timer/timer.c.obj
                0x10001fe8                hardware_alarm_cancel
 .text.ph_add_child_node
                0x10002028       0xa4 CMakeFiles/ex3_blinky_and_OLED.dir/C_/Pico_SDK_v1.5.0/pico-sdk/src/common/pico_util/pheap.c.obj
 .text.ph_merge_nodes
                0x100020cc       0x3e CMakeFiles/ex3_blinky_and_OLED.dir/C_/Pico_SDK_v1.5.0/pico-sdk/src/common/pico_util/pheap.c.obj
 *fill*         0x1000210a        0x2 
 .text.ph_clear
                0x1000210c       0x70 CMakeFiles/ex3_blinky_and_OLED.dir/C_/Pico_SDK_v1.5.0/pico-sdk/src/common/pico_util/pheap.c.obj
                0x1000210c                ph_clear
 .text.ph_post_alloc_init
                0x1000217c        0xe CMakeFiles/ex3_blinky_and_OLED.dir/C_/Pico_SDK_v1.5.0/pico-sdk/src/common/pico_util/pheap.c.obj
                0x1000217c                ph_post_alloc_init
 *fill*         0x1000218a        0x2 
 .text.ph_merge_two_pass
                0x1000218c       0xa8 CMakeFiles/ex3_blinky_and_OLED.dir/C_/Pico_SDK_v1.5.0/pico-sdk/src/common/pico_util/pheap.c.obj
                0x1000218c                ph_merge_two_pass
 .text.ph_remove_any_head
                0x10002234      0x128 CMakeFiles/ex3_blinky_and_OLED.dir/C_/Pico_SDK_v1.5.0/pico-sdk/src/common/pico_util/pheap.c.obj
 .text.ph_remove_head
                0x1000235c       0x14 CMakeFiles/ex3_blinky_and_OLED.dir/C_/Pico_SDK_v1.5.0/pico-sdk/src/common/pico_util/pheap.c.obj
                0x1000235c                ph_remove_head
 .text.ph_remove_and_free_node
                0x10002370       0xf8 CMakeFiles/ex3_blinky_and_OLED.dir/C_/Pico_SDK_v1.5.0/pico-sdk/src/common/pico_util/pheap.c.obj
                0x10002370                ph_remove_and_free_node
 .text.uart_set_baudrate
                0x10002468       0x5c CMakeFiles/ex3_blinky_and_OLED.dir/C_/Pico_SDK_v1.5.0/pico-sdk/src/rp2_common/hardware_uart/uart.c.obj
                0x10002468                uart_set_baudrate
 .text.uart_set_translate_crlf
                0x100024c4       0x28 CMakeFiles/ex3_blinky_and_OLED.dir/C_/Pico_SDK_v1.5.0/pico-sdk/src/rp2_common/hardware_uart/uart.c.obj
                0x100024c4                uart_set_translate_crlf
 .text.uart_init
                0x100024ec       0x80 CMakeFiles/ex3_blinky_and_OLED.dir/C_/Pico_SDK_v1.5.0/pico-sdk/src/rp2_common/hardware_uart/uart.c.obj
                0x100024ec                uart_init
 .text.clock_configure
                0x1000256c      0x104 CMakeFiles/ex3_blinky_and_OLED.dir/C_/Pico_SDK_v1.5.0/pico-sdk/src/rp2_common/hardware_clocks/clocks.c.obj
                0x1000256c                clock_configure
 .text.clocks_init
                0x10002670      0x100 CMakeFiles/ex3_blinky_and_OLED.dir/C_/Pico_SDK_v1.5.0/pico-sdk/src/rp2_common/hardware_clocks/clocks.c.obj
                0x10002670                clocks_init
 .text.clock_get_hz
                0x10002770        0xc CMakeFiles/ex3_blinky_and_OLED.dir/C_/Pico_SDK_v1.5.0/pico-sdk/src/rp2_common/hardware_clocks/clocks.c.obj
                0x10002770                clock_get_hz
 .text.pll_init
                0x1000277c      0x12c CMakeFiles/ex3_blinky_and_OLED.dir/C_/Pico_SDK_v1.5.0/pico-sdk/src/rp2_common/hardware_pll/pll.c.obj
                0x1000277c                pll_init
 .text.watchdog_start_tick
                0x100028a8       0x10 CMakeFiles/ex3_blinky_and_OLED.dir/C_/Pico_SDK_v1.5.0/pico-sdk/src/rp2_common/hardware_watchdog/watchdog.c.obj
                0x100028a8                watchdog_start_tick
 .text.xosc_init
                0x100028b8       0x28 CMakeFiles/ex3_blinky_and_OLED.dir/C_/Pico_SDK_v1.5.0/pico-sdk/src/rp2_common/hardware_xosc/xosc.c.obj
                0x100028b8                xosc_init
 .text._exit    0x100028e0        0x4 CMakeFiles/ex3_blinky_and_OLED.dir/C_/Pico_SDK_v1.5.0/pico-sdk/src/rp2_common/pico_runtime/runtime.c.obj
                0x100028e0                _exit
 .text._sbrk    0x100028e4       0x38 CMakeFiles/ex3_blinky_and_OLED.dir/C_/Pico_SDK_v1.5.0/pico-sdk/src/rp2_common/pico_runtime/runtime.c.obj
                0x100028e4                _sbrk
 .text._getpid  0x1000291c        0x4 CMakeFiles/ex3_blinky_and_OLED.dir/C_/Pico_SDK_v1.5.0/pico-sdk/src/rp2_common/pico_runtime/runtime.c.obj
                0x1000291c                _getpid
 .text._kill    0x10002920        0x6 CMakeFiles/ex3_blinky_and_OLED.dir/C_/Pico_SDK_v1.5.0/pico-sdk/src/rp2_common/pico_runtime/runtime.c.obj
                0x10002920                _kill
 .text.exit     0x10002926        0x6 CMakeFiles/ex3_blinky_and_OLED.dir/C_/Pico_SDK_v1.5.0/pico-sdk/src/rp2_common/pico_runtime/runtime.c.obj
                0x10002926                exit
 .text.__assert_func
                0x1000292c       0x3c CMakeFiles/ex3_blinky_and_OLED.dir/C_/Pico_SDK_v1.5.0/pico-sdk/src/rp2_common/pico_runtime/runtime.c.obj
                0x1000292c                __assert_func
 .text.runtime_init
                0x10002968       0xf8 CMakeFiles/ex3_blinky_and_OLED.dir/C_/Pico_SDK_v1.5.0/pico-sdk/src/rp2_common/pico_runtime/runtime.c.obj
                0x10002968                runtime_init
 .text.panic    0x10002a60       0x30 CMakeFiles/ex3_blinky_and_OLED.dir/C_/Pico_SDK_v1.5.0/pico-sdk/src/rp2_common/pico_runtime/runtime.c.obj
                0x10002a60                panic
 .text._out_buffer
                0x10002a90        0x8 CMakeFiles/ex3_blinky_and_OLED.dir/C_/Pico_SDK_v1.5.0/pico-sdk/src/rp2_common/pico_printf/printf.c.obj
 .text._out_null
                0x10002a98        0x2 CMakeFiles/ex3_blinky_and_OLED.dir/C_/Pico_SDK_v1.5.0/pico-sdk/src/rp2_common/pico_printf/printf.c.obj
 .text._out_fct
                0x10002a9a        0xe CMakeFiles/ex3_blinky_and_OLED.dir/C_/Pico_SDK_v1.5.0/pico-sdk/src/rp2_common/pico_printf/printf.c.obj
 .text._atoi    0x10002aa8       0x24 CMakeFiles/ex3_blinky_and_OLED.dir/C_/Pico_SDK_v1.5.0/pico-sdk/src/rp2_common/pico_printf/printf.c.obj
 .text._out_rev
                0x10002acc       0xae CMakeFiles/ex3_blinky_and_OLED.dir/C_/Pico_SDK_v1.5.0/pico-sdk/src/rp2_common/pico_printf/printf.c.obj
 .text._ntoa_format
                0x10002b7a      0x112 CMakeFiles/ex3_blinky_and_OLED.dir/C_/Pico_SDK_v1.5.0/pico-sdk/src/rp2_common/pico_printf/printf.c.obj
 .text._ntoa_long
                0x10002c8c       0xbc CMakeFiles/ex3_blinky_and_OLED.dir/C_/Pico_SDK_v1.5.0/pico-sdk/src/rp2_common/pico_printf/printf.c.obj
 .text._ntoa_long_long
                0x10002d48       0xe2 CMakeFiles/ex3_blinky_and_OLED.dir/C_/Pico_SDK_v1.5.0/pico-sdk/src/rp2_common/pico_printf/printf.c.obj
 *fill*         0x10002e2a        0x2 
 .text._etoa    0x10002e2c      0x414 CMakeFiles/ex3_blinky_and_OLED.dir/C_/Pico_SDK_v1.5.0/pico-sdk/src/rp2_common/pico_printf/printf.c.obj
 .text._ftoa    0x10003240      0x354 CMakeFiles/ex3_blinky_and_OLED.dir/C_/Pico_SDK_v1.5.0/pico-sdk/src/rp2_common/pico_printf/printf.c.obj
 .text._vsnprintf
                0x10003594      0x624 CMakeFiles/ex3_blinky_and_OLED.dir/C_/Pico_SDK_v1.5.0/pico-sdk/src/rp2_common/pico_printf/printf.c.obj
 .text.__wrap_sprintf
                0x10003bb8       0x28 CMakeFiles/ex3_blinky_and_OLED.dir/C_/Pico_SDK_v1.5.0/pico-sdk/src/rp2_common/pico_printf/printf.c.obj
                0x10003bb8                __wrap_sprintf
 .text.vfctprintf
                0x10003be0       0x20 CMakeFiles/ex3_blinky_and_OLED.dir/C_/Pico_SDK_v1.5.0/pico-sdk/src/rp2_common/pico_printf/printf.c.obj
                0x10003be0                vfctprintf
 .text          0x10003c00       0x10 CMakeFiles/ex3_blinky_and_OLED.dir/C_/Pico_SDK_v1.5.0/pico-sdk/src/rp2_common/pico_bit_ops/bit_ops_aeabi.S.obj
 .text.rom_func_lookup
                0x10003c10       0x10 CMakeFiles/ex3_blinky_and_OLED.dir/C_/Pico_SDK_v1.5.0/pico-sdk/src/rp2_common/pico_bootrom/bootrom.c.obj
                0x10003c10                rom_func_lookup
 .text.rom_data_lookup
                0x10003c20       0x10 CMakeFiles/ex3_blinky_and_OLED.dir/C_/Pico_SDK_v1.5.0/pico-sdk/src/rp2_common/pico_bootrom/bootrom.c.obj
                0x10003c20                rom_data_lookup
 .text.rom_funcs_lookup
                0x10003c30       0x36 CMakeFiles/ex3_blinky_and_OLED.dir/C_/Pico_SDK_v1.5.0/pico-sdk/src/rp2_common/pico_bootrom/bootrom.c.obj
                0x10003c30                rom_funcs_lookup
 *fill*         0x10003c66        0x2 
 .text.__wrap___aeabi_idiv
                0x10003c68       0x50 CMakeFiles/ex3_blinky_and_OLED.dir/C_/Pico_SDK_v1.5.0/pico-sdk/src/rp2_common/pico_divider/divider.S.obj
                0x10003c68                __wrap___aeabi_idivmod
                0x10003c68                divmod_s32s32
                0x10003c68                div_s32s32
                0x10003c68                __wrap___aeabi_idiv
                0x10003c70                divmod_s32s32_unsafe
                0x10003c9c                divmod_s32s32_savestate
 .text.__wrap___aeabi_uidiv
                0x10003cb8       0x4c CMakeFiles/ex3_blinky_and_OLED.dir/C_/Pico_SDK_v1.5.0/pico-sdk/src/rp2_common/pico_divider/divider.S.obj
                0x10003cb8                __wrap___aeabi_uidiv
                0x10003cb8                __wrap___aeabi_uidivmod
                0x10003cb8                div_u32u32
                0x10003cb8                divmod_u32u32
                0x10003cc0                divmod_u32u32_unsafe
                0x10003ce8                divmod_u32u32_savestate
 .text.__wrap___aeabi_ldiv
                0x10003d04      0x424 CMakeFiles/ex3_blinky_and_OLED.dir/C_/Pico_SDK_v1.5.0/pico-sdk/src/rp2_common/pico_divider/divider.S.obj
                0x10003d04                div_s64s64
                0x10003d04                divmod_s64s64
                0x10003d04                __wrap___aeabi_ldivmod
                0x10003d34                divmod_u64u64
                0x10003d34                div_u64u64
                0x10003d34                __wrap___aeabi_uldivmod
                0x10003d44                divmod_u64u64_savestate
                0x10003d64                divmod_s64s64_unsafe
                0x10003dec                divmod_u64u64_unsafe
 .text.__wrap___aeabi_darithmetic
                0x10004128       0x60 CMakeFiles/ex3_blinky_and_OLED.dir/C_/Pico_SDK_v1.5.0/pico-sdk/src/rp2_common/pico_double/double_aeabi.S.obj
                0x10004128                __wrap___aeabi_drsub
                0x1000412e                __wrap___aeabi_dsub
                0x10004138                __wrap___aeabi_dadd
                0x10004142                __wrap___aeabi_ddiv
                0x10004176                __wrap___aeabi_dmul
 .text.__wrap___aeabi_cdcmple
                0x10004188       0x6c CMakeFiles/ex3_blinky_and_OLED.dir/C_/Pico_SDK_v1.5.0/pico-sdk/src/rp2_common/pico_double/double_aeabi.S.obj
                0x10004188                __wrap___aeabi_cdrcmple
                0x10004198                __wrap___aeabi_cdcmpeq
                0x10004198                __wrap___aeabi_cdcmple
 .text.__wrap___aeabi_dcmplt
                0x100041f4        0xc CMakeFiles/ex3_blinky_and_OLED.dir/C_/Pico_SDK_v1.5.0/pico-sdk/src/rp2_common/pico_double/double_aeabi.S.obj
                0x100041f4                __wrap___aeabi_dcmplt
 .text.__wrap___aeabi_dcmple
                0x10004200       0x10 CMakeFiles/ex3_blinky_and_OLED.dir/C_/Pico_SDK_v1.5.0/pico-sdk/src/rp2_common/pico_double/double_aeabi.S.obj
                0x10004200                __wrap___aeabi_dcmple
 .text.__wrap___aeabi_dcmpge
                0x10004210       0x10 CMakeFiles/ex3_blinky_and_OLED.dir/C_/Pico_SDK_v1.5.0/pico-sdk/src/rp2_common/pico_double/double_aeabi.S.obj
                0x10004210                __wrap___aeabi_dcmpge
 .text.__wrap___aeabi_dcmpgt
                0x10004220        0xa CMakeFiles/ex3_blinky_and_OLED.dir/C_/Pico_SDK_v1.5.0/pico-sdk/src/rp2_common/pico_double/double_aeabi.S.obj
                0x10004220                __wrap___aeabi_dcmpgt
 .text.__wrap___aeabi_dcmpun
                0x1000422a       0x1c CMakeFiles/ex3_blinky_and_OLED.dir/C_/Pico_SDK_v1.5.0/pico-sdk/src/rp2_common/pico_double/double_aeabi.S.obj
                0x1000422a                __wrap___aeabi_dcmpun
 *fill*         0x10004246        0x2 
 .text.__wrap___aeabi_i2d
                0x10004248       0x38 CMakeFiles/ex3_blinky_and_OLED.dir/C_/Pico_SDK_v1.5.0/pico-sdk/src/rp2_common/pico_double/double_aeabi.S.obj
                0x10004248                __wrap___aeabi_ui2d
                0x10004250                __wrap___aeabi_i2d
 .text.__wrap___aeabi_d2iz
                0x10004280       0x48 CMakeFiles/ex3_blinky_and_OLED.dir/C_/Pico_SDK_v1.5.0/pico-sdk/src/rp2_common/pico_double/double_aeabi.S.obj
                0x10004280                double2int_z
                0x10004280                __wrap___aeabi_d2iz
 .text.__wrap___aeabi_d2uiz
                0x100042c8       0x10 CMakeFiles/ex3_blinky_and_OLED.dir/C_/Pico_SDK_v1.5.0/pico-sdk/src/rp2_common/pico_double/double_aeabi.S.obj
                0x100042c8                __wrap___aeabi_d2uiz
                0x100042c8                double2uint
 .text.missing_double_func_shim
                0x100042d8        0xc CMakeFiles/ex3_blinky_and_OLED.dir/C_/Pico_SDK_v1.5.0/pico-sdk/src/rp2_common/pico_double/double_init_rom.c.obj
 .text.__aeabi_double_init
                0x100042e4       0xcc CMakeFiles/ex3_blinky_and_OLED.dir/C_/Pico_SDK_v1.5.0/pico-sdk/src/rp2_common/pico_double/double_init_rom.c.obj
                0x100042e4                __aeabi_double_init
 .text.double_table_shim_on_use_helper
                0x100043b0       0x34 CMakeFiles/ex3_blinky_and_OLED.dir/C_/Pico_SDK_v1.5.0/pico-sdk/src/rp2_common/pico_double/double_v1_rom_shim.S.obj
                0x100043b0                double_table_shim_on_use_helper
 .text.missing_float_func_shim
                0x100043e4        0xc CMakeFiles/ex3_blinky_and_OLED.dir/C_/Pico_SDK_v1.5.0/pico-sdk/src/rp2_common/pico_float/float_init_rom.c.obj
 .text.__aeabi_float_init
                0x100043f0       0x88 CMakeFiles/ex3_blinky_and_OLED.dir/C_/Pico_SDK_v1.5.0/pico-sdk/src/rp2_common/pico_float/float_init_rom.c.obj
                0x100043f0                __aeabi_float_init
 .text.__wrap_malloc
                0x10004478       0x24 CMakeFiles/ex3_blinky_and_OLED.dir/C_/Pico_SDK_v1.5.0/pico-sdk/src/rp2_common/pico_malloc/pico_malloc.c.obj
                0x10004478                __wrap_malloc
 .text.__wrap_realloc
                0x1000449c       0x24 CMakeFiles/ex3_blinky_and_OLED.dir/C_/Pico_SDK_v1.5.0/pico-sdk/src/rp2_common/pico_malloc/pico_malloc.c.obj
                0x1000449c                __wrap_realloc
 .text.__wrap_free
                0x100044c0        0x8 CMakeFiles/ex3_blinky_and_OLED.dir/C_/Pico_SDK_v1.5.0/pico-sdk/src/rp2_common/pico_malloc/pico_malloc.c.obj
                0x100044c0                __wrap_free
 .text          0x100044c8       0x10 CMakeFiles/ex3_blinky_and_OLED.dir/C_/Pico_SDK_v1.5.0/pico-sdk/src/rp2_common/pico_mem_ops/mem_ops_aeabi.S.obj
                0x100044c8                __aeabi_mem_init
 .text.memset   0x100044d8        0xc CMakeFiles/ex3_blinky_and_OLED.dir/C_/Pico_SDK_v1.5.0/pico-sdk/src/rp2_common/pico_mem_ops/mem_ops_aeabi.S.obj
                0x100044d8                __wrap_memset
 .text.memcpy   0x100044e4        0xc CMakeFiles/ex3_blinky_and_OLED.dir/C_/Pico_SDK_v1.5.0/pico-sdk/src/rp2_common/pico_mem_ops/mem_ops_aeabi.S.obj
                0x100044e4                __wrap_memcpy
                0x100044e4                __wrap___aeabi_memcpy
 .text._Znwj    0x100044f0        0x8 CMakeFiles/ex3_blinky_and_OLED.dir/C_/Pico_SDK_v1.5.0/pico-sdk/src/rp2_common/pico_standard_link/new_delete.cpp.obj
                0x100044f0                operator new(unsigned int)
 .text._Znaj    0x100044f8        0x8 CMakeFiles/ex3_blinky_and_OLED.dir/C_/Pico_SDK_v1.5.0/pico-sdk/src/rp2_common/pico_standard_link/new_delete.cpp.obj
                0x100044f8                operator new[](unsigned int)
 .text._ZdlPvj  0x10004500        0x8 CMakeFiles/ex3_blinky_and_OLED.dir/C_/Pico_SDK_v1.5.0/pico-sdk/src/rp2_common/pico_standard_link/new_delete.cpp.obj
                0x10004500                operator delete(void*, unsigned int)
 .text.stdio_out_chars_no_crlf
                0x10004508        0xe CMakeFiles/ex3_blinky_and_OLED.dir/C_/Pico_SDK_v1.5.0/pico-sdk/src/rp2_common/pico_stdio/stdio.c.obj
 *fill*         0x10004516        0x2 
 .text.stdio_out_chars_crlf
                0x10004518       0x80 CMakeFiles/ex3_blinky_and_OLED.dir/C_/Pico_SDK_v1.5.0/pico-sdk/src/rp2_common/pico_stdio/stdio.c.obj
 .text.stdio_stack_buffer_flush
                0x10004598       0x44 CMakeFiles/ex3_blinky_and_OLED.dir/C_/Pico_SDK_v1.5.0/pico-sdk/src/rp2_common/pico_stdio/stdio.c.obj
 .text.stdio_buffered_printer
                0x100045dc       0x20 CMakeFiles/ex3_blinky_and_OLED.dir/C_/Pico_SDK_v1.5.0/pico-sdk/src/rp2_common/pico_stdio/stdio.c.obj
 .text.stdio_get_until
                0x100045fc       0x80 CMakeFiles/ex3_blinky_and_OLED.dir/C_/Pico_SDK_v1.5.0/pico-sdk/src/rp2_common/pico_stdio/stdio.c.obj
 .text.stdout_serialize_begin
                0x1000467c       0x5c CMakeFiles/ex3_blinky_and_OLED.dir/C_/Pico_SDK_v1.5.0/pico-sdk/src/rp2_common/pico_stdio/stdio.c.obj
                0x1000467c                stdout_serialize_begin
 .text.stdout_serialize_end
                0x100046d8       0x10 CMakeFiles/ex3_blinky_and_OLED.dir/C_/Pico_SDK_v1.5.0/pico-sdk/src/rp2_common/pico_stdio/stdio.c.obj
                0x100046d8                stdout_serialize_end
 .text.stdio_put_string
                0x100046e8       0x98 CMakeFiles/ex3_blinky_and_OLED.dir/C_/Pico_SDK_v1.5.0/pico-sdk/src/rp2_common/pico_stdio/stdio.c.obj
 .text._read    0x10004780       0x24 CMakeFiles/ex3_blinky_and_OLED.dir/C_/Pico_SDK_v1.5.0/pico-sdk/src/rp2_common/pico_stdio/stdio.c.obj
                0x10004780                _read
 .text._write   0x100047a4       0x22 CMakeFiles/ex3_blinky_and_OLED.dir/C_/Pico_SDK_v1.5.0/pico-sdk/src/rp2_common/pico_stdio/stdio.c.obj
                0x100047a4                _write
 .text._close   0x100047c6        0x6 CMakeFiles/ex3_blinky_and_OLED.dir/C_/Pico_SDK_v1.5.0/pico-sdk/src/rp2_common/pico_stdio/stdio.c.obj
                0x100047c6                _close
 .text._lseek   0x100047cc        0x6 CMakeFiles/ex3_blinky_and_OLED.dir/C_/Pico_SDK_v1.5.0/pico-sdk/src/rp2_common/pico_stdio/stdio.c.obj
                0x100047cc                _lseek
 .text._fstat   0x100047d2        0x6 CMakeFiles/ex3_blinky_and_OLED.dir/C_/Pico_SDK_v1.5.0/pico-sdk/src/rp2_common/pico_stdio/stdio.c.obj
                0x100047d2                _fstat
 .text._isatty  0x100047d8        0xc CMakeFiles/ex3_blinky_and_OLED.dir/C_/Pico_SDK_v1.5.0/pico-sdk/src/rp2_common/pico_stdio/stdio.c.obj
                0x100047d8                _isatty
 .text.stdio_set_driver_enabled
                0x100047e4       0x2c CMakeFiles/ex3_blinky_and_OLED.dir/C_/Pico_SDK_v1.5.0/pico-sdk/src/rp2_common/pico_stdio/stdio.c.obj
                0x100047e4                stdio_set_driver_enabled
 .text.stdio_flush
                0x10004810       0x20 CMakeFiles/ex3_blinky_and_OLED.dir/C_/Pico_SDK_v1.5.0/pico-sdk/src/rp2_common/pico_stdio/stdio.c.obj
                0x10004810                stdio_flush
 .text.__wrap_puts
                0x10004830       0x1e CMakeFiles/ex3_blinky_and_OLED.dir/C_/Pico_SDK_v1.5.0/pico-sdk/src/rp2_common/pico_stdio/stdio.c.obj
                0x10004830                __wrap_puts
 *fill*         0x1000484e        0x2 
 .text.__wrap_vprintf
                0x10004850       0x40 CMakeFiles/ex3_blinky_and_OLED.dir/C_/Pico_SDK_v1.5.0/pico-sdk/src/rp2_common/pico_stdio/stdio.c.obj
                0x10004850                __wrap_vprintf
 .text.__wrap_printf
                0x10004890       0x18 CMakeFiles/ex3_blinky_and_OLED.dir/C_/Pico_SDK_v1.5.0/pico-sdk/src/rp2_common/pico_stdio/stdio.c.obj
                0x10004890                __wrap_printf
 .text.stdio_init_all
                0x100048a8        0xa CMakeFiles/ex3_blinky_and_OLED.dir/C_/Pico_SDK_v1.5.0/pico-sdk/src/rp2_common/pico_stdio/stdio.c.obj
                0x100048a8                stdio_init_all
 *fill*         0x100048b2        0x2 
 .text.stdio_uart_out_chars
                0x100048b4       0x74 CMakeFiles/ex3_blinky_and_OLED.dir/C_/Pico_SDK_v1.5.0/pico-sdk/src/rp2_common/pico_stdio_uart/stdio_uart.c.obj
 .text.stdio_uart_in_chars
                0x10004928       0x80 CMakeFiles/ex3_blinky_and_OLED.dir/C_/Pico_SDK_v1.5.0/pico-sdk/src/rp2_common/pico_stdio_uart/stdio_uart.c.obj
                0x10004928                stdio_uart_in_chars
 .text.on_uart_rx
                0x100049a8       0x28 CMakeFiles/ex3_blinky_and_OLED.dir/C_/Pico_SDK_v1.5.0/pico-sdk/src/rp2_common/pico_stdio_uart/stdio_uart.c.obj
 .text.stdio_uart_set_chars_available_callback
                0x100049d0       0x8c CMakeFiles/ex3_blinky_and_OLED.dir/C_/Pico_SDK_v1.5.0/pico-sdk/src/rp2_common/pico_stdio_uart/stdio_uart.c.obj
 .text.stdio_uart_init_full
                0x10004a5c       0x44 CMakeFiles/ex3_blinky_and_OLED.dir/C_/Pico_SDK_v1.5.0/pico-sdk/src/rp2_common/pico_stdio_uart/stdio_uart.c.obj
                0x10004a5c                stdio_uart_init_full
 .text.stdio_uart_init
                0x10004aa0       0x28 CMakeFiles/ex3_blinky_and_OLED.dir/C_/Pico_SDK_v1.5.0/pico-sdk/src/rp2_common/pico_stdio_uart/stdio_uart.c.obj
                0x10004aa0                stdio_uart_init
 .text.i2c_write_blocking_internal
                0x10004ac8      0x140 CMakeFiles/ex3_blinky_and_OLED.dir/C_/Pico_SDK_v1.5.0/pico-sdk/src/rp2_common/hardware_i2c/i2c.c.obj
 .text.i2c_set_baudrate
                0x10004c08       0xf0 CMakeFiles/ex3_blinky_and_OLED.dir/C_/Pico_SDK_v1.5.0/pico-sdk/src/rp2_common/hardware_i2c/i2c.c.obj
                0x10004c08                i2c_set_baudrate
 .text.i2c_init
                0x10004cf8       0x58 CMakeFiles/ex3_blinky_and_OLED.dir/C_/Pico_SDK_v1.5.0/pico-sdk/src/rp2_common/hardware_i2c/i2c.c.obj
                0x10004cf8                i2c_init
 .text.i2c_write_blocking
                0x10004d50       0x18 CMakeFiles/ex3_blinky_and_OLED.dir/C_/Pico_SDK_v1.5.0/pico-sdk/src/rp2_common/hardware_i2c/i2c.c.obj
                0x10004d50                i2c_write_blocking
 .text.__cxa_pure_virtual
                0x10004d68       0x14 c:/pico_sdk_v1.5.0/gcc-arm-none-eabi/bin/../lib/gcc/arm-none-eabi/10.3.1/../../../../arm-none-eabi/lib/thumb/v6-m/nofp\libstdc++.a(pure.o)
                0x10004d68                __cxa_pure_virtual
 .text._ZN10__cxxabiv111__terminateEPFvvE
                0x10004d7c       0x28 c:/pico_sdk_v1.5.0/gcc-arm-none-eabi/bin/../lib/gcc/arm-none-eabi/10.3.1/../../../../arm-none-eabi/lib/thumb/v6-m/nofp\libstdc++.a(eh_terminate.o)
                0x10004d7c                __cxxabiv1::__terminate(void (*)())
 .text._ZSt9terminatev
                0x10004da4       0x10 c:/pico_sdk_v1.5.0/gcc-arm-none-eabi/bin/../lib/gcc/arm-none-eabi/10.3.1/../../../../arm-none-eabi/lib/thumb/v6-m/nofp\libstdc++.a(eh_terminate.o)
                0x10004da4                std::terminate()
 .text._ZN10__cxxabiv112__unexpectedEPFvvE
                0x10004db4        0x8 c:/pico_sdk_v1.5.0/gcc-arm-none-eabi/bin/../lib/gcc/arm-none-eabi/10.3.1/../../../../arm-none-eabi/lib/thumb/v6-m/nofp\libstdc++.a(eh_terminate.o)
                0x10004db4                __cxxabiv1::__unexpected(void (*)())
 .text._ZSt10unexpectedv
                0x10004dbc       0x10 c:/pico_sdk_v1.5.0/gcc-arm-none-eabi/bin/../lib/gcc/arm-none-eabi/10.3.1/../../../../arm-none-eabi/lib/thumb/v6-m/nofp\libstdc++.a(eh_terminate.o)
                0x10004dbc                std::unexpected()
 .text._ZSt13get_terminatev
                0x10004dcc        0xc c:/pico_sdk_v1.5.0/gcc-arm-none-eabi/bin/../lib/gcc/arm-none-eabi/10.3.1/../../../../arm-none-eabi/lib/thumb/v6-m/nofp\libstdc++.a(eh_terminate.o)
                0x10004dcc                std::get_terminate()
 .text._ZSt14get_unexpectedv
                0x10004dd8        0xc c:/pico_sdk_v1.5.0/gcc-arm-none-eabi/bin/../lib/gcc/arm-none-eabi/10.3.1/../../../../arm-none-eabi/lib/thumb/v6-m/nofp\libstdc++.a(eh_terminate.o)
                0x10004dd8                std::get_unexpected()
 .text._ZN9__gnu_cxx27__verbose_terminate_handlerEv
                0x10004de4      0x114 c:/pico_sdk_v1.5.0/gcc-arm-none-eabi/bin/../lib/gcc/arm-none-eabi/10.3.1/../../../../arm-none-eabi/lib/thumb/v6-m/nofp\libstdc++.a(vterminate.o)
                0x10004de4                __gnu_cxx::__verbose_terminate_handler()
 .text          0x10004ef8     0x67e4 c:/pico_sdk_v1.5.0/gcc-arm-none-eabi/bin/../lib/gcc/arm-none-eabi/10.3.1/../../../../arm-none-eabi/lib/thumb/v6-m/nofp\libstdc++.a(cp-demangle.o)
                0x1000b5e8                __cxa_demangle
                0x1000b6bc                __gcclibcxx_demangle_callback
 .text.__cxa_end_cleanup
                0x1000b6dc        0xc c:/pico_sdk_v1.5.0/gcc-arm-none-eabi/bin/../lib/gcc/arm-none-eabi/10.3.1/../../../../arm-none-eabi/lib/thumb/v6-m/nofp\libstdc++.a(eh_arm.o)
                0x1000b6dc                __cxa_end_cleanup
 .text.__cxa_type_match
                0x1000b6e8       0xc0 c:/pico_sdk_v1.5.0/gcc-arm-none-eabi/bin/../lib/gcc/arm-none-eabi/10.3.1/../../../../arm-none-eabi/lib/thumb/v6-m/nofp\libstdc++.a(eh_arm.o)
                0x1000b6e8                __cxa_type_match
 .text.__cxa_begin_cleanup
                0x1000b7a8       0x60 c:/pico_sdk_v1.5.0/gcc-arm-none-eabi/bin/../lib/gcc/arm-none-eabi/10.3.1/../../../../arm-none-eabi/lib/thumb/v6-m/nofp\libstdc++.a(eh_arm.o)
                0x1000b7a8                __cxa_begin_cleanup
 .text.__gnu_end_cleanup
                0x1000b808       0x70 c:/pico_sdk_v1.5.0/gcc-arm-none-eabi/bin/../lib/gcc/arm-none-eabi/10.3.1/../../../../arm-none-eabi/lib/thumb/v6-m/nofp\libstdc++.a(eh_arm.o)
                0x1000b808                __gnu_end_cleanup
 .text._ZN10__cxxabiv1L24__is_gxx_exception_classEPc
                0x1000b878       0x3c c:/pico_sdk_v1.5.0/gcc-arm-none-eabi/bin/../lib/gcc/arm-none-eabi/10.3.1/../../../../arm-none-eabi/lib/thumb/v6-m/nofp\libstdc++.a(eh_call.o)
 .text.__cxa_call_terminate
                0x1000b8b4       0x20 c:/pico_sdk_v1.5.0/gcc-arm-none-eabi/bin/../lib/gcc/arm-none-eabi/10.3.1/../../../../arm-none-eabi/lib/thumb/v6-m/nofp\libstdc++.a(eh_call.o)
                0x1000b8b4                __cxa_call_terminate
 .text.unlikely.__cxa_call_unexpected
                0x1000b8d4      0x100 c:/pico_sdk_v1.5.0/gcc-arm-none-eabi/bin/../lib/gcc/arm-none-eabi/10.3.1/../../../../arm-none-eabi/lib/thumb/v6-m/nofp\libstdc++.a(eh_call.o)
                0x1000b8d4                __cxa_call_unexpected
 .text.__cxa_begin_catch
                0x1000b9d4       0x74 c:/pico_sdk_v1.5.0/gcc-arm-none-eabi/bin/../lib/gcc/arm-none-eabi/10.3.1/../../../../arm-none-eabi/lib/thumb/v6-m/nofp\libstdc++.a(eh_catch.o)
                0x1000b9d4                __cxa_begin_catch
 .text.__cxa_end_catch
                0x1000ba48       0x90 c:/pico_sdk_v1.5.0/gcc-arm-none-eabi/bin/../lib/gcc/arm-none-eabi/10.3.1/../../../../arm-none-eabi/lib/thumb/v6-m/nofp\libstdc++.a(eh_catch.o)
                0x1000ba48                __cxa_end_catch
 .text._ZNSt13bad_exceptionD2Ev
                0x1000bad8        0x4 c:/pico_sdk_v1.5.0/gcc-arm-none-eabi/bin/../lib/gcc/arm-none-eabi/10.3.1/../../../../arm-none-eabi/lib/thumb/v6-m/nofp\libstdc++.a(eh_exception.o)
                0x1000bad8                std::bad_exception::~bad_exception()
                0x1000bad8                std::bad_exception::~bad_exception()
 .text._ZNKSt13bad_exception4whatEv
                0x1000badc        0x8 c:/pico_sdk_v1.5.0/gcc-arm-none-eabi/bin/../lib/gcc/arm-none-eabi/10.3.1/../../../../arm-none-eabi/lib/thumb/v6-m/nofp\libstdc++.a(eh_exception.o)
                0x1000badc                std::bad_exception::what() const
                0x1000badc                transaction clone for std::bad_exception::what() const
 .text._ZNSt13bad_exceptionD0Ev
                0x1000bae4       0x10 c:/pico_sdk_v1.5.0/gcc-arm-none-eabi/bin/../lib/gcc/arm-none-eabi/10.3.1/../../../../arm-none-eabi/lib/thumb/v6-m/nofp\libstdc++.a(eh_exception.o)
                0x1000bae4                std::bad_exception::~bad_exception()
 .text.__cxa_get_globals_fast
                0x1000baf4        0x8 c:/pico_sdk_v1.5.0/gcc-arm-none-eabi/bin/../lib/gcc/arm-none-eabi/10.3.1/../../../../arm-none-eabi/lib/thumb/v6-m/nofp\libstdc++.a(eh_globals.o)
                0x1000baf4                __cxa_get_globals_fast
 .text.__cxa_get_globals
                0x1000bafc        0x8 c:/pico_sdk_v1.5.0/gcc-arm-none-eabi/bin/../lib/gcc/arm-none-eabi/10.3.1/../../../../arm-none-eabi/lib/thumb/v6-m/nofp\libstdc++.a(eh_globals.o)
                0x1000bafc                __cxa_get_globals
 .text._ZL28read_encoded_value_with_basehjPKhPj
                0x1000bb04      0x114 c:/pico_sdk_v1.5.0/gcc-arm-none-eabi/bin/../lib/gcc/arm-none-eabi/10.3.1/../../../../arm-none-eabi/lib/thumb/v6-m/nofp\libstdc++.a(eh_personality.o)
 .text._ZL21base_of_encoded_valuehP15_Unwind_Context
                0x1000bc18       0x48 c:/pico_sdk_v1.5.0/gcc-arm-none-eabi/bin/../lib/gcc/arm-none-eabi/10.3.1/../../../../arm-none-eabi/lib/thumb/v6-m/nofp\libstdc++.a(eh_personality.o)
 .text._ZL17parse_lsda_headerP15_Unwind_ContextPKhP16lsda_header_info
                0x1000bc60       0x98 c:/pico_sdk_v1.5.0/gcc-arm-none-eabi/bin/../lib/gcc/arm-none-eabi/10.3.1/../../../../arm-none-eabi/lib/thumb/v6-m/nofp\libstdc++.a(eh_personality.o)
 .text.__gxx_personality_v0
                0x1000bcf8      0x4c8 c:/pico_sdk_v1.5.0/gcc-arm-none-eabi/bin/../lib/gcc/arm-none-eabi/10.3.1/../../../../arm-none-eabi/lib/thumb/v6-m/nofp\libstdc++.a(eh_personality.o)
                0x1000bcf8                __gxx_personality_v0
 .text._ZL23__gxx_exception_cleanup19_Unwind_Reason_CodeP21_Unwind_Control_Block
                0x1000c1c0       0x34 c:/pico_sdk_v1.5.0/gcc-arm-none-eabi/bin/../lib/gcc/arm-none-eabi/10.3.1/../../../../arm-none-eabi/lib/thumb/v6-m/nofp\libstdc++.a(eh_throw.o)
 .text.__cxa_init_primary_exception
                0x1000c1f4       0x4c c:/pico_sdk_v1.5.0/gcc-arm-none-eabi/bin/../lib/gcc/arm-none-eabi/10.3.1/../../../../arm-none-eabi/lib/thumb/v6-m/nofp\libstdc++.a(eh_throw.o)
                0x1000c1f4                __cxa_init_primary_exception
 .text.__cxa_throw
                0x1000c240       0x34 c:/pico_sdk_v1.5.0/gcc-arm-none-eabi/bin/../lib/gcc/arm-none-eabi/10.3.1/../../../../arm-none-eabi/lib/thumb/v6-m/nofp\libstdc++.a(eh_throw.o)
                0x1000c240                __cxa_throw
 .text.__cxa_rethrow
                0x1000c274       0x70 c:/pico_sdk_v1.5.0/gcc-arm-none-eabi/bin/../lib/gcc/arm-none-eabi/10.3.1/../../../../arm-none-eabi/lib/thumb/v6-m/nofp\libstdc++.a(eh_throw.o)
                0x1000c274                __cxa_rethrow
 .text.__cxa_current_exception_type
                0x1000c2e4       0x20 c:/pico_sdk_v1.5.0/gcc-arm-none-eabi/bin/../lib/gcc/arm-none-eabi/10.3.1/../../../../arm-none-eabi/lib/thumb/v6-m/nofp\libstdc++.a(eh_type.o)
                0x1000c2e4                __cxa_current_exception_type
 .text._ZN10__cxxabiv120__si_class_type_infoD2Ev
                0x1000c304       0x18 c:/pico_sdk_v1.5.0/gcc-arm-none-eabi/bin/../lib/gcc/arm-none-eabi/10.3.1/../../../../arm-none-eabi/lib/thumb/v6-m/nofp\libstdc++.a(si_class_type_info.o)
                0x1000c304                __cxxabiv1::__si_class_type_info::~__si_class_type_info()
                0x1000c304                __cxxabiv1::__si_class_type_info::~__si_class_type_info()
 .text._ZN10__cxxabiv120__si_class_type_infoD0Ev
                0x1000c31c       0x20 c:/pico_sdk_v1.5.0/gcc-arm-none-eabi/bin/../lib/gcc/arm-none-eabi/10.3.1/../../../../arm-none-eabi/lib/thumb/v6-m/nofp\libstdc++.a(si_class_type_info.o)
                0x1000c31c                __cxxabiv1::__si_class_type_info::~__si_class_type_info()
 .text._ZNK10__cxxabiv120__si_class_type_info20__do_find_public_srcEiPKvPKNS_17__class_type_infoES2_
                0x1000c33c       0x38 c:/pico_sdk_v1.5.0/gcc-arm-none-eabi/bin/../lib/gcc/arm-none-eabi/10.3.1/../../../../arm-none-eabi/lib/thumb/v6-m/nofp\libstdc++.a(si_class_type_info.o)
                0x1000c33c                __cxxabiv1::__si_class_type_info::__do_find_public_src(int, void const*, __cxxabiv1::__class_type_info const*, void const*) const
 .text._ZNK10__cxxabiv120__si_class_type_info12__do_dyncastEiNS_17__class_type_info10__sub_kindEPKS1_PKvS4_S6_RNS1_16__dyncast_resultE
                0x1000c374       0x9c c:/pico_sdk_v1.5.0/gcc-arm-none-eabi/bin/../lib/gcc/arm-none-eabi/10.3.1/../../../../arm-none-eabi/lib/thumb/v6-m/nofp\libstdc++.a(si_class_type_info.o)
                0x1000c374                __cxxabiv1::__si_class_type_info::__do_dyncast(int, __cxxabiv1::__class_type_info::__sub_kind, __cxxabiv1::__class_type_info const*, void const*, __cxxabiv1::__class_type_info const*, void const*, __cxxabiv1::__class_type_info::__dyncast_result&) const
 .text._ZNK10__cxxabiv120__si_class_type_info11__do_upcastEPKNS_17__class_type_infoEPKvRNS1_15__upcast_resultE
                0x1000c410       0x24 c:/pico_sdk_v1.5.0/gcc-arm-none-eabi/bin/../lib/gcc/arm-none-eabi/10.3.1/../../../../arm-none-eabi/lib/thumb/v6-m/nofp\libstdc++.a(si_class_type_info.o)
                0x1000c410                __cxxabiv1::__si_class_type_info::__do_upcast(__cxxabiv1::__class_type_info const*, void const*, __cxxabiv1::__class_type_info::__upcast_result&) const
 .text._ZNSt9type_infoD2Ev
                0x1000c434        0x4 c:/pico_sdk_v1.5.0/gcc-arm-none-eabi/bin/../lib/gcc/arm-none-eabi/10.3.1/../../../../arm-none-eabi/lib/thumb/v6-m/nofp\libstdc++.a(tinfo.o)
                0x1000c434                std::type_info::~type_info()
                0x1000c434                std::type_info::~type_info()
 .text._ZNKSt9type_info14__is_pointer_pEv
                0x1000c438        0x4 c:/pico_sdk_v1.5.0/gcc-arm-none-eabi/bin/../lib/gcc/arm-none-eabi/10.3.1/../../../../arm-none-eabi/lib/thumb/v6-m/nofp\libstdc++.a(tinfo.o)
                0x1000c438                std::type_info::__is_pointer_p() const
                0x1000c438                std::type_info::__is_function_p() const
 .text._ZNKSt9type_infoeqERKS_
                0x1000c43c       0x30 c:/pico_sdk_v1.5.0/gcc-arm-none-eabi/bin/../lib/gcc/arm-none-eabi/10.3.1/../../../../arm-none-eabi/lib/thumb/v6-m/nofp\libstdc++.a(tinfo.o)
                0x1000c43c                std::type_info::operator==(std::type_info const&) const
 .text._ZNK10__cxxabiv117__class_type_info11__do_upcastEPKS0_PPv
                0x1000c46c       0x34 c:/pico_sdk_v1.5.0/gcc-arm-none-eabi/bin/../lib/gcc/arm-none-eabi/10.3.1/../../../../arm-none-eabi/lib/thumb/v6-m/nofp\libstdc++.a(class_type_info.o)
                0x1000c46c                __cxxabiv1::__class_type_info::__do_upcast(__cxxabiv1::__class_type_info const*, void**) const
 .text._ZNK10__cxxabiv117__class_type_info20__do_find_public_srcEiPKvPKS0_S2_
                0x1000c4a0       0x14 c:/pico_sdk_v1.5.0/gcc-arm-none-eabi/bin/../lib/gcc/arm-none-eabi/10.3.1/../../../../arm-none-eabi/lib/thumb/v6-m/nofp\libstdc++.a(class_type_info.o)
                0x1000c4a0                __cxxabiv1::__class_type_info::__do_find_public_src(int, void const*, __cxxabiv1::__class_type_info const*, void const*) const
 .text._ZN10__cxxabiv117__class_type_infoD2Ev
                0x1000c4b4       0x18 c:/pico_sdk_v1.5.0/gcc-arm-none-eabi/bin/../lib/gcc/arm-none-eabi/10.3.1/../../../../arm-none-eabi/lib/thumb/v6-m/nofp\libstdc++.a(class_type_info.o)
                0x1000c4b4                __cxxabiv1::__class_type_info::~__class_type_info()
                0x1000c4b4                __cxxabiv1::__class_type_info::~__class_type_info()
 .text._ZN10__cxxabiv117__class_type_infoD0Ev
                0x1000c4cc       0x20 c:/pico_sdk_v1.5.0/gcc-arm-none-eabi/bin/../lib/gcc/arm-none-eabi/10.3.1/../../../../arm-none-eabi/lib/thumb/v6-m/nofp\libstdc++.a(class_type_info.o)
                0x1000c4cc                __cxxabiv1::__class_type_info::~__class_type_info()
 .text._ZNK10__cxxabiv117__class_type_info12__do_dyncastEiNS0_10__sub_kindEPKS0_PKvS3_S5_RNS0_16__dyncast_resultE
                0x1000c4ec       0x40 c:/pico_sdk_v1.5.0/gcc-arm-none-eabi/bin/../lib/gcc/arm-none-eabi/10.3.1/../../../../arm-none-eabi/lib/thumb/v6-m/nofp\libstdc++.a(class_type_info.o)
                0x1000c4ec                __cxxabiv1::__class_type_info::__do_dyncast(int, __cxxabiv1::__class_type_info::__sub_kind, __cxxabiv1::__class_type_info const*, void const*, __cxxabiv1::__class_type_info const*, void const*, __cxxabiv1::__class_type_info::__dyncast_result&) const
 .text._ZNK10__cxxabiv117__class_type_info11__do_upcastEPKS0_PKvRNS0_15__upcast_resultE
                0x1000c52c       0x1c c:/pico_sdk_v1.5.0/gcc-arm-none-eabi/bin/../lib/gcc/arm-none-eabi/10.3.1/../../../../arm-none-eabi/lib/thumb/v6-m/nofp\libstdc++.a(class_type_info.o)
                0x1000c52c                __cxxabiv1::__class_type_info::__do_upcast(__cxxabiv1::__class_type_info const*, void const*, __cxxabiv1::__class_type_info::__upcast_result&) const
 .text._ZNK10__cxxabiv117__class_type_info10__do_catchEPKSt9type_infoPPvj
                0x1000c548       0x24 c:/pico_sdk_v1.5.0/gcc-arm-none-eabi/bin/../lib/gcc/arm-none-eabi/10.3.1/../../../../arm-none-eabi/lib/thumb/v6-m/nofp\libstdc++.a(class_type_info.o)
                0x1000c548                __cxxabiv1::__class_type_info::__do_catch(std::type_info const*, void**, unsigned int) const
 .text._ZN12_GLOBAL__N_14pool4freeEPv.constprop.0
                0x1000c56c       0x78 c:/pico_sdk_v1.5.0/gcc-arm-none-eabi/bin/../lib/gcc/arm-none-eabi/10.3.1/../../../../arm-none-eabi/lib/thumb/v6-m/nofp\libstdc++.a(eh_alloc.o)
 .text._ZN12_GLOBAL__N_14pool8allocateEj.constprop.0
                0x1000c5e4       0x54 c:/pico_sdk_v1.5.0/gcc-arm-none-eabi/bin/../lib/gcc/arm-none-eabi/10.3.1/../../../../arm-none-eabi/lib/thumb/v6-m/nofp\libstdc++.a(eh_alloc.o)
 .text.__cxa_allocate_exception
                0x1000c638       0x2c c:/pico_sdk_v1.5.0/gcc-arm-none-eabi/bin/../lib/gcc/arm-none-eabi/10.3.1/../../../../arm-none-eabi/lib/thumb/v6-m/nofp\libstdc++.a(eh_alloc.o)
                0x1000c638                __cxa_allocate_exception
 .text.__cxa_free_exception
                0x1000c664       0x24 c:/pico_sdk_v1.5.0/gcc-arm-none-eabi/bin/../lib/gcc/arm-none-eabi/10.3.1/../../../../arm-none-eabi/lib/thumb/v6-m/nofp\libstdc++.a(eh_alloc.o)
                0x1000c664                __cxa_free_exception
 .text.startup._GLOBAL__sub_I__ZN9__gnu_cxx9__freeresEv
                0x1000c688       0x2c c:/pico_sdk_v1.5.0/gcc-arm-none-eabi/bin/../lib/gcc/arm-none-eabi/10.3.1/../../../../arm-none-eabi/lib/thumb/v6-m/nofp\libstdc++.a(eh_alloc.o)
 .text.abort    0x1000c6b4       0x10 c:/pico_sdk_v1.5.0/gcc-arm-none-eabi/bin/../lib/gcc/arm-none-eabi/10.3.1/../../../../arm-none-eabi/lib/thumb/v6-m/nofp\libg.a(lib_a-abort.o)
                0x1000c6b4                abort
 .text.fputc    0x1000c6c4       0x58 c:/pico_sdk_v1.5.0/gcc-arm-none-eabi/bin/../lib/gcc/arm-none-eabi/10.3.1/../../../../arm-none-eabi/lib/thumb/v6-m/nofp\libg.a(lib_a-fputc.o)
                0x1000c6c4                fputc
 .text._fputs_r
                0x1000c71c       0x8c c:/pico_sdk_v1.5.0/gcc-arm-none-eabi/bin/../lib/gcc/arm-none-eabi/10.3.1/../../../../arm-none-eabi/lib/thumb/v6-m/nofp\libg.a(lib_a-fputs.o)
                0x1000c71c                _fputs_r
 .text.fputs    0x1000c7a8       0x18 c:/pico_sdk_v1.5.0/gcc-arm-none-eabi/bin/../lib/gcc/arm-none-eabi/10.3.1/../../../../arm-none-eabi/lib/thumb/v6-m/nofp\libg.a(lib_a-fputs.o)
                0x1000c7a8                fputs
 .text.__sfvwrite_r
                0x1000c7c0      0x2f4 c:/pico_sdk_v1.5.0/gcc-arm-none-eabi/bin/../lib/gcc/arm-none-eabi/10.3.1/../../../../arm-none-eabi/lib/thumb/v6-m/nofp\libg.a(lib_a-fvwrite.o)
                0x1000c7c0                __sfvwrite_r
 .text._fwrite_r
                0x1000cab4       0xb0 c:/pico_sdk_v1.5.0/gcc-arm-none-eabi/bin/../lib/gcc/arm-none-eabi/10.3.1/../../../../arm-none-eabi/lib/thumb/v6-m/nofp\libg.a(lib_a-fwrite.o)
                0x1000cab4                _fwrite_r
 .text.fwrite   0x1000cb64       0x20 c:/pico_sdk_v1.5.0/gcc-arm-none-eabi/bin/../lib/gcc/arm-none-eabi/10.3.1/../../../../arm-none-eabi/lib/thumb/v6-m/nofp\libg.a(lib_a-fwrite.o)
                0x1000cb64                fwrite
 .text.__retarget_lock_init_recursive
                0x1000cb84        0x4 c:/pico_sdk_v1.5.0/gcc-arm-none-eabi/bin/../lib/gcc/arm-none-eabi/10.3.1/../../../../arm-none-eabi/lib/thumb/v6-m/nofp\libg.a(lib_a-lock.o)
                0x1000cb84                __retarget_lock_init_recursive
 .text.__retarget_lock_close_recursive
                0x1000cb88        0x4 c:/pico_sdk_v1.5.0/gcc-arm-none-eabi/bin/../lib/gcc/arm-none-eabi/10.3.1/../../../../arm-none-eabi/lib/thumb/v6-m/nofp\libg.a(lib_a-lock.o)
                0x1000cb88                __retarget_lock_close_recursive
 .text.__retarget_lock_acquire_recursive
                0x1000cb8c        0x4 c:/pico_sdk_v1.5.0/gcc-arm-none-eabi/bin/../lib/gcc/arm-none-eabi/10.3.1/../../../../arm-none-eabi/lib/thumb/v6-m/nofp\libg.a(lib_a-lock.o)
                0x1000cb8c                __retarget_lock_acquire_recursive
 .text.__retarget_lock_release_recursive
                0x1000cb90        0x4 c:/pico_sdk_v1.5.0/gcc-arm-none-eabi/bin/../lib/gcc/arm-none-eabi/10.3.1/../../../../arm-none-eabi/lib/thumb/v6-m/nofp\libg.a(lib_a-lock.o)
                0x1000cb90                __retarget_lock_release_recursive
 .text.malloc   0x1000cb94       0x14 c:/pico_sdk_v1.5.0/gcc-arm-none-eabi/bin/../lib/gcc/arm-none-eabi/10.3.1/../../../../arm-none-eabi/lib/thumb/v6-m/nofp\libg.a(lib_a-malloc.o)
                0x1000cb94                malloc
 .text.free     0x1000cba8       0x14 c:/pico_sdk_v1.5.0/gcc-arm-none-eabi/bin/../lib/gcc/arm-none-eabi/10.3.1/../../../../arm-none-eabi/lib/thumb/v6-m/nofp\libg.a(lib_a-malloc.o)
                0x1000cba8                free
 .text._malloc_r
                0x1000cbbc      0x584 c:/pico_sdk_v1.5.0/gcc-arm-none-eabi/bin/../lib/gcc/arm-none-eabi/10.3.1/../../../../arm-none-eabi/lib/thumb/v6-m/nofp\libg.a(lib_a-mallocr.o)
                0x1000cbbc                _malloc_r
 .text.memchr   0x1000d140       0x74 c:/pico_sdk_v1.5.0/gcc-arm-none-eabi/bin/../lib/gcc/arm-none-eabi/10.3.1/../../../../arm-none-eabi/lib/thumb/v6-m/nofp\libg.a(lib_a-memchr-stub.o)
                0x1000d140                memchr
 .text.memcmp   0x1000d1b4       0x48 c:/pico_sdk_v1.5.0/gcc-arm-none-eabi/bin/../lib/gcc/arm-none-eabi/10.3.1/../../../../arm-none-eabi/lib/thumb/v6-m/nofp\libg.a(lib_a-memcmp.o)
                0x1000d1b4                memcmp
 .text.memmove  0x1000d1fc       0xac c:/pico_sdk_v1.5.0/gcc-arm-none-eabi/bin/../lib/gcc/arm-none-eabi/10.3.1/../../../../arm-none-eabi/lib/thumb/v6-m/nofp\libg.a(lib_a-memmove.o)
                0x1000d1fc                memmove
 .text.__malloc_lock
                0x1000d2a8       0x10 c:/pico_sdk_v1.5.0/gcc-arm-none-eabi/bin/../lib/gcc/arm-none-eabi/10.3.1/../../../../arm-none-eabi/lib/thumb/v6-m/nofp\libg.a(lib_a-mlock.o)
                0x1000d2a8                __malloc_lock
 .text.__malloc_unlock
                0x1000d2b8       0x10 c:/pico_sdk_v1.5.0/gcc-arm-none-eabi/bin/../lib/gcc/arm-none-eabi/10.3.1/../../../../arm-none-eabi/lib/thumb/v6-m/nofp\libg.a(lib_a-mlock.o)
                0x1000d2b8                __malloc_unlock
 .text._putc_r  0x1000d2c8       0x74 c:/pico_sdk_v1.5.0/gcc-arm-none-eabi/bin/../lib/gcc/arm-none-eabi/10.3.1/../../../../arm-none-eabi/lib/thumb/v6-m/nofp\libg.a(lib_a-putc.o)
                0x1000d2c8                _putc_r
 .text.realloc  0x1000d33c       0x18 c:/pico_sdk_v1.5.0/gcc-arm-none-eabi/bin/../lib/gcc/arm-none-eabi/10.3.1/../../../../arm-none-eabi/lib/thumb/v6-m/nofp\libg.a(lib_a-realloc.o)
                0x1000d33c                realloc
 .text._realloc_r
                0x1000d354      0x354 c:/pico_sdk_v1.5.0/gcc-arm-none-eabi/bin/../lib/gcc/arm-none-eabi/10.3.1/../../../../arm-none-eabi/lib/thumb/v6-m/nofp\libg.a(lib_a-reallocr.o)
                0x1000d354                _realloc_r
 .text._sbrk_r  0x1000d6a8       0x24 c:/pico_sdk_v1.5.0/gcc-arm-none-eabi/bin/../lib/gcc/arm-none-eabi/10.3.1/../../../../arm-none-eabi/lib/thumb/v6-m/nofp\libg.a(lib_a-sbrkr.o)
                0x1000d6a8                _sbrk_r
 .text.raise    0x1000d6cc       0x60 c:/pico_sdk_v1.5.0/gcc-arm-none-eabi/bin/../lib/gcc/arm-none-eabi/10.3.1/../../../../arm-none-eabi/lib/thumb/v6-m/nofp\libg.a(lib_a-signal.o)
                0x1000d6cc                raise
 .text._kill_r  0x1000d72c       0x28 c:/pico_sdk_v1.5.0/gcc-arm-none-eabi/bin/../lib/gcc/arm-none-eabi/10.3.1/../../../../arm-none-eabi/lib/thumb/v6-m/nofp\libg.a(lib_a-signalr.o)
                0x1000d72c                _kill_r
 .text._getpid_r
                0x1000d754        0x8 c:/pico_sdk_v1.5.0/gcc-arm-none-eabi/bin/../lib/gcc/arm-none-eabi/10.3.1/../../../../arm-none-eabi/lib/thumb/v6-m/nofp\libg.a(lib_a-signalr.o)
                0x1000d754                _getpid_r
 .text          0x1000d75c       0x88 c:/pico_sdk_v1.5.0/gcc-arm-none-eabi/bin/../lib/gcc/arm-none-eabi/10.3.1/../../../../arm-none-eabi/lib/thumb/v6-m/nofp\libg.a(lib_a-strcmp.o)
                0x1000d75c                strcmp
 .text.strlen   0x1000d7e4       0x5c c:/pico_sdk_v1.5.0/gcc-arm-none-eabi/bin/../lib/gcc/arm-none-eabi/10.3.1/../../../../arm-none-eabi/lib/thumb/v6-m/nofp\libg.a(lib_a-strlen-stub.o)
                0x1000d7e4                strlen
 .text.strncmp  0x1000d840       0x74 c:/pico_sdk_v1.5.0/gcc-arm-none-eabi/bin/../lib/gcc/arm-none-eabi/10.3.1/../../../../arm-none-eabi/lib/thumb/v6-m/nofp\libg.a(lib_a-strncmp.o)
                0x1000d840                strncmp
 .text.write    0x1000d8b4       0x18 c:/pico_sdk_v1.5.0/gcc-arm-none-eabi/bin/../lib/gcc/arm-none-eabi/10.3.1/../../../../arm-none-eabi/lib/thumb/v6-m/nofp\libg.a(lib_a-syswrite.o)
                0x1000d8b4                write
 .text.__swbuf_r
                0x1000d8cc       0xc8 c:/pico_sdk_v1.5.0/gcc-arm-none-eabi/bin/../lib/gcc/arm-none-eabi/10.3.1/../../../../arm-none-eabi/lib/thumb/v6-m/nofp\libg.a(lib_a-wbuf.o)
                0x1000d8cc                __swbuf_r
 .text._write_r
                0x1000d994       0x28 c:/pico_sdk_v1.5.0/gcc-arm-none-eabi/bin/../lib/gcc/arm-none-eabi/10.3.1/../../../../arm-none-eabi/lib/thumb/v6-m/nofp\libg.a(lib_a-writer.o)
                0x1000d994                _write_r
 .text.__swsetup_r
                0x1000d9bc       0xdc c:/pico_sdk_v1.5.0/gcc-arm-none-eabi/bin/../lib/gcc/arm-none-eabi/10.3.1/../../../../arm-none-eabi/lib/thumb/v6-m/nofp\libg.a(lib_a-wsetup.o)
                0x1000d9bc                __swsetup_r
 .text.__sflush_r
                0x1000da98      0x140 c:/pico_sdk_v1.5.0/gcc-arm-none-eabi/bin/../lib/gcc/arm-none-eabi/10.3.1/../../../../arm-none-eabi/lib/thumb/v6-m/nofp\libg.a(lib_a-fflush.o)
                0x1000da98                __sflush_r
 .text._fflush_r
                0x1000dbd8       0x6c c:/pico_sdk_v1.5.0/gcc-arm-none-eabi/bin/../lib/gcc/arm-none-eabi/10.3.1/../../../../arm-none-eabi/lib/thumb/v6-m/nofp\libg.a(lib_a-fflush.o)
                0x1000dbd8                _fflush_r
 .text._cleanup_r
                0x1000dc44       0x10 c:/pico_sdk_v1.5.0/gcc-arm-none-eabi/bin/../lib/gcc/arm-none-eabi/10.3.1/../../../../arm-none-eabi/lib/thumb/v6-m/nofp\libg.a(lib_a-findfp.o)
                0x1000dc44                _cleanup_r
 .text.__sinit  0x1000dc54      0x120 c:/pico_sdk_v1.5.0/gcc-arm-none-eabi/bin/../lib/gcc/arm-none-eabi/10.3.1/../../../../arm-none-eabi/lib/thumb/v6-m/nofp\libg.a(lib_a-findfp.o)
                0x1000dc54                __sinit
 .text.__sfp_lock_acquire
                0x1000dd74       0x10 c:/pico_sdk_v1.5.0/gcc-arm-none-eabi/bin/../lib/gcc/arm-none-eabi/10.3.1/../../../../arm-none-eabi/lib/thumb/v6-m/nofp\libg.a(lib_a-findfp.o)
                0x1000dd74                __sfp_lock_acquire
 .text.__sfp_lock_release
                0x1000dd84       0x10 c:/pico_sdk_v1.5.0/gcc-arm-none-eabi/bin/../lib/gcc/arm-none-eabi/10.3.1/../../../../arm-none-eabi/lib/thumb/v6-m/nofp\libg.a(lib_a-findfp.o)
                0x1000dd84                __sfp_lock_release
 .text._malloc_trim_r
                0x1000dd94       0x9c c:/pico_sdk_v1.5.0/gcc-arm-none-eabi/bin/../lib/gcc/arm-none-eabi/10.3.1/../../../../arm-none-eabi/lib/thumb/v6-m/nofp\libg.a(lib_a-freer.o)
                0x1000dd94                _malloc_trim_r
 .text._free_r  0x1000de30      0x1c4 c:/pico_sdk_v1.5.0/gcc-arm-none-eabi/bin/../lib/gcc/arm-none-eabi/10.3.1/../../../../arm-none-eabi/lib/thumb/v6-m/nofp\libg.a(lib_a-freer.o)
                0x1000de30                _free_r
 .text._fwalk_reent
                0x1000dff4       0x48 c:/pico_sdk_v1.5.0/gcc-arm-none-eabi/bin/../lib/gcc/arm-none-eabi/10.3.1/../../../../arm-none-eabi/lib/thumb/v6-m/nofp\libg.a(lib_a-fwalk.o)
                0x1000dff4                _fwalk_reent
 .text.__smakebuf_r
                0x1000e03c       0xe4 c:/pico_sdk_v1.5.0/gcc-arm-none-eabi/bin/../lib/gcc/arm-none-eabi/10.3.1/../../../../arm-none-eabi/lib/thumb/v6-m/nofp\libg.a(lib_a-makebuf.o)
                0x1000e03c                __smakebuf_r
 .text.__sread  0x1000e120       0x28 c:/pico_sdk_v1.5.0/gcc-arm-none-eabi/bin/../lib/gcc/arm-none-eabi/10.3.1/../../../../arm-none-eabi/lib/thumb/v6-m/nofp\libg.a(lib_a-stdio.o)
                0x1000e120                __sread
 .text.__swrite
                0x1000e148       0x40 c:/pico_sdk_v1.5.0/gcc-arm-none-eabi/bin/../lib/gcc/arm-none-eabi/10.3.1/../../../../arm-none-eabi/lib/thumb/v6-m/nofp\libg.a(lib_a-stdio.o)
                0x1000e148                __swrite
 .text.__sseek  0x1000e188       0x2c c:/pico_sdk_v1.5.0/gcc-arm-none-eabi/bin/../lib/gcc/arm-none-eabi/10.3.1/../../../../arm-none-eabi/lib/thumb/v6-m/nofp\libg.a(lib_a-stdio.o)
                0x1000e188                __sseek
 .text.__sclose
                0x1000e1b4        0xc c:/pico_sdk_v1.5.0/gcc-arm-none-eabi/bin/../lib/gcc/arm-none-eabi/10.3.1/../../../../arm-none-eabi/lib/thumb/v6-m/nofp\libg.a(lib_a-stdio.o)
                0x1000e1b4                __sclose
 .text._close_r
                0x1000e1c0       0x24 c:/pico_sdk_v1.5.0/gcc-arm-none-eabi/bin/../lib/gcc/arm-none-eabi/10.3.1/../../../../arm-none-eabi/lib/thumb/v6-m/nofp\libg.a(lib_a-closer.o)
                0x1000e1c0                _close_r
 .text._fclose_r
                0x1000e1e4       0xdc c:/pico_sdk_v1.5.0/gcc-arm-none-eabi/bin/../lib/gcc/arm-none-eabi/10.3.1/../../../../arm-none-eabi/lib/thumb/v6-m/nofp\libg.a(lib_a-fclose.o)
                0x1000e1e4                _fclose_r
 .text._fstat_r
                0x1000e2c0       0x28 c:/pico_sdk_v1.5.0/gcc-arm-none-eabi/bin/../lib/gcc/arm-none-eabi/10.3.1/../../../../arm-none-eabi/lib/thumb/v6-m/nofp\libg.a(lib_a-fstatr.o)
                0x1000e2c0                _fstat_r
 .text._isatty_r
                0x1000e2e8       0x24 c:/pico_sdk_v1.5.0/gcc-arm-none-eabi/bin/../lib/gcc/arm-none-eabi/10.3.1/../../../../arm-none-eabi/lib/thumb/v6-m/nofp\libg.a(lib_a-isattyr.o)
                0x1000e2e8                _isatty_r
 .text._lseek_r
                0x1000e30c       0x28 c:/pico_sdk_v1.5.0/gcc-arm-none-eabi/bin/../lib/gcc/arm-none-eabi/10.3.1/../../../../arm-none-eabi/lib/thumb/v6-m/nofp\libg.a(lib_a-lseekr.o)
                0x1000e30c                _lseek_r
 .text._read_r  0x1000e334       0x28 c:/pico_sdk_v1.5.0/gcc-arm-none-eabi/bin/../lib/gcc/arm-none-eabi/10.3.1/../../../../arm-none-eabi/lib/thumb/v6-m/nofp\libg.a(lib_a-readr.o)
                0x1000e334                _read_r
 *(.fini)
 .fini          0x1000e35c        0x4 c:/pico_sdk_v1.5.0/gcc-arm-none-eabi/bin/../lib/gcc/arm-none-eabi/10.3.1/thumb/v6-m/nofp/crti.o
                0x1000e35c                _fini
 .fini.__stub   0x1000e360      0x100 linker stubs
 *crtbegin.o(.ctors)
 *crtbegin?.o(.ctors)
 *(EXCLUDE_FILE(*crtend.o *crtend?.o) .ctors)
 *(SORT_BY_NAME(.ctors.*))
 *(.ctors)
 *crtbegin.o(.dtors)
 *crtbegin?.o(.dtors)
 *(EXCLUDE_FILE(*crtend.o *crtend?.o) .dtors)
 *(SORT_BY_NAME(.dtors.*))
 *(.dtors)
 *(.eh_frame*)
 .eh_frame      0x1000e460        0x0 c:/pico_sdk_v1.5.0/gcc-arm-none-eabi/bin/../lib/gcc/arm-none-eabi/10.3.1/thumb/v6-m/nofp/crtbegin.o
                0x1000e460                . = ALIGN (0x4)

.glue_7         0x1000e460        0x0
 .glue_7        0x1000e460        0x0 linker stubs

.glue_7t        0x1000e460        0x0
 .glue_7t       0x1000e460        0x0 linker stubs

.vfp11_veneer   0x1000e460        0x0
 .vfp11_veneer  0x1000e460        0x0 linker stubs

.v4_bx          0x1000e460        0x0
 .v4_bx         0x1000e460        0x0 linker stubs

.iplt           0x1000e460        0x0
 .iplt          0x1000e460        0x0 c:/pico_sdk_v1.5.0/gcc-arm-none-eabi/bin/../lib/gcc/arm-none-eabi/10.3.1/thumb/v6-m/nofp/crtbegin.o

.rodata         0x1000e460     0x314c
 *(EXCLUDE_FILE(*libm.a: *libc.a:*lib_a-mem*.o *libgcc.a:) .rodata*)
 .rodata.main.str1.4
                0x1000e460       0x2b CMakeFiles/ex3_blinky_and_OLED.dir/main.cpp.obj
 *fill*         0x1000e48b        0x1 
 .rodata._ZTV8framebuf
                0x1000e48c       0x1c CMakeFiles/ex3_blinky_and_OLED.dir/main.cpp.obj
                0x1000e48c                vtable for framebuf
 .rodata._ZL3cat
                0x1000e4a8       0xc3 CMakeFiles/ex3_blinky_and_OLED.dir/main.cpp.obj
 *fill*         0x1000e56b        0x1 
 .rodata._ZL4cat2
                0x1000e56c       0xc3 CMakeFiles/ex3_blinky_and_OLED.dir/main.cpp.obj
 *fill*         0x1000e62f        0x1 
 .rodata._ZL17font_petme128_8x8
                0x1000e630      0x300 CMakeFiles/ex3_blinky_and_OLED.dir/display/framebuf.cpp.obj
 .rodata._ZTVSt16_Sp_counted_baseILN9__gnu_cxx12_Lock_policyE0EE
                0x1000e930       0x1c CMakeFiles/ex3_blinky_and_OLED.dir/display/mono_vlsb.cpp.obj
                0x1000e930                vtable for std::_Sp_counted_base<(__gnu_cxx::_Lock_policy)0>
 .rodata._ZTVSt15_Sp_counted_ptrIPhLN9__gnu_cxx12_Lock_policyE0EE
                0x1000e94c       0x1c CMakeFiles/ex3_blinky_and_OLED.dir/display/mono_vlsb.cpp.obj
                0x1000e94c                vtable for std::_Sp_counted_ptr<unsigned char*, (__gnu_cxx::_Lock_policy)0>
 .rodata._ZTV9mono_vlsb
                0x1000e968       0x1c CMakeFiles/ex3_blinky_and_OLED.dir/display/mono_vlsb.cpp.obj
                0x1000e968                vtable for mono_vlsb
 .rodata._ZTV7ssd1306
                0x1000e984       0x1c CMakeFiles/ex3_blinky_and_OLED.dir/display/ssd1306.cpp.obj
                0x1000e984                vtable for ssd1306
 .rodata.make_branch.str1.4
                0x1000e9a0       0x6e CMakeFiles/ex3_blinky_and_OLED.dir/C_/Pico_SDK_v1.5.0/pico-sdk/src/rp2_common/hardware_irq/irq.c.obj
 *fill*         0x1000ea0e        0x2 
 .rodata.insert_branch_and_link.str1.4
                0x1000ea10       0x10 CMakeFiles/ex3_blinky_and_OLED.dir/C_/Pico_SDK_v1.5.0/pico-sdk/src/rp2_common/hardware_irq/irq.c.obj
 .rodata.irq_set_exclusive_handler.str1.4
                0x1000ea20       0x36 CMakeFiles/ex3_blinky_and_OLED.dir/C_/Pico_SDK_v1.5.0/pico-sdk/src/rp2_common/hardware_irq/irq.c.obj
 *fill*         0x1000ea56        0x2 
 .rodata.irq_add_shared_handler.str1.4
                0x1000ea58       0xd9 CMakeFiles/ex3_blinky_and_OLED.dir/C_/Pico_SDK_v1.5.0/pico-sdk/src/rp2_common/hardware_irq/irq.c.obj
 *fill*         0x1000eb31        0x3 
 .rodata.irq_remove_handler.str1.4
                0x1000eb34       0x3a CMakeFiles/ex3_blinky_and_OLED.dir/C_/Pico_SDK_v1.5.0/pico-sdk/src/rp2_common/hardware_irq/irq.c.obj
 *fill*         0x1000eb6e        0x2 
 .rodata.irq_add_tail_to_free_list.str1.4
                0x1000eb70       0x3a CMakeFiles/ex3_blinky_and_OLED.dir/C_/Pico_SDK_v1.5.0/pico-sdk/src/rp2_common/hardware_irq/irq.c.obj
 *fill*         0x1000ebaa        0x2 
 .rodata.__func__.0
                0x1000ebac       0x1a CMakeFiles/ex3_blinky_and_OLED.dir/C_/Pico_SDK_v1.5.0/pico-sdk/src/rp2_common/hardware_irq/irq.c.obj
 *fill*         0x1000ebc6        0x2 
 .rodata.__func__.1
                0x1000ebc8       0x17 CMakeFiles/ex3_blinky_and_OLED.dir/C_/Pico_SDK_v1.5.0/pico-sdk/src/rp2_common/hardware_irq/irq.c.obj
 *fill*         0x1000ebdf        0x1 
 .rodata.__func__.2
                0x1000ebe0       0x13 CMakeFiles/ex3_blinky_and_OLED.dir/C_/Pico_SDK_v1.5.0/pico-sdk/src/rp2_common/hardware_irq/irq.c.obj
 *fill*         0x1000ebf3        0x1 
 .rodata.__func__.3
                0x1000ebf4        0xc CMakeFiles/ex3_blinky_and_OLED.dir/C_/Pico_SDK_v1.5.0/pico-sdk/src/rp2_common/hardware_irq/irq.c.obj
 .rodata.__func__.4
                0x1000ec00        0xf CMakeFiles/ex3_blinky_and_OLED.dir/C_/Pico_SDK_v1.5.0/pico-sdk/src/rp2_common/hardware_irq/irq.c.obj
 *fill*         0x1000ec0f        0x1 
 .rodata.__func__.6
                0x1000ec10       0x1a CMakeFiles/ex3_blinky_and_OLED.dir/C_/Pico_SDK_v1.5.0/pico-sdk/src/rp2_common/hardware_irq/irq.c.obj
 *fill*         0x1000ec2a        0x2 
 .rodata.str1.4
                0x1000ec2c       0xf1 CMakeFiles/ex3_blinky_and_OLED.dir/C_/Pico_SDK_v1.5.0/pico-sdk/src/common/pico_sync/mutex.c.obj
 *fill*         0x1000ed1d        0x3 
 .rodata.__func__.1
                0x1000ed20        0xb CMakeFiles/ex3_blinky_and_OLED.dir/C_/Pico_SDK_v1.5.0/pico-sdk/src/common/pico_sync/mutex.c.obj
 *fill*         0x1000ed2b        0x1 
 .rodata.__func__.3
                0x1000ed2c       0x18 CMakeFiles/ex3_blinky_and_OLED.dir/C_/Pico_SDK_v1.5.0/pico-sdk/src/common/pico_sync/mutex.c.obj
 .rodata.repeating_timer_callback.str1.4
                0x1000ed44       0x4c CMakeFiles/ex3_blinky_and_OLED.dir/C_/Pico_SDK_v1.5.0/pico-sdk/src/common/pico_time/time.c.obj
 .rodata.timer_pool_entry_comparator.str1.4
                0x1000ed90       0x22 CMakeFiles/ex3_blinky_and_OLED.dir/C_/Pico_SDK_v1.5.0/pico-sdk/src/common/pico_time/time.c.obj
 *fill*         0x1000edb2        0x2 
 .rodata.ph_add_child_node.str1.4
                0x1000edb4       0x96 CMakeFiles/ex3_blinky_and_OLED.dir/C_/Pico_SDK_v1.5.0/pico-sdk/src/common/pico_time/time.c.obj
 *fill*         0x1000ee4a        0x2 
 .rodata.add_alarm_under_lock.str1.4
                0x1000ee4c       0x28 CMakeFiles/ex3_blinky_and_OLED.dir/C_/Pico_SDK_v1.5.0/pico-sdk/src/common/pico_time/time.c.obj
                                 0x2b (size before relaxing)
 .rodata.alarm_pool_alarm_callback.str1.4
                0x1000ee74       0x98 CMakeFiles/ex3_blinky_and_OLED.dir/C_/Pico_SDK_v1.5.0/pico-sdk/src/common/pico_time/time.c.obj
                                 0xfc (size before relaxing)
 .rodata.alarm_pool_get_default.str1.4
                0x1000ef0c       0x21 CMakeFiles/ex3_blinky_and_OLED.dir/C_/Pico_SDK_v1.5.0/pico-sdk/src/common/pico_time/time.c.obj
 *fill*         0x1000ef2d        0x3 
 .rodata.alarm_pool_cancel_alarm.str1.4
                0x1000ef30       0x27 CMakeFiles/ex3_blinky_and_OLED.dir/C_/Pico_SDK_v1.5.0/pico-sdk/src/common/pico_time/time.c.obj
 *fill*         0x1000ef57        0x1 
 .rodata.__func__.0
                0x1000ef58       0x19 CMakeFiles/ex3_blinky_and_OLED.dir/C_/Pico_SDK_v1.5.0/pico-sdk/src/common/pico_time/time.c.obj
 *fill*         0x1000ef71        0x3 
 .rodata.__func__.1
                0x1000ef74       0x18 CMakeFiles/ex3_blinky_and_OLED.dir/C_/Pico_SDK_v1.5.0/pico-sdk/src/common/pico_time/time.c.obj
 .rodata.__func__.10
                0x1000ef8c       0x15 CMakeFiles/ex3_blinky_and_OLED.dir/C_/Pico_SDK_v1.5.0/pico-sdk/src/common/pico_time/time.c.obj
 *fill*         0x1000efa1        0x3 
 .rodata.__func__.11
                0x1000efa4       0x1a CMakeFiles/ex3_blinky_and_OLED.dir/C_/Pico_SDK_v1.5.0/pico-sdk/src/common/pico_time/time.c.obj
 *fill*         0x1000efbe        0x2 
 .rodata.__func__.12
                0x1000efc0        0xa CMakeFiles/ex3_blinky_and_OLED.dir/C_/Pico_SDK_v1.5.0/pico-sdk/src/common/pico_time/time.c.obj
 *fill*         0x1000efca        0x2 
 .rodata.__func__.3
                0x1000efcc       0x17 CMakeFiles/ex3_blinky_and_OLED.dir/C_/Pico_SDK_v1.5.0/pico-sdk/src/common/pico_time/time.c.obj
 *fill*         0x1000efe3        0x1 
 .rodata.__func__.4
                0x1000efe4       0x12 CMakeFiles/ex3_blinky_and_OLED.dir/C_/Pico_SDK_v1.5.0/pico-sdk/src/common/pico_time/time.c.obj
 *fill*         0x1000eff6        0x2 
 .rodata.__func__.5
                0x1000eff8        0xd CMakeFiles/ex3_blinky_and_OLED.dir/C_/Pico_SDK_v1.5.0/pico-sdk/src/common/pico_time/time.c.obj
 *fill*         0x1000f005        0x3 
 .rodata.__func__.6
                0x1000f008       0x12 CMakeFiles/ex3_blinky_and_OLED.dir/C_/Pico_SDK_v1.5.0/pico-sdk/src/common/pico_time/time.c.obj
 *fill*         0x1000f01a        0x2 
 .rodata.__func__.7
                0x1000f01c        0xf CMakeFiles/ex3_blinky_and_OLED.dir/C_/Pico_SDK_v1.5.0/pico-sdk/src/common/pico_time/time.c.obj
 *fill*         0x1000f02b        0x1 
 .rodata.__func__.8
                0x1000f02c        0xc CMakeFiles/ex3_blinky_and_OLED.dir/C_/Pico_SDK_v1.5.0/pico-sdk/src/common/pico_time/time.c.obj
 .rodata.__func__.9
                0x1000f038       0x15 CMakeFiles/ex3_blinky_and_OLED.dir/C_/Pico_SDK_v1.5.0/pico-sdk/src/common/pico_time/time.c.obj
 *fill*         0x1000f04d        0x3 
 .rodata.at_the_end_of_time
                0x1000f050        0x8 CMakeFiles/ex3_blinky_and_OLED.dir/C_/Pico_SDK_v1.5.0/pico-sdk/src/common/pico_time/time.c.obj
                0x1000f050                at_the_end_of_time
 .rodata.hardware_alarm_claim.str1.4
                0x1000f058       0x22 CMakeFiles/ex3_blinky_and_OLED.dir/C_/Pico_SDK_v1.5.0/pico-sdk/src/rp2_common/hardware_timer/timer.c.obj
 .rodata.busy_wait_us.str1.4
                0x1000f07a       0x62 CMakeFiles/ex3_blinky_and_OLED.dir/C_/Pico_SDK_v1.5.0/pico-sdk/src/rp2_common/hardware_timer/timer.c.obj
 *fill*         0x1000f07a        0x2 
 .rodata.hardware_alarm_set_target.str1.4
                0x1000f07c       0x66 CMakeFiles/ex3_blinky_and_OLED.dir/C_/Pico_SDK_v1.5.0/pico-sdk/src/rp2_common/hardware_timer/timer.c.obj
 *fill*         0x1000f0e2        0x2 
 .rodata.__func__.0
                0x1000f0e4       0x1a CMakeFiles/ex3_blinky_and_OLED.dir/C_/Pico_SDK_v1.5.0/pico-sdk/src/rp2_common/hardware_timer/timer.c.obj
 *fill*         0x1000f0fe        0x2 
 .rodata.__func__.1
                0x1000f100       0x15 CMakeFiles/ex3_blinky_and_OLED.dir/C_/Pico_SDK_v1.5.0/pico-sdk/src/rp2_common/hardware_timer/timer.c.obj
 .rodata.ph_add_child_node.str1.4
                0x1000f115       0x96 CMakeFiles/ex3_blinky_and_OLED.dir/C_/Pico_SDK_v1.5.0/pico-sdk/src/common/pico_util/pheap.c.obj
 *fill*         0x1000f115        0x3 
 .rodata.ph_remove_any_head.str1.4
                0x1000f118       0x90 CMakeFiles/ex3_blinky_and_OLED.dir/C_/Pico_SDK_v1.5.0/pico-sdk/src/common/pico_util/pheap.c.obj
                                 0xa4 (size before relaxing)
 .rodata.ph_remove_and_free_node.str1.4
                0x1000f1a8       0x1e CMakeFiles/ex3_blinky_and_OLED.dir/C_/Pico_SDK_v1.5.0/pico-sdk/src/common/pico_util/pheap.c.obj
                                 0x26 (size before relaxing)
 *fill*         0x1000f1c6        0x2 
 .rodata.__func__.0
                0x1000f1c8       0x18 CMakeFiles/ex3_blinky_and_OLED.dir/C_/Pico_SDK_v1.5.0/pico-sdk/src/common/pico_util/pheap.c.obj
 .rodata.__func__.1
                0x1000f1e0       0x13 CMakeFiles/ex3_blinky_and_OLED.dir/C_/Pico_SDK_v1.5.0/pico-sdk/src/common/pico_util/pheap.c.obj
 *fill*         0x1000f1f3        0x1 
 .rodata.__func__.2
                0x1000f1f4       0x12 CMakeFiles/ex3_blinky_and_OLED.dir/C_/Pico_SDK_v1.5.0/pico-sdk/src/common/pico_util/pheap.c.obj
 *fill*         0x1000f206        0x2 
 .rodata.__func__.3
                0x1000f208        0xc CMakeFiles/ex3_blinky_and_OLED.dir/C_/Pico_SDK_v1.5.0/pico-sdk/src/common/pico_util/pheap.c.obj
 .rodata.clock_configure.str1.4
                0x1000f214       0x58 CMakeFiles/ex3_blinky_and_OLED.dir/C_/Pico_SDK_v1.5.0/pico-sdk/src/rp2_common/hardware_clocks/clocks.c.obj
 .rodata.__func__.1
                0x1000f26c       0x10 CMakeFiles/ex3_blinky_and_OLED.dir/C_/Pico_SDK_v1.5.0/pico-sdk/src/rp2_common/hardware_clocks/clocks.c.obj
 .rodata.pll_init.str1.4
                0x1000f27c      0x123 CMakeFiles/ex3_blinky_and_OLED.dir/C_/Pico_SDK_v1.5.0/pico-sdk/src/rp2_common/hardware_pll/pll.c.obj
 *fill*         0x1000f39f        0x1 
 .rodata.__func__.0
                0x1000f3a0        0x9 CMakeFiles/ex3_blinky_and_OLED.dir/C_/Pico_SDK_v1.5.0/pico-sdk/src/rp2_common/hardware_pll/pll.c.obj
 *fill*         0x1000f3a9        0x3 
 .rodata.__assert_func.str1.4
                0x1000f3ac       0x3f CMakeFiles/ex3_blinky_and_OLED.dir/C_/Pico_SDK_v1.5.0/pico-sdk/src/rp2_common/pico_runtime/runtime.c.obj
                                 0x43 (size before relaxing)
 *fill*         0x1000f3eb        0x1 
 .rodata.runtime_init.str1.4
                0x1000f3ec       0x62 CMakeFiles/ex3_blinky_and_OLED.dir/C_/Pico_SDK_v1.5.0/pico-sdk/src/rp2_common/pico_runtime/runtime.c.obj
 *fill*         0x1000f44e        0x2 
 .rodata.panic.str1.4
                0x1000f450       0x10 CMakeFiles/ex3_blinky_and_OLED.dir/C_/Pico_SDK_v1.5.0/pico-sdk/src/rp2_common/pico_runtime/runtime.c.obj
                                 0x12 (size before relaxing)
 .rodata.__func__.2
                0x1000f460        0xd CMakeFiles/ex3_blinky_and_OLED.dir/C_/Pico_SDK_v1.5.0/pico-sdk/src/rp2_common/pico_runtime/runtime.c.obj
 *fill*         0x1000f46d        0x3 
 .rodata._ftoa.str1.4
                0x1000f470       0x15 CMakeFiles/ex3_blinky_and_OLED.dir/C_/Pico_SDK_v1.5.0/pico-sdk/src/rp2_common/pico_printf/printf.c.obj
 *fill*         0x1000f485        0x3 
 .rodata._vsnprintf
                0x1000f488      0x1e0 CMakeFiles/ex3_blinky_and_OLED.dir/C_/Pico_SDK_v1.5.0/pico-sdk/src/rp2_common/pico_printf/printf.c.obj
 .rodata.pow10.0
                0x1000f668       0x50 CMakeFiles/ex3_blinky_and_OLED.dir/C_/Pico_SDK_v1.5.0/pico-sdk/src/rp2_common/pico_printf/printf.c.obj
 .rodata.missing_double_func_shim.str1.4
                0x1000f6b8       0x18 CMakeFiles/ex3_blinky_and_OLED.dir/C_/Pico_SDK_v1.5.0/pico-sdk/src/rp2_common/pico_double/double_init_rom.c.obj
 .rodata.__aeabi_double_init.str1.4
                0x1000f6d0       0xa9 CMakeFiles/ex3_blinky_and_OLED.dir/C_/Pico_SDK_v1.5.0/pico-sdk/src/rp2_common/pico_double/double_init_rom.c.obj
 *fill*         0x1000f779        0x3 
 .rodata.__func__.0
                0x1000f77c       0x14 CMakeFiles/ex3_blinky_and_OLED.dir/C_/Pico_SDK_v1.5.0/pico-sdk/src/rp2_common/pico_double/double_init_rom.c.obj
 .rodata.missing_float_func_shim.str1.4
                0x1000f790        0x1 CMakeFiles/ex3_blinky_and_OLED.dir/C_/Pico_SDK_v1.5.0/pico-sdk/src/rp2_common/pico_float/float_init_rom.c.obj
 .rodata.__aeabi_float_init.str1.4
                0x1000f790       0x7b CMakeFiles/ex3_blinky_and_OLED.dir/C_/Pico_SDK_v1.5.0/pico-sdk/src/rp2_common/pico_float/float_init_rom.c.obj
 *fill*         0x1000f80b        0x1 
 .rodata.__func__.0
                0x1000f80c       0x13 CMakeFiles/ex3_blinky_and_OLED.dir/C_/Pico_SDK_v1.5.0/pico-sdk/src/rp2_common/pico_float/float_init_rom.c.obj
 *fill*         0x1000f81f        0x1 
 .rodata.__wrap_malloc.str1.4
                0x1000f820        0xe CMakeFiles/ex3_blinky_and_OLED.dir/C_/Pico_SDK_v1.5.0/pico-sdk/src/rp2_common/pico_malloc/pico_malloc.c.obj
 *fill*         0x1000f82e        0x2 
 .rodata.str1.4
                0x1000f830       0x48 CMakeFiles/ex3_blinky_and_OLED.dir/C_/Pico_SDK_v1.5.0/pico-sdk/src/rp2_common/pico_standard_link/binary_info.c.obj
 .rodata.__bi_44
                0x1000f878        0xc CMakeFiles/ex3_blinky_and_OLED.dir/C_/Pico_SDK_v1.5.0/pico-sdk/src/rp2_common/pico_standard_link/binary_info.c.obj
 .rodata.__bi_75
                0x1000f884        0xc CMakeFiles/ex3_blinky_and_OLED.dir/C_/Pico_SDK_v1.5.0/pico-sdk/src/rp2_common/pico_standard_link/binary_info.c.obj
 .rodata.__bi_81
                0x1000f890        0xc CMakeFiles/ex3_blinky_and_OLED.dir/C_/Pico_SDK_v1.5.0/pico-sdk/src/rp2_common/pico_standard_link/binary_info.c.obj
 .rodata.stdout_serialize_begin.str1.4
                0x1000f89c       0x62 CMakeFiles/ex3_blinky_and_OLED.dir/C_/Pico_SDK_v1.5.0/pico-sdk/src/rp2_common/pico_stdio/stdio.c.obj
 .rodata.__func__.3
                0x1000f89c       0x15 CMakeFiles/ex3_blinky_and_OLED.dir/C_/Pico_SDK_v1.5.0/pico-sdk/src/rp2_common/pico_stdio/stdio.c.obj
 *fill*         0x1000f8b1        0x3 
 .rodata.crlf_str.2
                0x1000f8b4        0x2 CMakeFiles/ex3_blinky_and_OLED.dir/C_/Pico_SDK_v1.5.0/pico-sdk/src/rp2_common/pico_stdio/stdio.c.obj
 *fill*         0x1000f8b6        0x2 
 .rodata.str1.4
                0x1000f8b8       0x2c CMakeFiles/ex3_blinky_and_OLED.dir/C_/Pico_SDK_v1.5.0/pico-sdk/src/rp2_common/pico_stdio_uart/stdio_uart.c.obj
 .rodata.__bi_33.4
                0x1000f8e4        0xc CMakeFiles/ex3_blinky_and_OLED.dir/C_/Pico_SDK_v1.5.0/pico-sdk/src/rp2_common/pico_stdio_uart/stdio_uart.c.obj
 .rodata.__bi_34.5
                0x1000f8f0        0x8 CMakeFiles/ex3_blinky_and_OLED.dir/C_/Pico_SDK_v1.5.0/pico-sdk/src/rp2_common/pico_stdio_uart/stdio_uart.c.obj
 .rodata.i2c_set_baudrate.str1.4
                0x1000f8f8       0x5e CMakeFiles/ex3_blinky_and_OLED.dir/C_/Pico_SDK_v1.5.0/pico-sdk/src/rp2_common/hardware_i2c/i2c.c.obj
 *fill*         0x1000f956        0x2 
 .rodata.__func__.0
                0x1000f958       0x11 CMakeFiles/ex3_blinky_and_OLED.dir/C_/Pico_SDK_v1.5.0/pico-sdk/src/rp2_common/hardware_i2c/i2c.c.obj
 *fill*         0x1000f969        0x3 
 .rodata.__cxa_pure_virtual.str1.4
                0x1000f96c       0x1c c:/pico_sdk_v1.5.0/gcc-arm-none-eabi/bin/../lib/gcc/arm-none-eabi/10.3.1/../../../../arm-none-eabi/lib/thumb/v6-m/nofp\libstdc++.a(pure.o)
 .rodata._ZN9__gnu_cxx27__verbose_terminate_handlerEv.str1.4
                0x1000f988       0x94 c:/pico_sdk_v1.5.0/gcc-arm-none-eabi/bin/../lib/gcc/arm-none-eabi/10.3.1/../../../../arm-none-eabi/lib/thumb/v6-m/nofp\libstdc++.a(vterminate.o)
 .rodata        0x1000fa1c     0x1144 c:/pico_sdk_v1.5.0/gcc-arm-none-eabi/bin/../lib/gcc/arm-none-eabi/10.3.1/../../../../arm-none-eabi/lib/thumb/v6-m/nofp\libstdc++.a(cp-demangle.o)
 .rodata.str1.4
                0x10010b60      0x88d c:/pico_sdk_v1.5.0/gcc-arm-none-eabi/bin/../lib/gcc/arm-none-eabi/10.3.1/../../../../arm-none-eabi/lib/thumb/v6-m/nofp\libstdc++.a(cp-demangle.o)
                                0x8e9 (size before relaxing)
 *fill*         0x100113ed        0x3 
 .rodata._ZNKSt13bad_exception4whatEv.str1.4
                0x100113f0       0x13 c:/pico_sdk_v1.5.0/gcc-arm-none-eabi/bin/../lib/gcc/arm-none-eabi/10.3.1/../../../../arm-none-eabi/lib/thumb/v6-m/nofp\libstdc++.a(eh_exception.o)
 *fill*         0x10011403        0x1 
 .rodata._ZTIN10__cxxabiv115__forced_unwindE
                0x10011404        0x8 c:/pico_sdk_v1.5.0/gcc-arm-none-eabi/bin/../lib/gcc/arm-none-eabi/10.3.1/../../../../arm-none-eabi/lib/thumb/v6-m/nofp\libstdc++.a(eh_exception.o)
                0x10011404                typeinfo for __cxxabiv1::__forced_unwind
 .rodata._ZTIN10__cxxabiv119__foreign_exceptionE
                0x1001140c        0x8 c:/pico_sdk_v1.5.0/gcc-arm-none-eabi/bin/../lib/gcc/arm-none-eabi/10.3.1/../../../../arm-none-eabi/lib/thumb/v6-m/nofp\libstdc++.a(eh_exception.o)
                0x1001140c                typeinfo for __cxxabiv1::__foreign_exception
 .rodata._ZTISt13bad_exception
                0x10011414        0xc c:/pico_sdk_v1.5.0/gcc-arm-none-eabi/bin/../lib/gcc/arm-none-eabi/10.3.1/../../../../arm-none-eabi/lib/thumb/v6-m/nofp\libstdc++.a(eh_exception.o)
                0x10011414                typeinfo for std::bad_exception
 .rodata._ZTISt9exception
                0x10011420        0x8 c:/pico_sdk_v1.5.0/gcc-arm-none-eabi/bin/../lib/gcc/arm-none-eabi/10.3.1/../../../../arm-none-eabi/lib/thumb/v6-m/nofp\libstdc++.a(eh_exception.o)
                0x10011420                typeinfo for std::exception
 .rodata._ZTSN10__cxxabiv115__forced_unwindE
                0x10011428       0x20 c:/pico_sdk_v1.5.0/gcc-arm-none-eabi/bin/../lib/gcc/arm-none-eabi/10.3.1/../../../../arm-none-eabi/lib/thumb/v6-m/nofp\libstdc++.a(eh_exception.o)
                0x10011428                typeinfo name for __cxxabiv1::__forced_unwind
 .rodata._ZTSN10__cxxabiv119__foreign_exceptionE
                0x10011448       0x24 c:/pico_sdk_v1.5.0/gcc-arm-none-eabi/bin/../lib/gcc/arm-none-eabi/10.3.1/../../../../arm-none-eabi/lib/thumb/v6-m/nofp\libstdc++.a(eh_exception.o)
                0x10011448                typeinfo name for __cxxabiv1::__foreign_exception
 .rodata._ZTSSt13bad_exception
                0x1001146c       0x12 c:/pico_sdk_v1.5.0/gcc-arm-none-eabi/bin/../lib/gcc/arm-none-eabi/10.3.1/../../../../arm-none-eabi/lib/thumb/v6-m/nofp\libstdc++.a(eh_exception.o)
                0x1001146c                typeinfo name for std::bad_exception
 *fill*         0x1001147e        0x2 
 .rodata._ZTSSt9exception
                0x10011480        0xd c:/pico_sdk_v1.5.0/gcc-arm-none-eabi/bin/../lib/gcc/arm-none-eabi/10.3.1/../../../../arm-none-eabi/lib/thumb/v6-m/nofp\libstdc++.a(eh_exception.o)
                0x10011480                typeinfo name for std::exception